--------------------------------------------------------------------------------------
Slow Model Timing Analyzer Summary
--------------------------------------------------------------------------------------

Type           : Worst-case tsu
Slack          : N/A
Required Time  : None
Actual Time    : 14.871 ns
From           : lvds_sync
To             : frame_timing:frame_timing_slave|frame_timing_core:ftc|sync_temp
From Clock     : --
To Clock       : inclk
Failed Paths   : 0

Type           : Worst-case tco
Slack          : N/A
Required Time  : None
Actual Time    : 9.833 ns
From           : fpga_thermo:fpga_thermo0|smb_master:master2|us_timer:smb_timer|us_count[9]
To             : smb_data
From Clock     : inclk
To Clock       : --
Failed Paths   : 0

Type           : Worst-case tpd
Slack          : N/A
Required Time  : None
Actual Time    : 10.649 ns
From           : ttl_nrx1
To             : dac_nclr
From Clock     : --
To Clock       : --
Failed Paths   : 0

Type           : Worst-case th
Slack          : N/A
Required Time  : None
Actual Time    : -4.839 ns
From           : card_id
To             : id_thermo:id_thermo0|one_wire_master:master|shift_reg:rx_data_reg|reg[7]
From Clock     : --
To Clock       : inclk
Failed Paths   : 0

Type           : Slow Model Clock Setup: 'bc_pll:pll0|altpll:altpll_component|_clk0'
Slack          : 3.951 ns
Required Time  : 50.00 MHz ( period = 20.000 ns )
Actual Time    : 62.31 MHz ( period = 16.049 ns )
From           : dispatch:cmd0|dispatch_wishbone:wishbone|pres_state.WB_CYCLE
To             : dispatch:cmd0|altsyncram:buf|altsyncram_jis3:auto_generated|ram_block1a8~porta_datain_reg1
From Clock     : bc_pll:pll0|altpll:altpll_component|_clk0
To Clock       : bc_pll:pll0|altpll:altpll_component|_clk0
Failed Paths   : 0

Type           : Slow Model Clock Setup: 'bc_pll:pll0|altpll:altpll_component|_clk1'
Slack          : 4.493 ns
Required Time  : 100.00 MHz ( period = 10.000 ns )
Actual Time    : 181.59 MHz ( period = 5.507 ns )
From           : dispatch:cmd0|dispatch_cmd_receive:receiver|lvds_rx:cmd_rx|dcfifo:data_buffer|dcfifo_fd12:auto_generated|alt_sync_fifo_qcj:sync_fifo|cntr_aua:cntr1|safe_q[1]
To             : dispatch:cmd0|dispatch_cmd_receive:receiver|lvds_rx:cmd_rx|dcfifo:data_buffer|dcfifo_fd12:auto_generated|alt_sync_fifo_qcj:sync_fifo|dpram_t441:dpram4|altsyncram_6rh1:altsyncram14|ram_block15a20~porta_datain_reg13
From Clock     : bc_pll:pll0|altpll:altpll_component|_clk1
To Clock       : bc_pll:pll0|altpll:altpll_component|_clk1
Failed Paths   : 0

Type           : Slow Model Clock Setup: 'bc_pll:pll0|altpll:altpll_component|_clk3'
Slack          : 13.775 ns
Required Time  : 25.00 MHz ( period = 40.000 ns )
Actual Time    : N/A
From           : bc_dac_ctrl:bc_dac_ctrl_slave|bc_dac_ctrl_wbs:bcdc_wbs|ram_16x64:\ram_bank:20:flux_fb_mux_ram|alt3pram:alt3pram_component|altdpram:altdpram_component1|altsyncram:ram_block|altsyncram_blo1:auto_generated|ram_block1a15~portb_address_reg5
To             : bc_dac_ctrl:bc_dac_ctrl_slave|bc_dac_ctrl_core:bcdc_core|spi_dac_ctrl:\gen_spi_flux_fb:20:spi_dac_ctrl_i|spi_if:i_spi_if|data_reg[15]
From Clock     : bc_pll:pll0|altpll:altpll_component|_clk0
To Clock       : bc_pll:pll0|altpll:altpll_component|_clk3
Failed Paths   : 0

Type           : Slow Model Clock Hold: 'bc_pll:pll0|altpll:altpll_component|_clk3'
Slack          : 0.538 ns
Required Time  : 25.00 MHz ( period = 40.000 ns )
Actual Time    : N/A
From           : bc_dac_ctrl:bc_dac_ctrl_slave|bc_dac_ctrl_core:bcdc_core|spi_dac_ctrl:\gen_spi_flux_fb:6:spi_dac_ctrl_i|spi_if:i_spi_if|data_reg[14]
To             : bc_dac_ctrl:bc_dac_ctrl_slave|bc_dac_ctrl_core:bcdc_core|spi_dac_ctrl:\gen_spi_flux_fb:6:spi_dac_ctrl_i|spi_if:i_spi_if|data_reg[15]
From Clock     : bc_pll:pll0|altpll:altpll_component|_clk3
To Clock       : bc_pll:pll0|altpll:altpll_component|_clk3
Failed Paths   : 0

Type           : Slow Model Clock Hold: 'bc_pll:pll0|altpll:altpll_component|_clk0'
Slack          : 0.540 ns
Required Time  : 50.00 MHz ( period = 20.000 ns )
Actual Time    : N/A
From           : dispatch:cmd0|dispatch_cmd_receive:receiver|lvds_rx:cmd_rx|dcfifo:data_buffer|dcfifo_fd12:auto_generated|alt_sync_fifo_qcj:sync_fifo|dffe7a[2]
To             : dispatch:cmd0|dispatch_cmd_receive:receiver|lvds_rx:cmd_rx|dcfifo:data_buffer|dcfifo_fd12:auto_generated|alt_sync_fifo_qcj:sync_fifo|dffe8a[2]
From Clock     : bc_pll:pll0|altpll:altpll_component|_clk1
To Clock       : bc_pll:pll0|altpll:altpll_component|_clk0
Failed Paths   : 0

Type           : Slow Model Clock Hold: 'bc_pll:pll0|altpll:altpll_component|_clk1'
Slack          : 0.551 ns
Required Time  : 100.00 MHz ( period = 10.000 ns )
Actual Time    : N/A
From           : dispatch:cmd0|dispatch_cmd_receive:receiver|lvds_rx:cmd_rx|lvds_temp
To             : dispatch:cmd0|dispatch_cmd_receive:receiver|lvds_rx:cmd_rx|lvds
From Clock     : bc_pll:pll0|altpll:altpll_component|_clk1
To Clock       : bc_pll:pll0|altpll:altpll_component|_clk1
Failed Paths   : 0

Type           : Total number of failed paths
Slack          : 
Required Time  : 
Actual Time    : 
From           : 
To             : 
From Clock     : 
To Clock       : 
Failed Paths   : 0

--------------------------------------------------------------------------------------

