--------------------------------------------------------------------------------------
Slow Model Timing Analyzer Summary
--------------------------------------------------------------------------------------

Type           : Worst-case tsu
Slack          : N/A
Required Time  : None
Actual Time    : 15.576 ns
From           : lvds_sync
To             : frame_timing:frame_timing_slave|frame_timing_core:ftc|sync_temp
From Clock     : --
To Clock       : inclk
Failed Paths   : 0

Type           : Worst-case tco
Slack          : N/A
Required Time  : None
Actual Time    : 10.147 ns
From           : fpga_thermo:fpga_thermo0|smb_master:master2|us_timer:smb_timer|us_count[10]
To             : smb_clk
From Clock     : inclk
To Clock       : --
Failed Paths   : 0

Type           : Worst-case tpd
Slack          : N/A
Required Time  : None
Actual Time    : 11.650 ns
From           : rst_n
To             : dac_nclr
From Clock     : --
To Clock       : --
Failed Paths   : 0

Type           : Worst-case th
Slack          : N/A
Required Time  : None
Actual Time    : -4.304 ns
From           : lvds_cmd
To             : dispatch:cmd0|dispatch_cmd_receive:receiver|lvds_rx:cmd_rx|lvds_temp
From Clock     : --
To Clock       : inclk
Failed Paths   : 0

Type           : Slow Model Clock Setup: 'bc_pll:pll0|altpll:altpll_component|_clk1'
Slack          : 4.533 ns
Required Time  : 100.00 MHz ( period = 10.000 ns )
Actual Time    : 182.92 MHz ( period = 5.467 ns )
From           : dispatch:cmd0|dispatch_cmd_receive:receiver|lvds_rx:cmd_rx|dcfifo:data_buffer|dcfifo_fd12:auto_generated|alt_sync_fifo_qcj:sync_fifo|cntr_aua:cntr1|safe_q[0]_RTM012
To             : dispatch:cmd0|dispatch_cmd_receive:receiver|lvds_rx:cmd_rx|dcfifo:data_buffer|dcfifo_fd12:auto_generated|alt_sync_fifo_qcj:sync_fifo|cntr_aua:cntr1|safe_q[0]_RTM012
From Clock     : bc_pll:pll0|altpll:altpll_component|_clk1
To Clock       : bc_pll:pll0|altpll:altpll_component|_clk1
Failed Paths   : 0

Type           : Slow Model Clock Setup: 'bc_pll:pll0|altpll:altpll_component|_clk0'
Slack          : 5.498 ns
Required Time  : 50.00 MHz ( period = 20.000 ns )
Actual Time    : 111.06 MHz ( period = 9.004 ns )
From           : dispatch:cmd0|dispatch_reply_transmit:transmitter|lvds_tx:reply_tx_a|fifo:data_buffer|altsyncram:fifo_storage|altsyncram_tpb1:auto_generated|ram_block1a18~portb_address_reg3
To             : dispatch:cmd0|dispatch_reply_transmit:transmitter|lvds_tx:reply_tx_a|shift_reg:tx_buffer|reg[20]
From Clock     : bc_pll:pll0|altpll:altpll_component|_clk0
To Clock       : bc_pll:pll0|altpll:altpll_component|_clk0
Failed Paths   : 0

Type           : Slow Model Clock Setup: 'bc_pll:pll0|altpll:altpll_component|_clk3'
Slack          : 16.781 ns
Required Time  : 25.00 MHz ( period = 40.000 ns )
Actual Time    : N/A
From           : bc_dac_ctrl:bc_dac_ctrl_slave|bc_dac_ctrl_core:bcdc_core|flux_fb_data_temp[30][15]
To             : bc_dac_ctrl:bc_dac_ctrl_slave|bc_dac_ctrl_core:bcdc_core|spi_dac_ctrl:\gen_spi_flux_fb:30:spi_dac_ctrl_i|spi_if:i_spi_if|data_reg[15]
From Clock     : bc_pll:pll0|altpll:altpll_component|_clk0
To Clock       : bc_pll:pll0|altpll:altpll_component|_clk3
Failed Paths   : 0

Type           : Slow Model Clock Hold: 'bc_pll:pll0|altpll:altpll_component|_clk0'
Slack          : 0.445 ns
Required Time  : 50.00 MHz ( period = 20.000 ns )
Actual Time    : N/A
From           : bc_dac_ctrl:bc_dac_ctrl_slave|bc_dac_ctrl_core:bcdc_core|\rd_ln_bias_mem:i[3]
To             : bc_dac_ctrl:bc_dac_ctrl_slave|bc_dac_ctrl_core:bcdc_core|\rd_ln_bias_mem:i[3]
From Clock     : bc_pll:pll0|altpll:altpll_component|_clk0
To Clock       : bc_pll:pll0|altpll:altpll_component|_clk0
Failed Paths   : 0

Type           : Slow Model Clock Hold: 'bc_pll:pll0|altpll:altpll_component|_clk3'
Slack          : 0.539 ns
Required Time  : 25.00 MHz ( period = 40.000 ns )
Actual Time    : N/A
From           : bc_dac_ctrl:bc_dac_ctrl_slave|bc_dac_ctrl_core:bcdc_core|spi_dac_ctrl:\gen_spi_flux_fb:25:spi_dac_ctrl_i|spi_if:i_spi_if|data_reg[15]
To             : bc_dac_ctrl:bc_dac_ctrl_slave|bc_dac_ctrl_core:bcdc_core|spi_dac_ctrl:\gen_spi_flux_fb:25:spi_dac_ctrl_i|spi_if:i_spi_if|spi_sdat_o
From Clock     : bc_pll:pll0|altpll:altpll_component|_clk3
To Clock       : bc_pll:pll0|altpll:altpll_component|_clk3
Failed Paths   : 0

Type           : Slow Model Clock Hold: 'bc_pll:pll0|altpll:altpll_component|_clk1'
Slack          : 0.670 ns
Required Time  : 100.00 MHz ( period = 10.000 ns )
Actual Time    : N/A
From           : dispatch:cmd0|dispatch_cmd_receive:receiver|lvds_rx:cmd_rx|shift_reg:rx_buffer|reg[9]
To             : dispatch:cmd0|dispatch_cmd_receive:receiver|lvds_rx:cmd_rx|shift_reg:rx_buffer|reg[8]
From Clock     : bc_pll:pll0|altpll:altpll_component|_clk1
To Clock       : bc_pll:pll0|altpll:altpll_component|_clk1
Failed Paths   : 0

Type           : Total number of failed paths
Slack          : 
Required Time  : 
Actual Time    : 
From           : 
To             : 
From Clock     : 
To Clock       : 
Failed Paths   : 0

--------------------------------------------------------------------------------------

