------------------------------------------------------------
TimeQuest Timing Analyzer Summary
------------------------------------------------------------

Type  : Slow Model Setup 'rc_pll:i_rc_pll|altpll:altpll_component|_clk0'
Slack : 1.039
TNS   : 0.000

Type  : Slow Model Setup 'rc_pll:i_rc_pll|altpll:altpll_component|_clk2'
Slack : 3.542
TNS   : 0.000

Type  : Slow Model Setup 'rc_pll:i_rc_pll|altpll:altpll_component|_clk3'
Slack : 17.089
TNS   : 0.000

Type  : Slow Model Hold 'rc_pll:i_rc_pll|altpll:altpll_component|_clk0'
Slack : 0.741
TNS   : 0.000

Type  : Slow Model Hold 'rc_pll:i_rc_pll|altpll:altpll_component|_clk3'
Slack : 0.759
TNS   : 0.000

Type  : Slow Model Hold 'rc_pll:i_rc_pll|altpll:altpll_component|_clk2'
Slack : 0.881
TNS   : 0.000

Type  : Slow Model Minimum Pulse Width 'rc_pll:i_rc_pll|altpll:altpll_component|_clk2'
Slack : 3.889
TNS   : 0.000

Type  : Slow Model Minimum Pulse Width 'rc_pll:i_rc_pll|altpll:altpll_component|_clk0'
Slack : 8.889
TNS   : 0.000

Type  : Slow Model Minimum Pulse Width 'rc_pll:i_rc_pll|altpll:altpll_component|_clk4'
Slack : 8.889
TNS   : 0.000

Type  : Slow Model Minimum Pulse Width 'inclk'
Slack : 20.000
TNS   : 0.000

Type  : Slow Model Minimum Pulse Width 'rc_pll:i_rc_pll|altpll:altpll_component|_clk3'
Slack : 38.889
TNS   : 0.000

Type  : Fast Model Setup 'rc_pll:i_rc_pll|altpll:altpll_component|_clk0'
Slack : 4.699
TNS   : 0.000

Type  : Fast Model Setup 'rc_pll:i_rc_pll|altpll:altpll_component|_clk2'
Slack : 6.730
TNS   : 0.000

Type  : Fast Model Setup 'rc_pll:i_rc_pll|altpll:altpll_component|_clk3'
Slack : 18.563
TNS   : 0.000

Type  : Fast Model Hold 'rc_pll:i_rc_pll|altpll:altpll_component|_clk0'
Slack : -1.437
TNS   : -11.326

Type  : Fast Model Hold 'rc_pll:i_rc_pll|altpll:altpll_component|_clk3'
Slack : 0.366
TNS   : 0.000

Type  : Fast Model Hold 'rc_pll:i_rc_pll|altpll:altpll_component|_clk2'
Slack : 0.410
TNS   : 0.000

Type  : Fast Model Minimum Pulse Width 'rc_pll:i_rc_pll|altpll:altpll_component|_clk2'
Slack : 4.000
TNS   : 0.000

Type  : Fast Model Minimum Pulse Width 'rc_pll:i_rc_pll|altpll:altpll_component|_clk0'
Slack : 9.000
TNS   : 0.000

Type  : Fast Model Minimum Pulse Width 'rc_pll:i_rc_pll|altpll:altpll_component|_clk4'
Slack : 9.000
TNS   : 0.000

Type  : Fast Model Minimum Pulse Width 'inclk'
Slack : 20.000
TNS   : 0.000

Type  : Fast Model Minimum Pulse Width 'rc_pll:i_rc_pll|altpll:altpll_component|_clk3'
Slack : 39.000
TNS   : 0.000

------------------------------------------------------------
