--------------------------------------------------------------------------------------
Timing Analyzer Summary
--------------------------------------------------------------------------------------

Type           : Worst-case tsu
Slack          : N/A
Required Time  : None
Actual Time    : 18.102 ns
From           : rst_n
To             : issue_reply:issue_reply0|cmd_queue:i_cmd_queue|cmd_queue_ram40:cmd_queue_ram40_inst|alt3pram:alt3pram_component|altdpram:altdpram_component2|altsyncram:ram_block|altsyncram_akf1:auto_generated|ram_block1a23~porta_datain_reg11
From Clock     : 
To Clock       : inclk
Failed Paths   : 0

Type           : Worst-case tco
Slack          : N/A
Required Time  : None
Actual Time    : 10.157 ns
From           : issue_reply:issue_reply0|cmd_queue:i_cmd_queue|lvds_tx:cmd_tx2|async_tx:transmit|shift_reg:tx_databuf|reg[0]
To             : lvds_cmd
From Clock     : inclk
To Clock       : 
Failed Paths   : 0

Type           : Worst-case tpd
Slack          : N/A
Required Time  : None
Actual Time    : 2.404 ns
From           : altera_internal_jtag~TDO
To             : altera_reserved_tdo
From Clock     : 
To Clock       : 
Failed Paths   : 0

Type           : Worst-case th
Slack          : N/A
Required Time  : None
Actual Time    : 2.879 ns
From           : altera_internal_jtag
To             : sld_signaltap:auto_signaltap_0|bypass_reg_out
From Clock     : 
To Clock       : altera_internal_jtag~TCKUTAP
Failed Paths   : 0

Type           : Worst-case Minimum tco
Slack          : N/A
Required Time  : None
Actual Time    : 1.053 ns
From           : cc_pll:pll0|altpll:altpll_component|_extclk2
To             : lvds_clk
From Clock     : inclk
To Clock       : 
Failed Paths   : 0

Type           : Worst-case Minimum tpd
Slack          : N/A
Required Time  : None
Actual Time    : 2.404 ns
From           : altera_internal_jtag~TDO
To             : altera_reserved_tdo
From Clock     : 
To Clock       : 
Failed Paths   : 0

Type           : Clock Setup: 'cc_pll:pll0|altpll:altpll_component|_clk2'
Slack          : -12.595 ns
Required Time  : 200.00 MHz ( period = 5.000 ns )
Actual Time    : N/A
From           : issue_reply:issue_reply0|fibre_rx:i_fibre_rx|fibre_rx_protocol:I2|param_id[2]
To             : issue_reply:issue_reply0|cmd_queue:i_cmd_queue|cmd_queue_ram40:cmd_queue_ram40_inst|alt3pram:alt3pram_component|altdpram:altdpram_component2|altsyncram:ram_block|altsyncram_akf1:auto_generated|ram_block1a23~porta_datain_reg11
From Clock     : cc_pll:pll0|altpll:altpll_component|_clk0
To Clock       : cc_pll:pll0|altpll:altpll_component|_clk2
Failed Paths   : 6936

Type           : Clock Setup: 'cc_pll:pll0|altpll:altpll_component|_clk0'
Slack          : -11.727 ns
Required Time  : 50.00 MHz ( period = 20.000 ns )
Actual Time    : N/A
From           : issue_reply:issue_reply0|reply_queue:i_reply_queue|reply_queue_receive:rx_ac|fifo:header_fifo|altsyncram:fifo_storage|altsyncram_q221:auto_generated|ram_block1a15~portb_address_reg4
To             : issue_reply:issue_reply0|reply_translator:i_reply_translator|packet_header4_1[3]
From Clock     : cc_pll:pll0|altpll:altpll_component|_clk1
To Clock       : cc_pll:pll0|altpll:altpll_component|_clk0
Failed Paths   : 8747

Type           : Clock Setup: 'inclk'
Slack          : -7.740 ns
Required Time  : 25.00 MHz ( period = 40.000 ns )
Actual Time    : N/A
From           : issue_reply:issue_reply0|fibre_rx:i_fibre_rx|fibre_rx_protocol:I2|param_id[2]
To             : sld_signaltap:auto_signaltap_0|acq_trigger_in_reg[65]
From Clock     : cc_pll:pll0|altpll:altpll_component|_clk0
To Clock       : inclk
Failed Paths   : 3029

Type           : Clock Setup: 'cc_pll:pll0|altpll:altpll_component|_clk1'
Slack          : -1.915 ns
Required Time  : 200.00 MHz ( period = 5.000 ns )
Actual Time    : N/A
From           : dispatch:cmd0|dispatch_wishbone:wishbone|pres_state~21
To             : dispatch:cmd0|dispatch_data_buf:transmit_buf|altsyncram:altsyncram_component|altsyncram_64b1:auto_generated|ram_block1a24~porta_datain_reg31
From Clock     : cc_pll:pll0|altpll:altpll_component|_clk0
To Clock       : cc_pll:pll0|altpll:altpll_component|_clk1
Failed Paths   : 2609

Type           : Clock Setup: 'altera_internal_jtag~TCKUTAP'
Slack          : 6.931 ns
Required Time  : 50.00 MHz ( period = 20.000 ns )
Actual Time    : 162.92 MHz ( period = 6.138 ns )
From           : sld_hub:sld_hub_inst|sld_dffex:\GEN_IRF:1:IRF|Q[5]
To             : sld_hub:sld_hub_inst|HUB_TDO~reg0
From Clock     : altera_internal_jtag~TCKUTAP
To Clock       : altera_internal_jtag~TCKUTAP
Failed Paths   : 0

Type           : Clock Setup: 'fibre_rx_ckr'
Slack          : 12.557 ns
Required Time  : 50.00 MHz ( period = 20.000 ns )
Actual Time    : 134.35 MHz ( period = 7.443 ns )
From           : issue_reply:issue_reply0|fibre_rx:i_fibre_rx|fibre_rx_fifo:I0|sync_fifo_rx:SFIFO|dcfifo:dcfifo_component|dcfifo_k541:auto_generated|alt_sync_fifo_jkm:alt_sync_fifo1|cntr_c08:cntr2|safe_q[0]
To             : issue_reply:issue_reply0|fibre_rx:i_fibre_rx|fibre_rx_fifo:I0|sync_fifo_rx:SFIFO|dcfifo:dcfifo_component|dcfifo_k541:auto_generated|alt_sync_fifo_jkm:alt_sync_fifo1|dpram_cor:dpram5|altsyncram_hic1:altsyncram14|ram_block15a7~porta_we_reg
From Clock     : fibre_rx_ckr
To Clock       : fibre_rx_ckr
Failed Paths   : 0

Type           : Clock Setup: 'cc_pll:pll0|altpll:altpll_component|_clk3'
Slack          : 18.291 ns
Required Time  : 25.00 MHz ( period = 40.000 ns )
Actual Time    : N/A
From           : issue_reply:issue_reply0|fibre_tx:i_fibre_tx|fibre_tx_fifo:fibre_tx_fifo_inst|sync_fifo_tx:sync_fifo_tx_inst|dcfifo:dcfifo_component|dcfifo_k541:auto_generated|alt_sync_fifo_jkm:alt_sync_fifo1|dffe8a[6]
To             : issue_reply:issue_reply0|fibre_tx:i_fibre_tx|fibre_tx_fifo:fibre_tx_fifo_inst|sync_fifo_tx:sync_fifo_tx_inst|dcfifo:dcfifo_component|dcfifo_k541:auto_generated|alt_sync_fifo_jkm:alt_sync_fifo1|dffe9a[6]
From Clock     : cc_pll:pll0|altpll:altpll_component|_clk0
To Clock       : cc_pll:pll0|altpll:altpll_component|_clk3
Failed Paths   : 0

Type           : Clock Hold: 'cc_pll:pll0|altpll:altpll_component|_clk0'
Slack          : -6.102 ns
Required Time  : 50.00 MHz ( period = 20.000 ns )
Actual Time    : N/A
From           : issue_reply:issue_reply0|fibre_rx:i_fibre_rx|fibre_rx_protocol:I2|data_in[13]
To             : issue_reply:issue_reply0|fibre_rx:i_fibre_rx|fibre_rx_protocol:I2|memory[18][13]
From Clock     : cc_pll:pll0|altpll:altpll_component|_clk0
To Clock       : cc_pll:pll0|altpll:altpll_component|_clk0
Failed Paths   : 2145

Type           : Clock Hold: 'cc_pll:pll0|altpll:altpll_component|_clk2'
Slack          : -0.156 ns
Required Time  : 200.00 MHz ( period = 5.000 ns )
Actual Time    : N/A
From           : dispatch:cmd0|dispatch_reply_transmit:transmitter|lvds_tx:reply_tx|pres_state~21
To             : dispatch:cmd0|dispatch_reply_transmit:transmitter|lvds_tx:reply_tx|async_tx:transmit|pres_state~20
From Clock     : cc_pll:pll0|altpll:altpll_component|_clk0
To Clock       : cc_pll:pll0|altpll:altpll_component|_clk2
Failed Paths   : 2

Type           : Total number of failed paths
Slack          : 
Required Time  : 
Actual Time    : 
From           : 
To             : 
From Clock     : 
To Clock       : 
Failed Paths   : 2147

--------------------------------------------------------------------------------------

