--------------------------------------------------------------------------------------
Timing Analyzer Summary
--------------------------------------------------------------------------------------

Type           : Worst-case tsu
Slack          : N/A
Required Time  : None
Actual Time    : 18.163 ns
From           : manchester_data
To             : dv_rx:dv_rx_inst|manch_dat_temp
From Clock     : 
To Clock       : inclk14
Failed Paths   : 0

Type           : Worst-case tco
Slack          : N/A
Required Time  : None
Actual Time    : 13.194 ns
From           : issue_reply:issue_reply0|reply_queue:i_reply_queue|reply_queue_sequencer:rq_seq|datasize_reg_q[0]
To             : mictor0_o[0]
From Clock     : inclk14
To Clock       : 
Failed Paths   : 0

Type           : Worst-case th
Slack          : N/A
Required Time  : None
Actual Time    : -4.316 ns
From           : fibre_rx_data[0]
To             : issue_reply:issue_reply0|fibre_rx:i_fibre_rx|fibre_rx_fifo:I0|sync_fifo_rx:SFIFO|dcfifo:dcfifo_component|dcfifo_t8v:auto_generated|dpram_apm:fiforam|altsyncram_cha1:altsyncram3|ram_block4a1~porta_datain_reg1
From Clock     : 
To Clock       : fibre_rx_clkr
Failed Paths   : 0

Type           : Clock Setup: 'clk_switchover:clk_switchover_inst|cc_pll:pll0|altpll:altpll_component|_clk0'
Slack          : 0.738 ns
Required Time  : 50.00 MHz ( period = 20.000 ns )
Actual Time    : 53.98 MHz ( period = 18.524 ns )
From           : issue_reply:issue_reply0|reply_queue:i_reply_queue|reply_queue_sequencer:rq_seq|reply_queue_receive:rx_rc3|fifo:packet_buffer|altsyncram:fifo_storage|altsyncram_io21:auto_generated|ram_block1a12~portb_address_reg10
To             : issue_reply:issue_reply0|reply_translator:i_reply_translator|checksum[17]
From Clock     : clk_switchover:clk_switchover_inst|cc_pll:pll0|altpll:altpll_component|_clk0
To Clock       : clk_switchover:clk_switchover_inst|cc_pll:pll0|altpll:altpll_component|_clk0
Failed Paths   : 0

Type           : Clock Setup: 'clk_switchover:clk_switchover_inst|cc_pll:pll0|altpll:altpll_component|_clk2'
Slack          : 3.497 ns
Required Time  : 100.00 MHz ( period = 10.000 ns )
Actual Time    : 153.78 MHz ( period = 6.503 ns )
From           : issue_reply:issue_reply0|reply_queue:i_reply_queue|reply_queue_sequencer:rq_seq|reply_queue_receive:rx_ac|lvds_rx:lvds_receiver|dcfifo:data_buffer|dcfifo_5ha1:auto_generated|alt_sync_fifo_aem:sync_fifo|cntr_808:cntr1|safe_q[0]
To             : issue_reply:issue_reply0|reply_queue:i_reply_queue|reply_queue_sequencer:rq_seq|reply_queue_receive:rx_ac|lvds_rx:lvds_receiver|dcfifo:data_buffer|dcfifo_5ha1:auto_generated|alt_sync_fifo_aem:sync_fifo|dpram_lpr:dpram4|altsyncram_9lc1:altsyncram14|ram_block15a7~porta_we_reg
From Clock     : clk_switchover:clk_switchover_inst|cc_pll:pll0|altpll:altpll_component|_clk2
To Clock       : clk_switchover:clk_switchover_inst|cc_pll:pll0|altpll:altpll_component|_clk2
Failed Paths   : 0

Type           : Clock Setup: 'clk_switchover:clk_switchover_inst|cc_pll:pll0|altpll:altpll_component|_clk1'
Slack          : 8.734 ns
Required Time  : 50.00 MHz ( period = 20.000 ns )
Actual Time    : N/A
From           : sync_gen:sync_gen0|sync_gen_core:sgc|current_state.send_bit0
To             : frame_timing:frame_timing_slave|frame_timing_core:ftc|sync_temp
From Clock     : clk_switchover:clk_switchover_inst|cc_pll:pll0|altpll:altpll_component|_clk0
To Clock       : clk_switchover:clk_switchover_inst|cc_pll:pll0|altpll:altpll_component|_clk1
Failed Paths   : 0

Type           : Clock Setup: 'fibre_rx_clkr'
Slack          : 15.278 ns
Required Time  : 50.00 MHz ( period = 20.000 ns )
Actual Time    : 211.77 MHz ( period = 4.722 ns )
From           : issue_reply:issue_reply0|fibre_rx:i_fibre_rx|fibre_rx_fifo:I0|sync_fifo_rx:SFIFO|dcfifo:dcfifo_component|dcfifo_t8v:auto_generated|a_fefifo_h3d:write_state|b_full
To             : issue_reply:issue_reply0|fibre_rx:i_fibre_rx|fibre_rx_fifo:I0|sync_fifo_rx:SFIFO|dcfifo:dcfifo_component|dcfifo_t8v:auto_generated|a_graycounter_v16:wrptr_g|power_modified_counter_values[4]
From Clock     : fibre_rx_clkr
To Clock       : fibre_rx_clkr
Failed Paths   : 0

Type           : Clock Setup: 'clk_switchover:clk_switchover_inst|cc_pll:pll0|altpll:altpll_component|_clk3'
Slack          : 19.229 ns
Required Time  : 25.00 MHz ( period = 40.000 ns )
Actual Time    : N/A
From           : issue_reply:issue_reply0|fibre_tx:i_fibre_tx|dcfifo:fibre_tx_buffer|dcfifo_8ka1:auto_generated|alt_sync_fifo_fem:sync_fifo|dffe7a[6]
To             : issue_reply:issue_reply0|fibre_tx:i_fibre_tx|dcfifo:fibre_tx_buffer|dcfifo_8ka1:auto_generated|alt_sync_fifo_fem:sync_fifo|dffe8a[6]
From Clock     : clk_switchover:clk_switchover_inst|cc_pll:pll0|altpll:altpll_component|_clk0
To Clock       : clk_switchover:clk_switchover_inst|cc_pll:pll0|altpll:altpll_component|_clk3
Failed Paths   : 0

Type           : Clock Hold: 'clk_switchover:clk_switchover_inst|cc_pll:pll0|altpll:altpll_component|_clk0'
Slack          : 0.445 ns
Required Time  : 50.00 MHz ( period = 20.000 ns )
Actual Time    : N/A
From           : config_fpga:config_fpga_inst|current_out_state.config_app
To             : config_fpga:config_fpga_inst|current_out_state.config_app
From Clock     : clk_switchover:clk_switchover_inst|cc_pll:pll0|altpll:altpll_component|_clk0
To Clock       : clk_switchover:clk_switchover_inst|cc_pll:pll0|altpll:altpll_component|_clk0
Failed Paths   : 0

Type           : Clock Hold: 'fibre_rx_clkr'
Slack          : 0.539 ns
Required Time  : 50.00 MHz ( period = 20.000 ns )
Actual Time    : N/A
From           : issue_reply:issue_reply0|fibre_rx:i_fibre_rx|fibre_rx_fifo:I0|sync_fifo_rx:SFIFO|dcfifo:dcfifo_component|dcfifo_t8v:auto_generated|alt_synch_pipe_2a3:dffpipe_ws_dgrp|dffpipe_2a3:dffpipe6|dffe9a[7]
To             : issue_reply:issue_reply0|fibre_rx:i_fibre_rx|fibre_rx_fifo:I0|sync_fifo_rx:SFIFO|dcfifo:dcfifo_component|dcfifo_t8v:auto_generated|dffpipe_0a3:dffpipe_ws_nbrp|dffe5a[7]
From Clock     : fibre_rx_clkr
To Clock       : fibre_rx_clkr
Failed Paths   : 0

Type           : Clock Hold: 'clk_switchover:clk_switchover_inst|cc_pll:pll0|altpll:altpll_component|_clk2'
Slack          : 0.540 ns
Required Time  : 100.00 MHz ( period = 10.000 ns )
Actual Time    : N/A
From           : issue_reply:issue_reply0|reply_queue:i_reply_queue|reply_queue_sequencer:rq_seq|reply_queue_receive:rx_rc1|lvds_rx:lvds_receiver|lvds_temp
To             : issue_reply:issue_reply0|reply_queue:i_reply_queue|reply_queue_sequencer:rq_seq|reply_queue_receive:rx_rc1|lvds_rx:lvds_receiver|lvds
From Clock     : clk_switchover:clk_switchover_inst|cc_pll:pll0|altpll:altpll_component|_clk2
To Clock       : clk_switchover:clk_switchover_inst|cc_pll:pll0|altpll:altpll_component|_clk2
Failed Paths   : 0

Type           : Clock Hold: 'clk_switchover:clk_switchover_inst|cc_pll:pll0|altpll:altpll_component|_clk3'
Slack          : 0.540 ns
Required Time  : 25.00 MHz ( period = 40.000 ns )
Actual Time    : N/A
From           : issue_reply:issue_reply0|fibre_tx:i_fibre_tx|dcfifo:fibre_tx_buffer|dcfifo_8ka1:auto_generated|alt_sync_fifo_fem:sync_fifo|dffe7a[1]
To             : issue_reply:issue_reply0|fibre_tx:i_fibre_tx|dcfifo:fibre_tx_buffer|dcfifo_8ka1:auto_generated|alt_sync_fifo_fem:sync_fifo|dffe8a[1]
From Clock     : clk_switchover:clk_switchover_inst|cc_pll:pll0|altpll:altpll_component|_clk0
To Clock       : clk_switchover:clk_switchover_inst|cc_pll:pll0|altpll:altpll_component|_clk3
Failed Paths   : 0

Type           : Clock Hold: 'clk_switchover:clk_switchover_inst|cc_pll:pll0|altpll:altpll_component|_clk1'
Slack          : 11.156 ns
Required Time  : 50.00 MHz ( period = 20.000 ns )
Actual Time    : N/A
From           : sync_gen:sync_gen0|sync_gen_core:sgc|current_state.send_bit0
To             : frame_timing:frame_timing_slave|frame_timing_core:ftc|sync_temp
From Clock     : clk_switchover:clk_switchover_inst|cc_pll:pll0|altpll:altpll_component|_clk0
To Clock       : clk_switchover:clk_switchover_inst|cc_pll:pll0|altpll:altpll_component|_clk1
Failed Paths   : 0

Type           : Total number of failed paths
Slack          : 
Required Time  : 
Actual Time    : 
From           : 
To             : 
From Clock     : 
To Clock       : 
Failed Paths   : 0

--------------------------------------------------------------------------------------

