------------------------------------------------------------
TimeQuest Timing Analyzer Summary
------------------------------------------------------------

Type  : Slow 1100mV 85C Model Setup 'micron_ctrl_inst|micron_ctrl_controller_phy_inst|alt_mem_phy_inst|micron_ctrl_phy_ck_n_mem_clk_n[0]_tDQSS'
Slack : 1.089
TNS   : 0.000

Type  : Slow 1100mV 85C Model Setup 'micron_ctrl_inst|micron_ctrl_controller_phy_inst|alt_mem_phy_inst|micron_ctrl_phy_ck_p_mem_clk[0]_tDQSS'
Slack : 1.113
TNS   : 0.000

Type  : Slow 1100mV 85C Model Setup 'micron_ctrl_inst|micron_ctrl_controller_phy_inst|alt_mem_phy_inst|micron_ctrl_phy_ck_n_mem_clk_n[0]_tDSS'
Slack : 1.291
TNS   : 0.000

Type  : Slow 1100mV 85C Model Setup 'micron_ctrl_inst|micron_ctrl_controller_phy_inst|alt_mem_phy_inst|micron_ctrl_phy_ck_p_mem_clk[0]_tDSS'
Slack : 1.315
TNS   : 0.000

Type  : Slow 1100mV 85C Model Setup 'micron_ctrl_inst|micron_ctrl_controller_phy_inst|alt_mem_phy_inst|micron_ctrl_phy_alt_mem_phy_inst|dpio|ddr_clkdiv_gen.clk_div_master|clkout'
Slack : 1.830
TNS   : 0.000

Type  : Slow 1100mV 85C Model Setup 'micron_ctrl_inst|micron_ctrl_controller_phy_inst|alt_mem_phy_inst|micron_ctrl_phy_alt_mem_phy_inst|dpio|ddr_clkdiv_gen.grp_gen[0].slaves_gen[1].clk_div_slave|clkout'
Slack : 1.830
TNS   : 0.000

Type  : Slow 1100mV 85C Model Setup 'micron_ctrl_inst|micron_ctrl_controller_phy_inst|alt_mem_phy_inst|micron_ctrl_phy_alt_mem_phy_inst|dpio|ddr_clkdiv_gen.grp_gen[1].slaves_gen[0].clk_div_slave|clkout'
Slack : 1.830
TNS   : 0.000

Type  : Slow 1100mV 85C Model Setup 'micron_ctrl_inst|micron_ctrl_controller_phy_inst|alt_mem_phy_inst|micron_ctrl_phy_alt_mem_phy_inst|dpio|ddr_clkdiv_gen.grp_gen[1].slaves_gen[1].clk_div_slave|clkout'
Slack : 1.830
TNS   : 0.000

Type  : Slow 1100mV 85C Model Setup 'micron_ctrl_inst|micron_ctrl_controller_phy_inst|alt_mem_phy_inst|micron_ctrl_phy_ck_n_mem_clk_n[0]_ac_fall'
Slack : 1.854
TNS   : 0.000

Type  : Slow 1100mV 85C Model Setup 'micron_ctrl_inst|micron_ctrl_controller_phy_inst|alt_mem_phy_inst|micron_ctrl_phy_ck_p_mem_clk[0]_ac_fall'
Slack : 1.878
TNS   : 0.000

Type  : Slow 1100mV 85C Model Setup 'micron_ctrl_inst|micron_ctrl_controller_phy_inst|alt_mem_phy_inst|micron_ctrl_phy_ck_n_mem_clk_n[0]_ac_rise'
Slack : 1.902
TNS   : 0.000

Type  : Slow 1100mV 85C Model Setup 'micron_ctrl_inst|micron_ctrl_controller_phy_inst|alt_mem_phy_inst|micron_ctrl_phy_ck_p_mem_clk[0]_ac_rise'
Slack : 1.926
TNS   : 0.000

Type  : Slow 1100mV 85C Model Setup 'i_adc_pll|altpll_component|auto_generated|pll1|clk[4]'
Slack : 2.037
TNS   : 0.000

Type  : Slow 1100mV 85C Model Setup 'micron_ctrl_inst|micron_ctrl_controller_phy_inst|alt_mem_phy_inst|micron_ctrl_phy_ddr_dqsin_mem_dqs[0]'
Slack : 2.105
TNS   : 0.000

Type  : Slow 1100mV 85C Model Setup 'micron_ctrl_inst|micron_ctrl_controller_phy_inst|alt_mem_phy_inst|micron_ctrl_phy_ddr_dqsin_mem_dqs[1]'
Slack : 2.105
TNS   : 0.000

Type  : Slow 1100mV 85C Model Setup 'micron_ctrl_inst|micron_ctrl_controller_phy_inst|alt_mem_phy_inst|micron_ctrl_phy_alt_mem_phy_inst|clk|half_rate.pll|altpll_component|auto_generated|pll1|clk[3]'
Slack : 2.327
TNS   : 0.000

Type  : Slow 1100mV 85C Model Setup 'micron_ctrl_inst|micron_ctrl_controller_phy_inst|alt_mem_phy_inst|micron_ctrl_phy_alt_mem_phy_inst|clk|half_rate.pll|altpll_component|auto_generated|pll1|clk[4]'
Slack : 2.444
TNS   : 0.000

Type  : Slow 1100mV 85C Model Setup 'micron_ctrl_inst|micron_ctrl_controller_phy_inst|alt_mem_phy_inst|micron_ctrl_phy_alt_mem_phy_inst|clk|half_rate.pll|altpll_component|auto_generated|pll1|clk[6]'
Slack : 3.087
TNS   : 0.000

Type  : Slow 1100mV 85C Model Setup 'micron_ctrl_inst|micron_ctrl_controller_phy_inst|alt_mem_phy_inst|micron_ctrl_phy_alt_mem_phy_inst|clk|half_rate.pll|altpll_component|auto_generated|pll1|clk[0]'
Slack : 3.142
TNS   : 0.000

Type  : Slow 1100mV 85C Model Setup 'micron_ctrl_inst|micron_ctrl_controller_phy_inst|alt_mem_phy_inst|micron_ctrl_phy_alt_mem_phy_inst|clk|half_rate.pll|altpll_component|auto_generated|pll1|clk[1]'
Slack : 3.217
TNS   : 0.000

Type  : Slow 1100mV 85C Model Setup 'i_adc_pll|altpll_component|auto_generated|pll1|clk[2]'
Slack : 5.620
TNS   : 0.000

Type  : Slow 1100mV 85C Model Setup 'i_adc_pll|altpll_component|auto_generated|pll1|clk[3]'
Slack : 5.729
TNS   : 0.000

Type  : Slow 1100mV 85C Model Setup 'i_rc_pll|altpll_component|auto_generated|pll1|clk[0]'
Slack : 6.524
TNS   : 0.000

Type  : Slow 1100mV 85C Model Setup 'micron_ctrl_inst|micron_ctrl_controller_phy_inst|alt_mem_phy_inst|micron_ctrl_phy_alt_mem_phy_inst|clk|half_rate.pll|altpll_component|auto_generated|pll1|clk[5]'
Slack : 6.862
TNS   : 0.000

Type  : Slow 1100mV 85C Model Setup 'i_rc_pll|altpll_component|auto_generated|pll1|clk[2]'
Slack : 7.101
TNS   : 0.000

Type  : Slow 1100mV 85C Model Setup 'micron_ctrl_inst|micron_ctrl_controller_phy_inst|alt_mem_phy_inst|micron_ctrl_phy_alt_mem_phy_inst|clk|scan_clk|q_clock'
Slack : 9.306
TNS   : 0.000

Type  : Slow 1100mV 85C Model Setup 'i_rc_pll|altpll_component|auto_generated|pll1|clk[4]'
Slack : 12.261
TNS   : 0.000

Type  : Slow 1100mV 85C Model Setup 'i_rc_pll|altpll_component|auto_generated|pll1|clk[3]'
Slack : 17.371
TNS   : 0.000

Type  : Slow 1100mV 85C Model Setup 'altera_reserved_tck'
Slack : 45.526
TNS   : 0.000

Type  : Slow 1100mV 85C Model Hold 'micron_ctrl_inst|micron_ctrl_controller_phy_inst|alt_mem_phy_inst|micron_ctrl_phy_alt_mem_phy_inst|dpio|ddr_clkdiv_gen.grp_gen[1].slaves_gen[0].clk_div_slave|clkout'
Slack : 0.234
TNS   : 0.000

Type  : Slow 1100mV 85C Model Hold 'micron_ctrl_inst|micron_ctrl_controller_phy_inst|alt_mem_phy_inst|micron_ctrl_phy_alt_mem_phy_inst|dpio|ddr_clkdiv_gen.clk_div_master|clkout'
Slack : 0.251
TNS   : 0.000

Type  : Slow 1100mV 85C Model Hold 'i_rc_pll|altpll_component|auto_generated|pll1|clk[0]'
Slack : 0.295
TNS   : 0.000

Type  : Slow 1100mV 85C Model Hold 'micron_ctrl_inst|micron_ctrl_controller_phy_inst|alt_mem_phy_inst|micron_ctrl_phy_alt_mem_phy_inst|clk|half_rate.pll|altpll_component|auto_generated|pll1|clk[0]'
Slack : 0.368
TNS   : 0.000

Type  : Slow 1100mV 85C Model Hold 'micron_ctrl_inst|micron_ctrl_controller_phy_inst|alt_mem_phy_inst|micron_ctrl_phy_alt_mem_phy_inst|clk|half_rate.pll|altpll_component|auto_generated|pll1|clk[5]'
Slack : 0.400
TNS   : 0.000

Type  : Slow 1100mV 85C Model Hold 'micron_ctrl_inst|micron_ctrl_controller_phy_inst|alt_mem_phy_inst|micron_ctrl_phy_alt_mem_phy_inst|clk|half_rate.pll|altpll_component|auto_generated|pll1|clk[6]'
Slack : 0.404
TNS   : 0.000

Type  : Slow 1100mV 85C Model Hold 'i_rc_pll|altpll_component|auto_generated|pll1|clk[2]'
Slack : 0.407
TNS   : 0.000

Type  : Slow 1100mV 85C Model Hold 'i_rc_pll|altpll_component|auto_generated|pll1|clk[3]'
Slack : 0.514
TNS   : 0.000

Type  : Slow 1100mV 85C Model Hold 'micron_ctrl_inst|micron_ctrl_controller_phy_inst|alt_mem_phy_inst|micron_ctrl_phy_alt_mem_phy_inst|clk|scan_clk|q_clock'
Slack : 0.519
TNS   : 0.000

Type  : Slow 1100mV 85C Model Hold 'i_adc_pll|altpll_component|auto_generated|pll1|clk[2]'
Slack : 0.615
TNS   : 0.000

Type  : Slow 1100mV 85C Model Hold 'i_adc_pll|altpll_component|auto_generated|pll1|clk[3]'
Slack : 0.635
TNS   : 0.000

Type  : Slow 1100mV 85C Model Hold 'micron_ctrl_inst|micron_ctrl_controller_phy_inst|alt_mem_phy_inst|micron_ctrl_phy_ck_n_mem_clk_n[0]_tDQSS'
Slack : 0.870
TNS   : 0.000

Type  : Slow 1100mV 85C Model Hold 'micron_ctrl_inst|micron_ctrl_controller_phy_inst|alt_mem_phy_inst|micron_ctrl_phy_ck_p_mem_clk[0]_tDQSS'
Slack : 0.874
TNS   : 0.000

Type  : Slow 1100mV 85C Model Hold 'micron_ctrl_inst|micron_ctrl_controller_phy_inst|alt_mem_phy_inst|micron_ctrl_phy_alt_mem_phy_inst|clk|half_rate.pll|altpll_component|auto_generated|pll1|clk[1]'
Slack : 0.958
TNS   : 0.000

Type  : Slow 1100mV 85C Model Hold 'micron_ctrl_inst|micron_ctrl_controller_phy_inst|alt_mem_phy_inst|micron_ctrl_phy_ck_n_mem_clk_n[0]_tDSS'
Slack : 1.139
TNS   : 0.000

Type  : Slow 1100mV 85C Model Hold 'micron_ctrl_inst|micron_ctrl_controller_phy_inst|alt_mem_phy_inst|micron_ctrl_phy_ck_p_mem_clk[0]_tDSS'
Slack : 1.143
TNS   : 0.000

Type  : Slow 1100mV 85C Model Hold 'altera_reserved_tck'
Slack : 1.390
TNS   : 0.000

Type  : Slow 1100mV 85C Model Hold 'micron_ctrl_inst|micron_ctrl_controller_phy_inst|alt_mem_phy_inst|micron_ctrl_phy_ck_n_mem_clk_n[0]_ac_rise'
Slack : 1.801
TNS   : 0.000

Type  : Slow 1100mV 85C Model Hold 'micron_ctrl_inst|micron_ctrl_controller_phy_inst|alt_mem_phy_inst|micron_ctrl_phy_ck_p_mem_clk[0]_ac_rise'
Slack : 1.805
TNS   : 0.000

Type  : Slow 1100mV 85C Model Hold 'micron_ctrl_inst|micron_ctrl_controller_phy_inst|alt_mem_phy_inst|micron_ctrl_phy_ck_n_mem_clk_n[0]_ac_fall'
Slack : 1.823
TNS   : 0.000

Type  : Slow 1100mV 85C Model Hold 'micron_ctrl_inst|micron_ctrl_controller_phy_inst|alt_mem_phy_inst|micron_ctrl_phy_ck_p_mem_clk[0]_ac_fall'
Slack : 1.827
TNS   : 0.000

Type  : Slow 1100mV 85C Model Hold 'micron_ctrl_inst|micron_ctrl_controller_phy_inst|alt_mem_phy_inst|micron_ctrl_phy_alt_mem_phy_inst|clk|half_rate.pll|altpll_component|auto_generated|pll1|clk[3]'
Slack : 2.239
TNS   : 0.000

Type  : Slow 1100mV 85C Model Hold 'micron_ctrl_inst|micron_ctrl_controller_phy_inst|alt_mem_phy_inst|micron_ctrl_phy_alt_mem_phy_inst|clk|half_rate.pll|altpll_component|auto_generated|pll1|clk[4]'
Slack : 2.250
TNS   : 0.000

Type  : Slow 1100mV 85C Model Hold 'micron_ctrl_inst|micron_ctrl_controller_phy_inst|alt_mem_phy_inst|micron_ctrl_phy_ddr_dqsin_mem_dqs[0]'
Slack : 2.597
TNS   : 0.000

Type  : Slow 1100mV 85C Model Hold 'micron_ctrl_inst|micron_ctrl_controller_phy_inst|alt_mem_phy_inst|micron_ctrl_phy_ddr_dqsin_mem_dqs[1]'
Slack : 2.597
TNS   : 0.000

Type  : Slow 1100mV 85C Model Hold 'micron_ctrl_inst|micron_ctrl_controller_phy_inst|alt_mem_phy_inst|micron_ctrl_phy_alt_mem_phy_inst|dpio|ddr_clkdiv_gen.grp_gen[0].slaves_gen[1].clk_div_slave|clkout'
Slack : 2.834
TNS   : 0.000

Type  : Slow 1100mV 85C Model Hold 'micron_ctrl_inst|micron_ctrl_controller_phy_inst|alt_mem_phy_inst|micron_ctrl_phy_alt_mem_phy_inst|dpio|ddr_clkdiv_gen.grp_gen[1].slaves_gen[1].clk_div_slave|clkout'
Slack : 2.834
TNS   : 0.000

Type  : Slow 1100mV 85C Model Hold 'i_rc_pll|altpll_component|auto_generated|pll1|clk[4]'
Slack : 4.252
TNS   : 0.000

Type  : Slow 1100mV 85C Model Hold 'i_adc_pll|altpll_component|auto_generated|pll1|clk[4]'
Slack : 6.766
TNS   : 0.000

Type  : Slow 1100mV 85C Model Recovery 'micron_ctrl_inst|micron_ctrl_controller_phy_inst|alt_mem_phy_inst|micron_ctrl_phy_alt_mem_phy_inst|clk|half_rate.pll|altpll_component|auto_generated|pll1|clk[0]'
Slack : 2.134
TNS   : 0.000

Type  : Slow 1100mV 85C Model Recovery 'micron_ctrl_inst|micron_ctrl_controller_phy_inst|alt_mem_phy_inst|micron_ctrl_phy_alt_mem_phy_inst|clk|half_rate.pll|altpll_component|auto_generated|pll1|clk[6]'
Slack : 5.897
TNS   : 0.000

Type  : Slow 1100mV 85C Model Recovery 'micron_ctrl_inst|micron_ctrl_controller_phy_inst|alt_mem_phy_inst|micron_ctrl_phy_alt_mem_phy_inst|dpio|ddr_clkdiv_gen.grp_gen[1].slaves_gen[0].clk_div_slave|clkout'
Slack : 7.329
TNS   : 0.000

Type  : Slow 1100mV 85C Model Recovery 'micron_ctrl_inst|micron_ctrl_controller_phy_inst|alt_mem_phy_inst|micron_ctrl_phy_alt_mem_phy_inst|dpio|ddr_clkdiv_gen.clk_div_master|clkout'
Slack : 7.409
TNS   : 0.000

Type  : Slow 1100mV 85C Model Recovery 'micron_ctrl_inst|micron_ctrl_controller_phy_inst|alt_mem_phy_inst|micron_ctrl_phy_alt_mem_phy_inst|clk|half_rate.pll|altpll_component|auto_generated|pll1|clk[5]'
Slack : 8.349
TNS   : 0.000

Type  : Slow 1100mV 85C Model Recovery 'micron_ctrl_inst|micron_ctrl_controller_phy_inst|alt_mem_phy_inst|micron_ctrl_phy_alt_mem_phy_inst|clk|scan_clk|q_clock'
Slack : 18.418
TNS   : 0.000

Type  : Slow 1100mV 85C Model Recovery 'altera_reserved_tck'
Slack : 48.493
TNS   : 0.000

Type  : Slow 1100mV 85C Model Removal 'micron_ctrl_inst|micron_ctrl_controller_phy_inst|alt_mem_phy_inst|micron_ctrl_phy_alt_mem_phy_inst|dpio|ddr_clkdiv_gen.grp_gen[1].slaves_gen[0].clk_div_slave|clkout'
Slack : 0.919
TNS   : 0.000

Type  : Slow 1100mV 85C Model Removal 'micron_ctrl_inst|micron_ctrl_controller_phy_inst|alt_mem_phy_inst|micron_ctrl_phy_alt_mem_phy_inst|clk|scan_clk|q_clock'
Slack : 0.957
TNS   : 0.000

Type  : Slow 1100mV 85C Model Removal 'micron_ctrl_inst|micron_ctrl_controller_phy_inst|alt_mem_phy_inst|micron_ctrl_phy_alt_mem_phy_inst|clk|half_rate.pll|altpll_component|auto_generated|pll1|clk[5]'
Slack : 0.982
TNS   : 0.000

Type  : Slow 1100mV 85C Model Removal 'micron_ctrl_inst|micron_ctrl_controller_phy_inst|alt_mem_phy_inst|micron_ctrl_phy_alt_mem_phy_inst|clk|half_rate.pll|altpll_component|auto_generated|pll1|clk[0]'
Slack : 0.983
TNS   : 0.000

Type  : Slow 1100mV 85C Model Removal 'micron_ctrl_inst|micron_ctrl_controller_phy_inst|alt_mem_phy_inst|micron_ctrl_phy_alt_mem_phy_inst|dpio|ddr_clkdiv_gen.clk_div_master|clkout'
Slack : 1.001
TNS   : 0.000

Type  : Slow 1100mV 85C Model Removal 'altera_reserved_tck'
Slack : 1.684
TNS   : 0.000

Type  : Slow 1100mV 85C Model Removal 'micron_ctrl_inst|micron_ctrl_controller_phy_inst|alt_mem_phy_inst|micron_ctrl_phy_alt_mem_phy_inst|clk|half_rate.pll|altpll_component|auto_generated|pll1|clk[6]'
Slack : 2.213
TNS   : 0.000

Type  : Slow 1100mV 85C Model Minimum Pulse Width 'i_adc_pll|altpll_component|auto_generated|pll1|clk[0]'
Slack : 0.383
TNS   : 0.000

Type  : Slow 1100mV 85C Model Minimum Pulse Width 'micron_ctrl_inst|micron_ctrl_controller_phy_inst|alt_mem_phy_inst|micron_ctrl_phy_alt_mem_phy_inst|clk|half_rate.pll|altpll_component|auto_generated|pll1|clk[3]'
Slack : 1.646
TNS   : 0.000

Type  : Slow 1100mV 85C Model Minimum Pulse Width 'micron_ctrl_inst|micron_ctrl_controller_phy_inst|alt_mem_phy_inst|micron_ctrl_phy_alt_mem_phy_inst|clk|half_rate.pll|altpll_component|auto_generated|pll1|clk[1]'
Slack : 1.665
TNS   : 0.000

Type  : Slow 1100mV 85C Model Minimum Pulse Width 'micron_ctrl_inst|micron_ctrl_controller_phy_inst|alt_mem_phy_inst|micron_ctrl_phy_ddr_dqsin_mem_dqs[0]'
Slack : 1.716
TNS   : 0.000

Type  : Slow 1100mV 85C Model Minimum Pulse Width 'micron_ctrl_inst|micron_ctrl_controller_phy_inst|alt_mem_phy_inst|micron_ctrl_phy_ddr_dqsin_mem_dqs[1]'
Slack : 1.716
TNS   : 0.000

Type  : Slow 1100mV 85C Model Minimum Pulse Width 'micron_ctrl_inst|micron_ctrl_controller_phy_inst|alt_mem_phy_inst|micron_ctrl_phy_alt_mem_phy_inst|clk|half_rate.pll|altpll_component|auto_generated|pll1|clk[4]'
Slack : 1.727
TNS   : 0.000

Type  : Slow 1100mV 85C Model Minimum Pulse Width 'i_adc_pll|altpll_component|auto_generated|pll1|clk[3]'
Slack : 2.817
TNS   : 0.000

Type  : Slow 1100mV 85C Model Minimum Pulse Width 'i_adc_pll|altpll_component|auto_generated|pll1|clk[2]'
Slack : 2.818
TNS   : 0.000

Type  : Slow 1100mV 85C Model Minimum Pulse Width 'i_adc_pll|altpll_component|auto_generated|pll1|clk[4]'
Slack : 2.818
TNS   : 0.000

Type  : Slow 1100mV 85C Model Minimum Pulse Width 'micron_ctrl_inst|micron_ctrl_controller_phy_inst|alt_mem_phy_inst|micron_ctrl_phy_alt_mem_phy_inst|clk|half_rate.pll|altpll_component|auto_generated|pll1|clk[0]'
Slack : 3.896
TNS   : 0.000

Type  : Slow 1100mV 85C Model Minimum Pulse Width 'i_rc_pll|altpll_component|auto_generated|pll1|clk[2]'
Slack : 3.906
TNS   : 0.000

Type  : Slow 1100mV 85C Model Minimum Pulse Width 'micron_ctrl_inst|micron_ctrl_controller_phy_inst|alt_mem_phy_inst|micron_ctrl_phy_alt_mem_phy_inst|dpio|ddr_clkdiv_gen.clk_div_master|clkout'
Slack : 3.995
TNS   : 0.000

Type  : Slow 1100mV 85C Model Minimum Pulse Width 'micron_ctrl_inst|micron_ctrl_controller_phy_inst|alt_mem_phy_inst|micron_ctrl_phy_alt_mem_phy_inst|dpio|ddr_clkdiv_gen.grp_gen[1].slaves_gen[0].clk_div_slave|clkout'
Slack : 4.046
TNS   : 0.000

Type  : Slow 1100mV 85C Model Minimum Pulse Width 'micron_ctrl_inst|micron_ctrl_controller_phy_inst|alt_mem_phy_inst|micron_ctrl_phy_alt_mem_phy_inst|clk|half_rate.pll|altpll_component|auto_generated|pll1|clk[6]'
Slack : 4.163
TNS   : 0.000

Type  : Slow 1100mV 85C Model Minimum Pulse Width 'micron_ctrl_inst|micron_ctrl_controller_phy_inst|alt_mem_phy_inst|micron_ctrl_phy_alt_mem_phy_inst|clk|half_rate.pll|altpll_component|auto_generated|pll1|clk[5]'
Slack : 4.171
TNS   : 0.000

Type  : Slow 1100mV 85C Model Minimum Pulse Width 'micron_ctrl_inst|micron_ctrl_controller_phy_inst|alt_mem_phy_inst|micron_ctrl_phy_alt_mem_phy_inst|dpio|ddr_clkdiv_gen.grp_gen[0].slaves_gen[1].clk_div_slave|clkout'
Slack : 4.257
TNS   : 0.000

Type  : Slow 1100mV 85C Model Minimum Pulse Width 'micron_ctrl_inst|micron_ctrl_controller_phy_inst|alt_mem_phy_inst|micron_ctrl_phy_alt_mem_phy_inst|dpio|ddr_clkdiv_gen.grp_gen[1].slaves_gen[1].clk_div_slave|clkout'
Slack : 4.257
TNS   : 0.000

Type  : Slow 1100mV 85C Model Minimum Pulse Width 'i_rc_pll|altpll_component|auto_generated|pll1|clk[0]'
Slack : 8.759
TNS   : 0.000

Type  : Slow 1100mV 85C Model Minimum Pulse Width 'micron_ctrl_inst|micron_ctrl_controller_phy_inst|alt_mem_phy_inst|micron_ctrl_phy_alt_mem_phy_inst|clk|scan_clk|q_clock'
Slack : 8.853
TNS   : 0.000

Type  : Slow 1100mV 85C Model Minimum Pulse Width 'i_rc_pll|altpll_component|auto_generated|pll1|clk[4]'
Slack : 9.168
TNS   : 0.000

Type  : Slow 1100mV 85C Model Minimum Pulse Width 'adc_fco'
Slack : 9.945
TNS   : 0.000

Type  : Slow 1100mV 85C Model Minimum Pulse Width 'inclk'
Slack : 19.729
TNS   : 0.000

Type  : Slow 1100mV 85C Model Minimum Pulse Width 'inclk_ddr'
Slack : 19.745
TNS   : 0.000

Type  : Slow 1100mV 85C Model Minimum Pulse Width 'i_rc_pll|altpll_component|auto_generated|pll1|clk[3]'
Slack : 39.168
TNS   : 0.000

Type  : Slow 1100mV 85C Model Minimum Pulse Width 'altera_reserved_tck'
Slack : 48.894
TNS   : 0.000

Type  : Slow 1100mV 0C Model Setup 'micron_ctrl_inst|micron_ctrl_controller_phy_inst|alt_mem_phy_inst|micron_ctrl_phy_ck_n_mem_clk_n[0]_tDQSS'
Slack : 1.114
TNS   : 0.000

Type  : Slow 1100mV 0C Model Setup 'micron_ctrl_inst|micron_ctrl_controller_phy_inst|alt_mem_phy_inst|micron_ctrl_phy_ck_p_mem_clk[0]_tDQSS'
Slack : 1.138
TNS   : 0.000

Type  : Slow 1100mV 0C Model Setup 'micron_ctrl_inst|micron_ctrl_controller_phy_inst|alt_mem_phy_inst|micron_ctrl_phy_ck_n_mem_clk_n[0]_tDSS'
Slack : 1.335
TNS   : 0.000

Type  : Slow 1100mV 0C Model Setup 'micron_ctrl_inst|micron_ctrl_controller_phy_inst|alt_mem_phy_inst|micron_ctrl_phy_ck_p_mem_clk[0]_tDSS'
Slack : 1.359
TNS   : 0.000

Type  : Slow 1100mV 0C Model Setup 'micron_ctrl_inst|micron_ctrl_controller_phy_inst|alt_mem_phy_inst|micron_ctrl_phy_alt_mem_phy_inst|dpio|ddr_clkdiv_gen.clk_div_master|clkout'
Slack : 1.864
TNS   : 0.000

Type  : Slow 1100mV 0C Model Setup 'micron_ctrl_inst|micron_ctrl_controller_phy_inst|alt_mem_phy_inst|micron_ctrl_phy_alt_mem_phy_inst|dpio|ddr_clkdiv_gen.grp_gen[0].slaves_gen[1].clk_div_slave|clkout'
Slack : 1.864
TNS   : 0.000

Type  : Slow 1100mV 0C Model Setup 'micron_ctrl_inst|micron_ctrl_controller_phy_inst|alt_mem_phy_inst|micron_ctrl_phy_alt_mem_phy_inst|dpio|ddr_clkdiv_gen.grp_gen[1].slaves_gen[0].clk_div_slave|clkout'
Slack : 1.864
TNS   : 0.000

Type  : Slow 1100mV 0C Model Setup 'micron_ctrl_inst|micron_ctrl_controller_phy_inst|alt_mem_phy_inst|micron_ctrl_phy_alt_mem_phy_inst|dpio|ddr_clkdiv_gen.grp_gen[1].slaves_gen[1].clk_div_slave|clkout'
Slack : 1.864
TNS   : 0.000

Type  : Slow 1100mV 0C Model Setup 'micron_ctrl_inst|micron_ctrl_controller_phy_inst|alt_mem_phy_inst|micron_ctrl_phy_ck_n_mem_clk_n[0]_ac_fall'
Slack : 1.975
TNS   : 0.000

Type  : Slow 1100mV 0C Model Setup 'micron_ctrl_inst|micron_ctrl_controller_phy_inst|alt_mem_phy_inst|micron_ctrl_phy_ck_p_mem_clk[0]_ac_fall'
Slack : 1.999
TNS   : 0.000

Type  : Slow 1100mV 0C Model Setup 'micron_ctrl_inst|micron_ctrl_controller_phy_inst|alt_mem_phy_inst|micron_ctrl_phy_ck_n_mem_clk_n[0]_ac_rise'
Slack : 2.003
TNS   : 0.000

Type  : Slow 1100mV 0C Model Setup 'micron_ctrl_inst|micron_ctrl_controller_phy_inst|alt_mem_phy_inst|micron_ctrl_phy_ck_p_mem_clk[0]_ac_rise'
Slack : 2.027
TNS   : 0.000

Type  : Slow 1100mV 0C Model Setup 'i_adc_pll|altpll_component|auto_generated|pll1|clk[4]'
Slack : 2.092
TNS   : 0.000

Type  : Slow 1100mV 0C Model Setup 'micron_ctrl_inst|micron_ctrl_controller_phy_inst|alt_mem_phy_inst|micron_ctrl_phy_ddr_dqsin_mem_dqs[0]'
Slack : 2.141
TNS   : 0.000

Type  : Slow 1100mV 0C Model Setup 'micron_ctrl_inst|micron_ctrl_controller_phy_inst|alt_mem_phy_inst|micron_ctrl_phy_ddr_dqsin_mem_dqs[1]'
Slack : 2.141
TNS   : 0.000

Type  : Slow 1100mV 0C Model Setup 'micron_ctrl_inst|micron_ctrl_controller_phy_inst|alt_mem_phy_inst|micron_ctrl_phy_alt_mem_phy_inst|clk|half_rate.pll|altpll_component|auto_generated|pll1|clk[3]'
Slack : 2.409
TNS   : 0.000

Type  : Slow 1100mV 0C Model Setup 'micron_ctrl_inst|micron_ctrl_controller_phy_inst|alt_mem_phy_inst|micron_ctrl_phy_alt_mem_phy_inst|clk|half_rate.pll|altpll_component|auto_generated|pll1|clk[4]'
Slack : 2.456
TNS   : 0.000

Type  : Slow 1100mV 0C Model Setup 'micron_ctrl_inst|micron_ctrl_controller_phy_inst|alt_mem_phy_inst|micron_ctrl_phy_alt_mem_phy_inst|clk|half_rate.pll|altpll_component|auto_generated|pll1|clk[6]'
Slack : 3.202
TNS   : 0.000

Type  : Slow 1100mV 0C Model Setup 'micron_ctrl_inst|micron_ctrl_controller_phy_inst|alt_mem_phy_inst|micron_ctrl_phy_alt_mem_phy_inst|clk|half_rate.pll|altpll_component|auto_generated|pll1|clk[0]'
Slack : 3.224
TNS   : 0.000

Type  : Slow 1100mV 0C Model Setup 'micron_ctrl_inst|micron_ctrl_controller_phy_inst|alt_mem_phy_inst|micron_ctrl_phy_alt_mem_phy_inst|clk|half_rate.pll|altpll_component|auto_generated|pll1|clk[1]'
Slack : 3.313
TNS   : 0.000

Type  : Slow 1100mV 0C Model Setup 'i_adc_pll|altpll_component|auto_generated|pll1|clk[2]'
Slack : 5.808
TNS   : 0.000

Type  : Slow 1100mV 0C Model Setup 'i_adc_pll|altpll_component|auto_generated|pll1|clk[3]'
Slack : 5.898
TNS   : 0.000

Type  : Slow 1100mV 0C Model Setup 'i_rc_pll|altpll_component|auto_generated|pll1|clk[0]'
Slack : 6.638
TNS   : 0.000

Type  : Slow 1100mV 0C Model Setup 'micron_ctrl_inst|micron_ctrl_controller_phy_inst|alt_mem_phy_inst|micron_ctrl_phy_alt_mem_phy_inst|clk|half_rate.pll|altpll_component|auto_generated|pll1|clk[5]'
Slack : 6.981
TNS   : 0.000

Type  : Slow 1100mV 0C Model Setup 'i_rc_pll|altpll_component|auto_generated|pll1|clk[2]'
Slack : 7.198
TNS   : 0.000

Type  : Slow 1100mV 0C Model Setup 'micron_ctrl_inst|micron_ctrl_controller_phy_inst|alt_mem_phy_inst|micron_ctrl_phy_alt_mem_phy_inst|clk|scan_clk|q_clock'
Slack : 9.269
TNS   : 0.000

Type  : Slow 1100mV 0C Model Setup 'i_rc_pll|altpll_component|auto_generated|pll1|clk[4]'
Slack : 12.646
TNS   : 0.000

Type  : Slow 1100mV 0C Model Setup 'i_rc_pll|altpll_component|auto_generated|pll1|clk[3]'
Slack : 17.463
TNS   : 0.000

Type  : Slow 1100mV 0C Model Setup 'altera_reserved_tck'
Slack : 45.734
TNS   : 0.000

Type  : Slow 1100mV 0C Model Hold 'micron_ctrl_inst|micron_ctrl_controller_phy_inst|alt_mem_phy_inst|micron_ctrl_phy_alt_mem_phy_inst|dpio|ddr_clkdiv_gen.grp_gen[1].slaves_gen[0].clk_div_slave|clkout'
Slack : 0.252
TNS   : 0.000

Type  : Slow 1100mV 0C Model Hold 'i_rc_pll|altpll_component|auto_generated|pll1|clk[0]'
Slack : 0.253
TNS   : 0.000

Type  : Slow 1100mV 0C Model Hold 'micron_ctrl_inst|micron_ctrl_controller_phy_inst|alt_mem_phy_inst|micron_ctrl_phy_alt_mem_phy_inst|dpio|ddr_clkdiv_gen.clk_div_master|clkout'
Slack : 0.270
TNS   : 0.000

Type  : Slow 1100mV 0C Model Hold 'micron_ctrl_inst|micron_ctrl_controller_phy_inst|alt_mem_phy_inst|micron_ctrl_phy_alt_mem_phy_inst|clk|half_rate.pll|altpll_component|auto_generated|pll1|clk[0]'
Slack : 0.343
TNS   : 0.000

Type  : Slow 1100mV 0C Model Hold 'micron_ctrl_inst|micron_ctrl_controller_phy_inst|alt_mem_phy_inst|micron_ctrl_phy_alt_mem_phy_inst|clk|half_rate.pll|altpll_component|auto_generated|pll1|clk[5]'
Slack : 0.377
TNS   : 0.000

Type  : Slow 1100mV 0C Model Hold 'micron_ctrl_inst|micron_ctrl_controller_phy_inst|alt_mem_phy_inst|micron_ctrl_phy_alt_mem_phy_inst|clk|half_rate.pll|altpll_component|auto_generated|pll1|clk[6]'
Slack : 0.383
TNS   : 0.000

Type  : Slow 1100mV 0C Model Hold 'i_rc_pll|altpll_component|auto_generated|pll1|clk[2]'
Slack : 0.388
TNS   : 0.000

Type  : Slow 1100mV 0C Model Hold 'i_rc_pll|altpll_component|auto_generated|pll1|clk[3]'
Slack : 0.489
TNS   : 0.000

Type  : Slow 1100mV 0C Model Hold 'micron_ctrl_inst|micron_ctrl_controller_phy_inst|alt_mem_phy_inst|micron_ctrl_phy_alt_mem_phy_inst|clk|scan_clk|q_clock'
Slack : 0.499
TNS   : 0.000

Type  : Slow 1100mV 0C Model Hold 'i_adc_pll|altpll_component|auto_generated|pll1|clk[2]'
Slack : 0.589
TNS   : 0.000

Type  : Slow 1100mV 0C Model Hold 'i_adc_pll|altpll_component|auto_generated|pll1|clk[3]'
Slack : 0.610
TNS   : 0.000

Type  : Slow 1100mV 0C Model Hold 'micron_ctrl_inst|micron_ctrl_controller_phy_inst|alt_mem_phy_inst|micron_ctrl_phy_ck_n_mem_clk_n[0]_tDQSS'
Slack : 0.909
TNS   : 0.000

Type  : Slow 1100mV 0C Model Hold 'micron_ctrl_inst|micron_ctrl_controller_phy_inst|alt_mem_phy_inst|micron_ctrl_phy_ck_p_mem_clk[0]_tDQSS'
Slack : 0.912
TNS   : 0.000

Type  : Slow 1100mV 0C Model Hold 'micron_ctrl_inst|micron_ctrl_controller_phy_inst|alt_mem_phy_inst|micron_ctrl_phy_alt_mem_phy_inst|clk|half_rate.pll|altpll_component|auto_generated|pll1|clk[1]'
Slack : 0.940
TNS   : 0.000

Type  : Slow 1100mV 0C Model Hold 'micron_ctrl_inst|micron_ctrl_controller_phy_inst|alt_mem_phy_inst|micron_ctrl_phy_ck_n_mem_clk_n[0]_tDSS'
Slack : 1.161
TNS   : 0.000

Type  : Slow 1100mV 0C Model Hold 'micron_ctrl_inst|micron_ctrl_controller_phy_inst|alt_mem_phy_inst|micron_ctrl_phy_ck_p_mem_clk[0]_tDSS'
Slack : 1.164
TNS   : 0.000

Type  : Slow 1100mV 0C Model Hold 'altera_reserved_tck'
Slack : 1.338
TNS   : 0.000

Type  : Slow 1100mV 0C Model Hold 'micron_ctrl_inst|micron_ctrl_controller_phy_inst|alt_mem_phy_inst|micron_ctrl_phy_ck_n_mem_clk_n[0]_ac_rise'
Slack : 1.773
TNS   : 0.000

Type  : Slow 1100mV 0C Model Hold 'micron_ctrl_inst|micron_ctrl_controller_phy_inst|alt_mem_phy_inst|micron_ctrl_phy_ck_p_mem_clk[0]_ac_rise'
Slack : 1.776
TNS   : 0.000

Type  : Slow 1100mV 0C Model Hold 'micron_ctrl_inst|micron_ctrl_controller_phy_inst|alt_mem_phy_inst|micron_ctrl_phy_ck_n_mem_clk_n[0]_ac_fall'
Slack : 1.782
TNS   : 0.000

Type  : Slow 1100mV 0C Model Hold 'micron_ctrl_inst|micron_ctrl_controller_phy_inst|alt_mem_phy_inst|micron_ctrl_phy_ck_p_mem_clk[0]_ac_fall'
Slack : 1.785
TNS   : 0.000

Type  : Slow 1100mV 0C Model Hold 'micron_ctrl_inst|micron_ctrl_controller_phy_inst|alt_mem_phy_inst|micron_ctrl_phy_alt_mem_phy_inst|clk|half_rate.pll|altpll_component|auto_generated|pll1|clk[3]'
Slack : 2.220
TNS   : 0.000

Type  : Slow 1100mV 0C Model Hold 'micron_ctrl_inst|micron_ctrl_controller_phy_inst|alt_mem_phy_inst|micron_ctrl_phy_alt_mem_phy_inst|clk|half_rate.pll|altpll_component|auto_generated|pll1|clk[4]'
Slack : 2.269
TNS   : 0.000

Type  : Slow 1100mV 0C Model Hold 'micron_ctrl_inst|micron_ctrl_controller_phy_inst|alt_mem_phy_inst|micron_ctrl_phy_ddr_dqsin_mem_dqs[0]'
Slack : 2.596
TNS   : 0.000

Type  : Slow 1100mV 0C Model Hold 'micron_ctrl_inst|micron_ctrl_controller_phy_inst|alt_mem_phy_inst|micron_ctrl_phy_ddr_dqsin_mem_dqs[1]'
Slack : 2.596
TNS   : 0.000

Type  : Slow 1100mV 0C Model Hold 'micron_ctrl_inst|micron_ctrl_controller_phy_inst|alt_mem_phy_inst|micron_ctrl_phy_alt_mem_phy_inst|dpio|ddr_clkdiv_gen.grp_gen[0].slaves_gen[1].clk_div_slave|clkout'
Slack : 2.819
TNS   : 0.000

Type  : Slow 1100mV 0C Model Hold 'micron_ctrl_inst|micron_ctrl_controller_phy_inst|alt_mem_phy_inst|micron_ctrl_phy_alt_mem_phy_inst|dpio|ddr_clkdiv_gen.grp_gen[1].slaves_gen[1].clk_div_slave|clkout'
Slack : 2.819
TNS   : 0.000

Type  : Slow 1100mV 0C Model Hold 'i_rc_pll|altpll_component|auto_generated|pll1|clk[4]'
Slack : 4.040
TNS   : 0.000

Type  : Slow 1100mV 0C Model Hold 'i_adc_pll|altpll_component|auto_generated|pll1|clk[4]'
Slack : 6.752
TNS   : 0.000

Type  : Slow 1100mV 0C Model Recovery 'micron_ctrl_inst|micron_ctrl_controller_phy_inst|alt_mem_phy_inst|micron_ctrl_phy_alt_mem_phy_inst|clk|half_rate.pll|altpll_component|auto_generated|pll1|clk[0]'
Slack : 2.175
TNS   : 0.000

Type  : Slow 1100mV 0C Model Recovery 'micron_ctrl_inst|micron_ctrl_controller_phy_inst|alt_mem_phy_inst|micron_ctrl_phy_alt_mem_phy_inst|clk|half_rate.pll|altpll_component|auto_generated|pll1|clk[6]'
Slack : 6.051
TNS   : 0.000

Type  : Slow 1100mV 0C Model Recovery 'micron_ctrl_inst|micron_ctrl_controller_phy_inst|alt_mem_phy_inst|micron_ctrl_phy_alt_mem_phy_inst|dpio|ddr_clkdiv_gen.grp_gen[1].slaves_gen[0].clk_div_slave|clkout'
Slack : 7.449
TNS   : 0.000

Type  : Slow 1100mV 0C Model Recovery 'micron_ctrl_inst|micron_ctrl_controller_phy_inst|alt_mem_phy_inst|micron_ctrl_phy_alt_mem_phy_inst|dpio|ddr_clkdiv_gen.clk_div_master|clkout'
Slack : 7.516
TNS   : 0.000

Type  : Slow 1100mV 0C Model Recovery 'micron_ctrl_inst|micron_ctrl_controller_phy_inst|alt_mem_phy_inst|micron_ctrl_phy_alt_mem_phy_inst|clk|half_rate.pll|altpll_component|auto_generated|pll1|clk[5]'
Slack : 8.395
TNS   : 0.000

Type  : Slow 1100mV 0C Model Recovery 'micron_ctrl_inst|micron_ctrl_controller_phy_inst|alt_mem_phy_inst|micron_ctrl_phy_alt_mem_phy_inst|clk|scan_clk|q_clock'
Slack : 18.462
TNS   : 0.000

Type  : Slow 1100mV 0C Model Recovery 'altera_reserved_tck'
Slack : 48.587
TNS   : 0.000

Type  : Slow 1100mV 0C Model Removal 'micron_ctrl_inst|micron_ctrl_controller_phy_inst|alt_mem_phy_inst|micron_ctrl_phy_alt_mem_phy_inst|dpio|ddr_clkdiv_gen.grp_gen[1].slaves_gen[0].clk_div_slave|clkout'
Slack : 0.865
TNS   : 0.000

Type  : Slow 1100mV 0C Model Removal 'micron_ctrl_inst|micron_ctrl_controller_phy_inst|alt_mem_phy_inst|micron_ctrl_phy_alt_mem_phy_inst|clk|scan_clk|q_clock'
Slack : 0.917
TNS   : 0.000

Type  : Slow 1100mV 0C Model Removal 'micron_ctrl_inst|micron_ctrl_controller_phy_inst|alt_mem_phy_inst|micron_ctrl_phy_alt_mem_phy_inst|clk|half_rate.pll|altpll_component|auto_generated|pll1|clk[0]'
Slack : 0.945
TNS   : 0.000

Type  : Slow 1100mV 0C Model Removal 'micron_ctrl_inst|micron_ctrl_controller_phy_inst|alt_mem_phy_inst|micron_ctrl_phy_alt_mem_phy_inst|clk|half_rate.pll|altpll_component|auto_generated|pll1|clk[5]'
Slack : 0.945
TNS   : 0.000

Type  : Slow 1100mV 0C Model Removal 'micron_ctrl_inst|micron_ctrl_controller_phy_inst|alt_mem_phy_inst|micron_ctrl_phy_alt_mem_phy_inst|dpio|ddr_clkdiv_gen.clk_div_master|clkout'
Slack : 0.958
TNS   : 0.000

Type  : Slow 1100mV 0C Model Removal 'altera_reserved_tck'
Slack : 1.576
TNS   : 0.000

Type  : Slow 1100mV 0C Model Removal 'micron_ctrl_inst|micron_ctrl_controller_phy_inst|alt_mem_phy_inst|micron_ctrl_phy_alt_mem_phy_inst|clk|half_rate.pll|altpll_component|auto_generated|pll1|clk[6]'
Slack : 2.145
TNS   : 0.000

Type  : Slow 1100mV 0C Model Minimum Pulse Width 'i_adc_pll|altpll_component|auto_generated|pll1|clk[0]'
Slack : 0.376
TNS   : 0.000

Type  : Slow 1100mV 0C Model Minimum Pulse Width 'micron_ctrl_inst|micron_ctrl_controller_phy_inst|alt_mem_phy_inst|micron_ctrl_phy_alt_mem_phy_inst|clk|half_rate.pll|altpll_component|auto_generated|pll1|clk[3]'
Slack : 1.677
TNS   : 0.000

Type  : Slow 1100mV 0C Model Minimum Pulse Width 'micron_ctrl_inst|micron_ctrl_controller_phy_inst|alt_mem_phy_inst|micron_ctrl_phy_alt_mem_phy_inst|clk|half_rate.pll|altpll_component|auto_generated|pll1|clk[1]'
Slack : 1.695
TNS   : 0.000

Type  : Slow 1100mV 0C Model Minimum Pulse Width 'micron_ctrl_inst|micron_ctrl_controller_phy_inst|alt_mem_phy_inst|micron_ctrl_phy_ddr_dqsin_mem_dqs[0]'
Slack : 1.729
TNS   : 0.000

Type  : Slow 1100mV 0C Model Minimum Pulse Width 'micron_ctrl_inst|micron_ctrl_controller_phy_inst|alt_mem_phy_inst|micron_ctrl_phy_ddr_dqsin_mem_dqs[1]'
Slack : 1.729
TNS   : 0.000

Type  : Slow 1100mV 0C Model Minimum Pulse Width 'micron_ctrl_inst|micron_ctrl_controller_phy_inst|alt_mem_phy_inst|micron_ctrl_phy_alt_mem_phy_inst|clk|half_rate.pll|altpll_component|auto_generated|pll1|clk[4]'
Slack : 1.755
TNS   : 0.000

Type  : Slow 1100mV 0C Model Minimum Pulse Width 'i_adc_pll|altpll_component|auto_generated|pll1|clk[4]'
Slack : 2.818
TNS   : 0.000

Type  : Slow 1100mV 0C Model Minimum Pulse Width 'i_adc_pll|altpll_component|auto_generated|pll1|clk[2]'
Slack : 2.819
TNS   : 0.000

Type  : Slow 1100mV 0C Model Minimum Pulse Width 'i_adc_pll|altpll_component|auto_generated|pll1|clk[3]'
Slack : 2.819
TNS   : 0.000

Type  : Slow 1100mV 0C Model Minimum Pulse Width 'micron_ctrl_inst|micron_ctrl_controller_phy_inst|alt_mem_phy_inst|micron_ctrl_phy_alt_mem_phy_inst|clk|half_rate.pll|altpll_component|auto_generated|pll1|clk[0]'
Slack : 3.840
TNS   : 0.000

Type  : Slow 1100mV 0C Model Minimum Pulse Width 'i_rc_pll|altpll_component|auto_generated|pll1|clk[2]'
Slack : 3.852
TNS   : 0.000

Type  : Slow 1100mV 0C Model Minimum Pulse Width 'micron_ctrl_inst|micron_ctrl_controller_phy_inst|alt_mem_phy_inst|micron_ctrl_phy_alt_mem_phy_inst|dpio|ddr_clkdiv_gen.clk_div_master|clkout'
Slack : 3.948
TNS   : 0.000

Type  : Slow 1100mV 0C Model Minimum Pulse Width 'micron_ctrl_inst|micron_ctrl_controller_phy_inst|alt_mem_phy_inst|micron_ctrl_phy_alt_mem_phy_inst|dpio|ddr_clkdiv_gen.grp_gen[1].slaves_gen[0].clk_div_slave|clkout'
Slack : 3.981
TNS   : 0.000

Type  : Slow 1100mV 0C Model Minimum Pulse Width 'micron_ctrl_inst|micron_ctrl_controller_phy_inst|alt_mem_phy_inst|micron_ctrl_phy_alt_mem_phy_inst|clk|half_rate.pll|altpll_component|auto_generated|pll1|clk[5]'
Slack : 4.162
TNS   : 0.000

Type  : Slow 1100mV 0C Model Minimum Pulse Width 'micron_ctrl_inst|micron_ctrl_controller_phy_inst|alt_mem_phy_inst|micron_ctrl_phy_alt_mem_phy_inst|clk|half_rate.pll|altpll_component|auto_generated|pll1|clk[6]'
Slack : 4.174
TNS   : 0.000

Type  : Slow 1100mV 0C Model Minimum Pulse Width 'micron_ctrl_inst|micron_ctrl_controller_phy_inst|alt_mem_phy_inst|micron_ctrl_phy_alt_mem_phy_inst|dpio|ddr_clkdiv_gen.grp_gen[0].slaves_gen[1].clk_div_slave|clkout'
Slack : 4.279
TNS   : 0.000

Type  : Slow 1100mV 0C Model Minimum Pulse Width 'micron_ctrl_inst|micron_ctrl_controller_phy_inst|alt_mem_phy_inst|micron_ctrl_phy_alt_mem_phy_inst|dpio|ddr_clkdiv_gen.grp_gen[1].slaves_gen[1].clk_div_slave|clkout'
Slack : 4.279
TNS   : 0.000

Type  : Slow 1100mV 0C Model Minimum Pulse Width 'i_rc_pll|altpll_component|auto_generated|pll1|clk[0]'
Slack : 8.761
TNS   : 0.000

Type  : Slow 1100mV 0C Model Minimum Pulse Width 'micron_ctrl_inst|micron_ctrl_controller_phy_inst|alt_mem_phy_inst|micron_ctrl_phy_alt_mem_phy_inst|clk|scan_clk|q_clock'
Slack : 8.810
TNS   : 0.000

Type  : Slow 1100mV 0C Model Minimum Pulse Width 'i_rc_pll|altpll_component|auto_generated|pll1|clk[4]'
Slack : 9.165
TNS   : 0.000

Type  : Slow 1100mV 0C Model Minimum Pulse Width 'adc_fco'
Slack : 9.945
TNS   : 0.000

Type  : Slow 1100mV 0C Model Minimum Pulse Width 'inclk'
Slack : 19.732
TNS   : 0.000

Type  : Slow 1100mV 0C Model Minimum Pulse Width 'inclk_ddr'
Slack : 19.733
TNS   : 0.000

Type  : Slow 1100mV 0C Model Minimum Pulse Width 'i_rc_pll|altpll_component|auto_generated|pll1|clk[3]'
Slack : 39.164
TNS   : 0.000

Type  : Slow 1100mV 0C Model Minimum Pulse Width 'altera_reserved_tck'
Slack : 48.838
TNS   : 0.000

Type  : Fast 1100mV 0C Model Setup 'micron_ctrl_inst|micron_ctrl_controller_phy_inst|alt_mem_phy_inst|micron_ctrl_phy_ck_n_mem_clk_n[0]_tDQSS'
Slack : 1.141
TNS   : 0.000

Type  : Fast 1100mV 0C Model Setup 'micron_ctrl_inst|micron_ctrl_controller_phy_inst|alt_mem_phy_inst|micron_ctrl_phy_ck_p_mem_clk[0]_tDQSS'
Slack : 1.159
TNS   : 0.000

Type  : Fast 1100mV 0C Model Setup 'micron_ctrl_inst|micron_ctrl_controller_phy_inst|alt_mem_phy_inst|micron_ctrl_phy_ck_n_mem_clk_n[0]_tDSS'
Slack : 1.405
TNS   : 0.000

Type  : Fast 1100mV 0C Model Setup 'micron_ctrl_inst|micron_ctrl_controller_phy_inst|alt_mem_phy_inst|micron_ctrl_phy_ck_p_mem_clk[0]_tDSS'
Slack : 1.423
TNS   : 0.000

Type  : Fast 1100mV 0C Model Setup 'micron_ctrl_inst|micron_ctrl_controller_phy_inst|alt_mem_phy_inst|micron_ctrl_phy_alt_mem_phy_inst|dpio|ddr_clkdiv_gen.clk_div_master|clkout'
Slack : 2.103
TNS   : 0.000

Type  : Fast 1100mV 0C Model Setup 'micron_ctrl_inst|micron_ctrl_controller_phy_inst|alt_mem_phy_inst|micron_ctrl_phy_alt_mem_phy_inst|dpio|ddr_clkdiv_gen.grp_gen[0].slaves_gen[1].clk_div_slave|clkout'
Slack : 2.103
TNS   : 0.000

Type  : Fast 1100mV 0C Model Setup 'micron_ctrl_inst|micron_ctrl_controller_phy_inst|alt_mem_phy_inst|micron_ctrl_phy_alt_mem_phy_inst|dpio|ddr_clkdiv_gen.grp_gen[1].slaves_gen[0].clk_div_slave|clkout'
Slack : 2.103
TNS   : 0.000

Type  : Fast 1100mV 0C Model Setup 'micron_ctrl_inst|micron_ctrl_controller_phy_inst|alt_mem_phy_inst|micron_ctrl_phy_alt_mem_phy_inst|dpio|ddr_clkdiv_gen.grp_gen[1].slaves_gen[1].clk_div_slave|clkout'
Slack : 2.103
TNS   : 0.000

Type  : Fast 1100mV 0C Model Setup 'micron_ctrl_inst|micron_ctrl_controller_phy_inst|alt_mem_phy_inst|micron_ctrl_phy_ddr_dqsin_mem_dqs[0]'
Slack : 2.232
TNS   : 0.000

Type  : Fast 1100mV 0C Model Setup 'micron_ctrl_inst|micron_ctrl_controller_phy_inst|alt_mem_phy_inst|micron_ctrl_phy_ddr_dqsin_mem_dqs[1]'
Slack : 2.232
TNS   : 0.000

Type  : Fast 1100mV 0C Model Setup 'micron_ctrl_inst|micron_ctrl_controller_phy_inst|alt_mem_phy_inst|micron_ctrl_phy_ck_n_mem_clk_n[0]_ac_rise'
Slack : 2.388
TNS   : 0.000

Type  : Fast 1100mV 0C Model Setup 'micron_ctrl_inst|micron_ctrl_controller_phy_inst|alt_mem_phy_inst|micron_ctrl_phy_ck_n_mem_clk_n[0]_ac_fall'
Slack : 2.402
TNS   : 0.000

Type  : Fast 1100mV 0C Model Setup 'micron_ctrl_inst|micron_ctrl_controller_phy_inst|alt_mem_phy_inst|micron_ctrl_phy_ck_p_mem_clk[0]_ac_rise'
Slack : 2.406
TNS   : 0.000

Type  : Fast 1100mV 0C Model Setup 'micron_ctrl_inst|micron_ctrl_controller_phy_inst|alt_mem_phy_inst|micron_ctrl_phy_ck_p_mem_clk[0]_ac_fall'
Slack : 2.420
TNS   : 0.000

Type  : Fast 1100mV 0C Model Setup 'micron_ctrl_inst|micron_ctrl_controller_phy_inst|alt_mem_phy_inst|micron_ctrl_phy_alt_mem_phy_inst|clk|half_rate.pll|altpll_component|auto_generated|pll1|clk[4]'
Slack : 2.494
TNS   : 0.000

Type  : Fast 1100mV 0C Model Setup 'micron_ctrl_inst|micron_ctrl_controller_phy_inst|alt_mem_phy_inst|micron_ctrl_phy_alt_mem_phy_inst|clk|half_rate.pll|altpll_component|auto_generated|pll1|clk[3]'
Slack : 2.620
TNS   : 0.000

Type  : Fast 1100mV 0C Model Setup 'i_adc_pll|altpll_component|auto_generated|pll1|clk[4]'
Slack : 2.816
TNS   : 0.000

Type  : Fast 1100mV 0C Model Setup 'micron_ctrl_inst|micron_ctrl_controller_phy_inst|alt_mem_phy_inst|micron_ctrl_phy_alt_mem_phy_inst|clk|half_rate.pll|altpll_component|auto_generated|pll1|clk[1]'
Slack : 3.630
TNS   : 0.000

Type  : Fast 1100mV 0C Model Setup 'micron_ctrl_inst|micron_ctrl_controller_phy_inst|alt_mem_phy_inst|micron_ctrl_phy_alt_mem_phy_inst|clk|half_rate.pll|altpll_component|auto_generated|pll1|clk[0]'
Slack : 4.047
TNS   : 0.000

Type  : Fast 1100mV 0C Model Setup 'micron_ctrl_inst|micron_ctrl_controller_phy_inst|alt_mem_phy_inst|micron_ctrl_phy_alt_mem_phy_inst|clk|half_rate.pll|altpll_component|auto_generated|pll1|clk[6]'
Slack : 4.375
TNS   : 0.000

Type  : Fast 1100mV 0C Model Setup 'i_adc_pll|altpll_component|auto_generated|pll1|clk[2]'
Slack : 6.982
TNS   : 0.000

Type  : Fast 1100mV 0C Model Setup 'i_adc_pll|altpll_component|auto_generated|pll1|clk[3]'
Slack : 7.032
TNS   : 0.000

Type  : Fast 1100mV 0C Model Setup 'micron_ctrl_inst|micron_ctrl_controller_phy_inst|alt_mem_phy_inst|micron_ctrl_phy_alt_mem_phy_inst|clk|half_rate.pll|altpll_component|auto_generated|pll1|clk[5]'
Slack : 8.054
TNS   : 0.000

Type  : Fast 1100mV 0C Model Setup 'i_rc_pll|altpll_component|auto_generated|pll1|clk[0]'
Slack : 8.089
TNS   : 0.000

Type  : Fast 1100mV 0C Model Setup 'i_rc_pll|altpll_component|auto_generated|pll1|clk[2]'
Slack : 8.775
TNS   : 0.000

Type  : Fast 1100mV 0C Model Setup 'micron_ctrl_inst|micron_ctrl_controller_phy_inst|alt_mem_phy_inst|micron_ctrl_phy_alt_mem_phy_inst|clk|scan_clk|q_clock'
Slack : 9.133
TNS   : 0.000

Type  : Fast 1100mV 0C Model Setup 'i_rc_pll|altpll_component|auto_generated|pll1|clk[4]'
Slack : 15.069
TNS   : 0.000

Type  : Fast 1100mV 0C Model Setup 'i_rc_pll|altpll_component|auto_generated|pll1|clk[3]'
Slack : 18.626
TNS   : 0.000

Type  : Fast 1100mV 0C Model Setup 'altera_reserved_tck'
Slack : 48.006
TNS   : 0.000

Type  : Fast 1100mV 0C Model Hold 'i_rc_pll|altpll_component|auto_generated|pll1|clk[2]'
Slack : 0.159
TNS   : 0.000

Type  : Fast 1100mV 0C Model Hold 'micron_ctrl_inst|micron_ctrl_controller_phy_inst|alt_mem_phy_inst|micron_ctrl_phy_alt_mem_phy_inst|clk|half_rate.pll|altpll_component|auto_generated|pll1|clk[0]'
Slack : 0.160
TNS   : 0.000

Type  : Fast 1100mV 0C Model Hold 'micron_ctrl_inst|micron_ctrl_controller_phy_inst|alt_mem_phy_inst|micron_ctrl_phy_alt_mem_phy_inst|clk|half_rate.pll|altpll_component|auto_generated|pll1|clk[5]'
Slack : 0.163
TNS   : 0.000

Type  : Fast 1100mV 0C Model Hold 'i_rc_pll|altpll_component|auto_generated|pll1|clk[0]'
Slack : 0.169
TNS   : 0.000

Type  : Fast 1100mV 0C Model Hold 'micron_ctrl_inst|micron_ctrl_controller_phy_inst|alt_mem_phy_inst|micron_ctrl_phy_alt_mem_phy_inst|clk|half_rate.pll|altpll_component|auto_generated|pll1|clk[6]'
Slack : 0.172
TNS   : 0.000

Type  : Fast 1100mV 0C Model Hold 'i_rc_pll|altpll_component|auto_generated|pll1|clk[3]'
Slack : 0.195
TNS   : 0.000

Type  : Fast 1100mV 0C Model Hold 'micron_ctrl_inst|micron_ctrl_controller_phy_inst|alt_mem_phy_inst|micron_ctrl_phy_alt_mem_phy_inst|clk|scan_clk|q_clock'
Slack : 0.202
TNS   : 0.000

Type  : Fast 1100mV 0C Model Hold 'micron_ctrl_inst|micron_ctrl_controller_phy_inst|alt_mem_phy_inst|micron_ctrl_phy_alt_mem_phy_inst|dpio|ddr_clkdiv_gen.clk_div_master|clkout'
Slack : 0.217
TNS   : 0.000

Type  : Fast 1100mV 0C Model Hold 'micron_ctrl_inst|micron_ctrl_controller_phy_inst|alt_mem_phy_inst|micron_ctrl_phy_alt_mem_phy_inst|dpio|ddr_clkdiv_gen.grp_gen[1].slaves_gen[0].clk_div_slave|clkout'
Slack : 0.231
TNS   : 0.000

Type  : Fast 1100mV 0C Model Hold 'altera_reserved_tck'
Slack : 0.629
TNS   : 0.000

Type  : Fast 1100mV 0C Model Hold 'i_adc_pll|altpll_component|auto_generated|pll1|clk[2]'
Slack : 0.732
TNS   : 0.000

Type  : Fast 1100mV 0C Model Hold 'i_adc_pll|altpll_component|auto_generated|pll1|clk[3]'
Slack : 0.758
TNS   : 0.000

Type  : Fast 1100mV 0C Model Hold 'micron_ctrl_inst|micron_ctrl_controller_phy_inst|alt_mem_phy_inst|micron_ctrl_phy_alt_mem_phy_inst|clk|half_rate.pll|altpll_component|auto_generated|pll1|clk[1]'
Slack : 0.845
TNS   : 0.000

Type  : Fast 1100mV 0C Model Hold 'micron_ctrl_inst|micron_ctrl_controller_phy_inst|alt_mem_phy_inst|micron_ctrl_phy_ck_p_mem_clk[0]_tDQSS'
Slack : 0.979
TNS   : 0.000

Type  : Fast 1100mV 0C Model Hold 'micron_ctrl_inst|micron_ctrl_controller_phy_inst|alt_mem_phy_inst|micron_ctrl_phy_ck_n_mem_clk_n[0]_tDQSS'
Slack : 0.982
TNS   : 0.000

Type  : Fast 1100mV 0C Model Hold 'micron_ctrl_inst|micron_ctrl_controller_phy_inst|alt_mem_phy_inst|micron_ctrl_phy_ck_p_mem_clk[0]_tDSS'
Slack : 1.203
TNS   : 0.000

Type  : Fast 1100mV 0C Model Hold 'micron_ctrl_inst|micron_ctrl_controller_phy_inst|alt_mem_phy_inst|micron_ctrl_phy_ck_n_mem_clk_n[0]_tDSS'
Slack : 1.206
TNS   : 0.000

Type  : Fast 1100mV 0C Model Hold 'micron_ctrl_inst|micron_ctrl_controller_phy_inst|alt_mem_phy_inst|micron_ctrl_phy_ck_p_mem_clk[0]_ac_fall'
Slack : 1.467
TNS   : 0.000

Type  : Fast 1100mV 0C Model Hold 'micron_ctrl_inst|micron_ctrl_controller_phy_inst|alt_mem_phy_inst|micron_ctrl_phy_ck_n_mem_clk_n[0]_ac_fall'
Slack : 1.470
TNS   : 0.000

Type  : Fast 1100mV 0C Model Hold 'micron_ctrl_inst|micron_ctrl_controller_phy_inst|alt_mem_phy_inst|micron_ctrl_phy_ck_p_mem_clk[0]_ac_rise'
Slack : 1.492
TNS   : 0.000

Type  : Fast 1100mV 0C Model Hold 'micron_ctrl_inst|micron_ctrl_controller_phy_inst|alt_mem_phy_inst|micron_ctrl_phy_ck_n_mem_clk_n[0]_ac_rise'
Slack : 1.495
TNS   : 0.000

Type  : Fast 1100mV 0C Model Hold 'micron_ctrl_inst|micron_ctrl_controller_phy_inst|alt_mem_phy_inst|micron_ctrl_phy_alt_mem_phy_inst|clk|half_rate.pll|altpll_component|auto_generated|pll1|clk[3]'
Slack : 2.126
TNS   : 0.000

Type  : Fast 1100mV 0C Model Hold 'micron_ctrl_inst|micron_ctrl_controller_phy_inst|alt_mem_phy_inst|micron_ctrl_phy_alt_mem_phy_inst|clk|half_rate.pll|altpll_component|auto_generated|pll1|clk[4]'
Slack : 2.288
TNS   : 0.000

Type  : Fast 1100mV 0C Model Hold 'micron_ctrl_inst|micron_ctrl_controller_phy_inst|alt_mem_phy_inst|micron_ctrl_phy_ddr_dqsin_mem_dqs[0]'
Slack : 2.603
TNS   : 0.000

Type  : Fast 1100mV 0C Model Hold 'micron_ctrl_inst|micron_ctrl_controller_phy_inst|alt_mem_phy_inst|micron_ctrl_phy_ddr_dqsin_mem_dqs[1]'
Slack : 2.603
TNS   : 0.000

Type  : Fast 1100mV 0C Model Hold 'micron_ctrl_inst|micron_ctrl_controller_phy_inst|alt_mem_phy_inst|micron_ctrl_phy_alt_mem_phy_inst|dpio|ddr_clkdiv_gen.grp_gen[0].slaves_gen[1].clk_div_slave|clkout'
Slack : 2.647
TNS   : 0.000

Type  : Fast 1100mV 0C Model Hold 'micron_ctrl_inst|micron_ctrl_controller_phy_inst|alt_mem_phy_inst|micron_ctrl_phy_alt_mem_phy_inst|dpio|ddr_clkdiv_gen.grp_gen[1].slaves_gen[1].clk_div_slave|clkout'
Slack : 2.647
TNS   : 0.000

Type  : Fast 1100mV 0C Model Hold 'i_rc_pll|altpll_component|auto_generated|pll1|clk[4]'
Slack : 2.891
TNS   : 0.000

Type  : Fast 1100mV 0C Model Hold 'i_adc_pll|altpll_component|auto_generated|pll1|clk[4]'
Slack : 6.559
TNS   : 0.000

Type  : Fast 1100mV 0C Model Recovery 'micron_ctrl_inst|micron_ctrl_controller_phy_inst|alt_mem_phy_inst|micron_ctrl_phy_alt_mem_phy_inst|clk|half_rate.pll|altpll_component|auto_generated|pll1|clk[0]'
Slack : 3.300
TNS   : 0.000

Type  : Fast 1100mV 0C Model Recovery 'micron_ctrl_inst|micron_ctrl_controller_phy_inst|alt_mem_phy_inst|micron_ctrl_phy_alt_mem_phy_inst|clk|half_rate.pll|altpll_component|auto_generated|pll1|clk[6]'
Slack : 7.703
TNS   : 0.000

Type  : Fast 1100mV 0C Model Recovery 'micron_ctrl_inst|micron_ctrl_controller_phy_inst|alt_mem_phy_inst|micron_ctrl_phy_alt_mem_phy_inst|dpio|ddr_clkdiv_gen.grp_gen[1].slaves_gen[0].clk_div_slave|clkout'
Slack : 8.727
TNS   : 0.000

Type  : Fast 1100mV 0C Model Recovery 'micron_ctrl_inst|micron_ctrl_controller_phy_inst|alt_mem_phy_inst|micron_ctrl_phy_alt_mem_phy_inst|dpio|ddr_clkdiv_gen.clk_div_master|clkout'
Slack : 8.780
TNS   : 0.000

Type  : Fast 1100mV 0C Model Recovery 'micron_ctrl_inst|micron_ctrl_controller_phy_inst|alt_mem_phy_inst|micron_ctrl_phy_alt_mem_phy_inst|clk|half_rate.pll|altpll_component|auto_generated|pll1|clk[5]'
Slack : 9.337
TNS   : 0.000

Type  : Fast 1100mV 0C Model Recovery 'micron_ctrl_inst|micron_ctrl_controller_phy_inst|alt_mem_phy_inst|micron_ctrl_phy_alt_mem_phy_inst|clk|scan_clk|q_clock'
Slack : 19.357
TNS   : 0.000

Type  : Fast 1100mV 0C Model Recovery 'altera_reserved_tck'
Slack : 49.397
TNS   : 0.000

Type  : Fast 1100mV 0C Model Removal 'micron_ctrl_inst|micron_ctrl_controller_phy_inst|alt_mem_phy_inst|micron_ctrl_phy_alt_mem_phy_inst|dpio|ddr_clkdiv_gen.grp_gen[1].slaves_gen[0].clk_div_slave|clkout'
Slack : 0.361
TNS   : 0.000

Type  : Fast 1100mV 0C Model Removal 'micron_ctrl_inst|micron_ctrl_controller_phy_inst|alt_mem_phy_inst|micron_ctrl_phy_alt_mem_phy_inst|clk|scan_clk|q_clock'
Slack : 0.378
TNS   : 0.000

Type  : Fast 1100mV 0C Model Removal 'micron_ctrl_inst|micron_ctrl_controller_phy_inst|alt_mem_phy_inst|micron_ctrl_phy_alt_mem_phy_inst|clk|half_rate.pll|altpll_component|auto_generated|pll1|clk[0]'
Slack : 0.386
TNS   : 0.000

Type  : Fast 1100mV 0C Model Removal 'micron_ctrl_inst|micron_ctrl_controller_phy_inst|alt_mem_phy_inst|micron_ctrl_phy_alt_mem_phy_inst|clk|half_rate.pll|altpll_component|auto_generated|pll1|clk[5]'
Slack : 0.387
TNS   : 0.000

Type  : Fast 1100mV 0C Model Removal 'micron_ctrl_inst|micron_ctrl_controller_phy_inst|alt_mem_phy_inst|micron_ctrl_phy_alt_mem_phy_inst|dpio|ddr_clkdiv_gen.clk_div_master|clkout'
Slack : 0.401
TNS   : 0.000

Type  : Fast 1100mV 0C Model Removal 'altera_reserved_tck'
Slack : 0.788
TNS   : 0.000

Type  : Fast 1100mV 0C Model Removal 'micron_ctrl_inst|micron_ctrl_controller_phy_inst|alt_mem_phy_inst|micron_ctrl_phy_alt_mem_phy_inst|clk|half_rate.pll|altpll_component|auto_generated|pll1|clk[6]'
Slack : 1.153
TNS   : 0.000

Type  : Fast 1100mV 0C Model Minimum Pulse Width 'i_adc_pll|altpll_component|auto_generated|pll1|clk[0]'
Slack : 0.419
TNS   : 0.000

Type  : Fast 1100mV 0C Model Minimum Pulse Width 'micron_ctrl_inst|micron_ctrl_controller_phy_inst|alt_mem_phy_inst|micron_ctrl_phy_ddr_dqsin_mem_dqs[0]'
Slack : 1.701
TNS   : 0.000

Type  : Fast 1100mV 0C Model Minimum Pulse Width 'micron_ctrl_inst|micron_ctrl_controller_phy_inst|alt_mem_phy_inst|micron_ctrl_phy_ddr_dqsin_mem_dqs[1]'
Slack : 1.701
TNS   : 0.000

Type  : Fast 1100mV 0C Model Minimum Pulse Width 'micron_ctrl_inst|micron_ctrl_controller_phy_inst|alt_mem_phy_inst|micron_ctrl_phy_alt_mem_phy_inst|clk|half_rate.pll|altpll_component|auto_generated|pll1|clk[3]'
Slack : 1.743
TNS   : 0.000

Type  : Fast 1100mV 0C Model Minimum Pulse Width 'micron_ctrl_inst|micron_ctrl_controller_phy_inst|alt_mem_phy_inst|micron_ctrl_phy_alt_mem_phy_inst|clk|half_rate.pll|altpll_component|auto_generated|pll1|clk[1]'
Slack : 1.753
TNS   : 0.000

Type  : Fast 1100mV 0C Model Minimum Pulse Width 'micron_ctrl_inst|micron_ctrl_controller_phy_inst|alt_mem_phy_inst|micron_ctrl_phy_alt_mem_phy_inst|clk|half_rate.pll|altpll_component|auto_generated|pll1|clk[4]'
Slack : 1.774
TNS   : 0.000

Type  : Fast 1100mV 0C Model Minimum Pulse Width 'i_adc_pll|altpll_component|auto_generated|pll1|clk[2]'
Slack : 2.760
TNS   : 0.000

Type  : Fast 1100mV 0C Model Minimum Pulse Width 'i_adc_pll|altpll_component|auto_generated|pll1|clk[3]'
Slack : 2.760
TNS   : 0.000

Type  : Fast 1100mV 0C Model Minimum Pulse Width 'i_adc_pll|altpll_component|auto_generated|pll1|clk[4]'
Slack : 2.760
TNS   : 0.000

Type  : Fast 1100mV 0C Model Minimum Pulse Width 'micron_ctrl_inst|micron_ctrl_controller_phy_inst|alt_mem_phy_inst|micron_ctrl_phy_alt_mem_phy_inst|dpio|ddr_clkdiv_gen.grp_gen[1].slaves_gen[0].clk_div_slave|clkout'
Slack : 4.133
TNS   : 0.000

Type  : Fast 1100mV 0C Model Minimum Pulse Width 'micron_ctrl_inst|micron_ctrl_controller_phy_inst|alt_mem_phy_inst|micron_ctrl_phy_alt_mem_phy_inst|dpio|ddr_clkdiv_gen.clk_div_master|clkout'
Slack : 4.139
TNS   : 0.000

Type  : Fast 1100mV 0C Model Minimum Pulse Width 'micron_ctrl_inst|micron_ctrl_controller_phy_inst|alt_mem_phy_inst|micron_ctrl_phy_alt_mem_phy_inst|clk|half_rate.pll|altpll_component|auto_generated|pll1|clk[0]'
Slack : 4.151
TNS   : 0.000

Type  : Fast 1100mV 0C Model Minimum Pulse Width 'i_rc_pll|altpll_component|auto_generated|pll1|clk[2]'
Slack : 4.162
TNS   : 0.000

Type  : Fast 1100mV 0C Model Minimum Pulse Width 'micron_ctrl_inst|micron_ctrl_controller_phy_inst|alt_mem_phy_inst|micron_ctrl_phy_alt_mem_phy_inst|clk|half_rate.pll|altpll_component|auto_generated|pll1|clk[6]'
Slack : 4.162
TNS   : 0.000

Type  : Fast 1100mV 0C Model Minimum Pulse Width 'micron_ctrl_inst|micron_ctrl_controller_phy_inst|alt_mem_phy_inst|micron_ctrl_phy_alt_mem_phy_inst|clk|half_rate.pll|altpll_component|auto_generated|pll1|clk[5]'
Slack : 4.169
TNS   : 0.000

Type  : Fast 1100mV 0C Model Minimum Pulse Width 'micron_ctrl_inst|micron_ctrl_controller_phy_inst|alt_mem_phy_inst|micron_ctrl_phy_alt_mem_phy_inst|dpio|ddr_clkdiv_gen.grp_gen[0].slaves_gen[1].clk_div_slave|clkout'
Slack : 4.235
TNS   : 0.000

Type  : Fast 1100mV 0C Model Minimum Pulse Width 'micron_ctrl_inst|micron_ctrl_controller_phy_inst|alt_mem_phy_inst|micron_ctrl_phy_alt_mem_phy_inst|dpio|ddr_clkdiv_gen.grp_gen[1].slaves_gen[1].clk_div_slave|clkout'
Slack : 4.235
TNS   : 0.000

Type  : Fast 1100mV 0C Model Minimum Pulse Width 'micron_ctrl_inst|micron_ctrl_controller_phy_inst|alt_mem_phy_inst|micron_ctrl_phy_alt_mem_phy_inst|clk|scan_clk|q_clock'
Slack : 8.903
TNS   : 0.000

Type  : Fast 1100mV 0C Model Minimum Pulse Width 'i_rc_pll|altpll_component|auto_generated|pll1|clk[0]'
Slack : 9.140
TNS   : 0.000

Type  : Fast 1100mV 0C Model Minimum Pulse Width 'i_rc_pll|altpll_component|auto_generated|pll1|clk[4]'
Slack : 9.167
TNS   : 0.000

Type  : Fast 1100mV 0C Model Minimum Pulse Width 'adc_fco'
Slack : 9.981
TNS   : 0.000

Type  : Fast 1100mV 0C Model Minimum Pulse Width 'inclk'
Slack : 19.950
TNS   : 0.000

Type  : Fast 1100mV 0C Model Minimum Pulse Width 'inclk_ddr'
Slack : 19.952
TNS   : 0.000

Type  : Fast 1100mV 0C Model Minimum Pulse Width 'i_rc_pll|altpll_component|auto_generated|pll1|clk[3]'
Slack : 39.167
TNS   : 0.000

Type  : Fast 1100mV 0C Model Minimum Pulse Width 'altera_reserved_tck'
Slack : 49.006
TNS   : 0.000

------------------------------------------------------------
