------------------------------------------------------------
TimeQuest Timing Analyzer Summary
------------------------------------------------------------

Type  : Slow 1100mV 85C Model Setup 'adc_pll_stratix_iii:i_adc_pll|altpll:altpll_component|adc_pll_stratix_iii_altpll:auto_generated|wire_pll1_clk[4]'
Slack : 2.312
TNS   : 0.000

Type  : Slow 1100mV 85C Model Setup 'adc_pll_stratix_iii:i_adc_pll|altpll:altpll_component|adc_pll_stratix_iii_altpll:auto_generated|wire_pll1_clk[3]'
Slack : 6.274
TNS   : 0.000

Type  : Slow 1100mV 85C Model Setup 'adc_pll_stratix_iii:i_adc_pll|altpll:altpll_component|adc_pll_stratix_iii_altpll:auto_generated|wire_pll1_clk[2]'
Slack : 6.328
TNS   : 0.000

Type  : Slow 1100mV 85C Model Setup 'rc_pll_stratix_iii:i_rc_pll|altpll:altpll_component|altpll_k773:auto_generated|clk[2]'
Slack : 6.813
TNS   : 0.000

Type  : Slow 1100mV 85C Model Setup 'rc_pll_stratix_iii:i_rc_pll|altpll:altpll_component|altpll_k773:auto_generated|clk[0]'
Slack : 7.079
TNS   : 0.000

Type  : Slow 1100mV 85C Model Setup 'rc_pll_stratix_iii:i_rc_pll|altpll:altpll_component|altpll_k773:auto_generated|clk[4]'
Slack : 12.031
TNS   : 0.000

Type  : Slow 1100mV 85C Model Setup 'rc_pll_stratix_iii:i_rc_pll|altpll:altpll_component|altpll_k773:auto_generated|clk[3]'
Slack : 14.025
TNS   : 0.000

Type  : Slow 1100mV 85C Model Hold 'rc_pll_stratix_iii:i_rc_pll|altpll:altpll_component|altpll_k773:auto_generated|clk[0]'
Slack : 0.207
TNS   : 0.000

Type  : Slow 1100mV 85C Model Hold 'rc_pll_stratix_iii:i_rc_pll|altpll:altpll_component|altpll_k773:auto_generated|clk[2]'
Slack : 0.336
TNS   : 0.000

Type  : Slow 1100mV 85C Model Hold 'rc_pll_stratix_iii:i_rc_pll|altpll:altpll_component|altpll_k773:auto_generated|clk[3]'
Slack : 0.413
TNS   : 0.000

Type  : Slow 1100mV 85C Model Hold 'adc_pll_stratix_iii:i_adc_pll|altpll:altpll_component|adc_pll_stratix_iii_altpll:auto_generated|wire_pll1_clk[2]'
Slack : 0.494
TNS   : 0.000

Type  : Slow 1100mV 85C Model Hold 'adc_pll_stratix_iii:i_adc_pll|altpll:altpll_component|adc_pll_stratix_iii_altpll:auto_generated|wire_pll1_clk[3]'
Slack : 0.522
TNS   : 0.000

Type  : Slow 1100mV 85C Model Hold 'rc_pll_stratix_iii:i_rc_pll|altpll:altpll_component|altpll_k773:auto_generated|clk[4]'
Slack : 4.269
TNS   : 0.000

Type  : Slow 1100mV 85C Model Hold 'adc_pll_stratix_iii:i_adc_pll|altpll:altpll_component|adc_pll_stratix_iii_altpll:auto_generated|wire_pll1_clk[4]'
Slack : 6.823
TNS   : 0.000

Type  : Slow 1100mV 85C Model Minimum Pulse Width 'adc_pll_stratix_iii:i_adc_pll|altpll:altpll_component|adc_pll_stratix_iii_altpll:auto_generated|wire_pll1_clk[0]'
Slack : 0.383
TNS   : 0.000

Type  : Slow 1100mV 85C Model Minimum Pulse Width 'adc_pll_stratix_iii:i_adc_pll|altpll:altpll_component|adc_pll_stratix_iii_altpll:auto_generated|wire_pll1_clk[3]'
Slack : 2.818
TNS   : 0.000

Type  : Slow 1100mV 85C Model Minimum Pulse Width 'adc_pll_stratix_iii:i_adc_pll|altpll:altpll_component|adc_pll_stratix_iii_altpll:auto_generated|wire_pll1_clk[4]'
Slack : 2.819
TNS   : 0.000

Type  : Slow 1100mV 85C Model Minimum Pulse Width 'adc_pll_stratix_iii:i_adc_pll|altpll:altpll_component|adc_pll_stratix_iii_altpll:auto_generated|wire_pll1_clk[2]'
Slack : 2.820
TNS   : 0.000

Type  : Slow 1100mV 85C Model Minimum Pulse Width 'rc_pll_stratix_iii:i_rc_pll|altpll:altpll_component|altpll_k773:auto_generated|clk[2]'
Slack : 3.903
TNS   : 0.000

Type  : Slow 1100mV 85C Model Minimum Pulse Width 'rc_pll_stratix_iii:i_rc_pll|altpll:altpll_component|altpll_k773:auto_generated|clk[0]'
Slack : 8.760
TNS   : 0.000

Type  : Slow 1100mV 85C Model Minimum Pulse Width 'rc_pll_stratix_iii:i_rc_pll|altpll:altpll_component|altpll_k773:auto_generated|clk[4]'
Slack : 9.167
TNS   : 0.000

Type  : Slow 1100mV 85C Model Minimum Pulse Width 'adc_fco'
Slack : 9.945
TNS   : 0.000

Type  : Slow 1100mV 85C Model Minimum Pulse Width 'inclk6'
Slack : 19.728
TNS   : 0.000

Type  : Slow 1100mV 85C Model Minimum Pulse Width 'inclk'
Slack : 19.729
TNS   : 0.000

Type  : Slow 1100mV 85C Model Minimum Pulse Width 'rc_pll_stratix_iii:i_rc_pll|altpll:altpll_component|altpll_k773:auto_generated|clk[3]'
Slack : 39.168
TNS   : 0.000

Type  : Slow 1100mV 0C Model Setup 'adc_pll_stratix_iii:i_adc_pll|altpll:altpll_component|adc_pll_stratix_iii_altpll:auto_generated|wire_pll1_clk[4]'
Slack : 2.360
TNS   : 0.000

Type  : Slow 1100mV 0C Model Setup 'adc_pll_stratix_iii:i_adc_pll|altpll:altpll_component|adc_pll_stratix_iii_altpll:auto_generated|wire_pll1_clk[3]'
Slack : 6.422
TNS   : 0.000

Type  : Slow 1100mV 0C Model Setup 'adc_pll_stratix_iii:i_adc_pll|altpll:altpll_component|adc_pll_stratix_iii_altpll:auto_generated|wire_pll1_clk[2]'
Slack : 6.471
TNS   : 0.000

Type  : Slow 1100mV 0C Model Setup 'rc_pll_stratix_iii:i_rc_pll|altpll:altpll_component|altpll_k773:auto_generated|clk[2]'
Slack : 6.891
TNS   : 0.000

Type  : Slow 1100mV 0C Model Setup 'rc_pll_stratix_iii:i_rc_pll|altpll:altpll_component|altpll_k773:auto_generated|clk[0]'
Slack : 7.224
TNS   : 0.000

Type  : Slow 1100mV 0C Model Setup 'rc_pll_stratix_iii:i_rc_pll|altpll:altpll_component|altpll_k773:auto_generated|clk[4]'
Slack : 12.420
TNS   : 0.000

Type  : Slow 1100mV 0C Model Setup 'rc_pll_stratix_iii:i_rc_pll|altpll:altpll_component|altpll_k773:auto_generated|clk[3]'
Slack : 14.229
TNS   : 0.000

Type  : Slow 1100mV 0C Model Hold 'rc_pll_stratix_iii:i_rc_pll|altpll:altpll_component|altpll_k773:auto_generated|clk[0]'
Slack : 0.174
TNS   : 0.000

Type  : Slow 1100mV 0C Model Hold 'rc_pll_stratix_iii:i_rc_pll|altpll:altpll_component|altpll_k773:auto_generated|clk[2]'
Slack : 0.325
TNS   : 0.000

Type  : Slow 1100mV 0C Model Hold 'rc_pll_stratix_iii:i_rc_pll|altpll:altpll_component|altpll_k773:auto_generated|clk[3]'
Slack : 0.390
TNS   : 0.000

Type  : Slow 1100mV 0C Model Hold 'adc_pll_stratix_iii:i_adc_pll|altpll:altpll_component|adc_pll_stratix_iii_altpll:auto_generated|wire_pll1_clk[2]'
Slack : 0.478
TNS   : 0.000

Type  : Slow 1100mV 0C Model Hold 'adc_pll_stratix_iii:i_adc_pll|altpll:altpll_component|adc_pll_stratix_iii_altpll:auto_generated|wire_pll1_clk[3]'
Slack : 0.503
TNS   : 0.000

Type  : Slow 1100mV 0C Model Hold 'rc_pll_stratix_iii:i_rc_pll|altpll:altpll_component|altpll_k773:auto_generated|clk[4]'
Slack : 4.054
TNS   : 0.000

Type  : Slow 1100mV 0C Model Hold 'adc_pll_stratix_iii:i_adc_pll|altpll:altpll_component|adc_pll_stratix_iii_altpll:auto_generated|wire_pll1_clk[4]'
Slack : 6.803
TNS   : 0.000

Type  : Slow 1100mV 0C Model Minimum Pulse Width 'adc_pll_stratix_iii:i_adc_pll|altpll:altpll_component|adc_pll_stratix_iii_altpll:auto_generated|wire_pll1_clk[0]'
Slack : 0.376
TNS   : 0.000

Type  : Slow 1100mV 0C Model Minimum Pulse Width 'adc_pll_stratix_iii:i_adc_pll|altpll:altpll_component|adc_pll_stratix_iii_altpll:auto_generated|wire_pll1_clk[3]'
Slack : 2.820
TNS   : 0.000

Type  : Slow 1100mV 0C Model Minimum Pulse Width 'adc_pll_stratix_iii:i_adc_pll|altpll:altpll_component|adc_pll_stratix_iii_altpll:auto_generated|wire_pll1_clk[4]'
Slack : 2.820
TNS   : 0.000

Type  : Slow 1100mV 0C Model Minimum Pulse Width 'adc_pll_stratix_iii:i_adc_pll|altpll:altpll_component|adc_pll_stratix_iii_altpll:auto_generated|wire_pll1_clk[2]'
Slack : 2.822
TNS   : 0.000

Type  : Slow 1100mV 0C Model Minimum Pulse Width 'rc_pll_stratix_iii:i_rc_pll|altpll:altpll_component|altpll_k773:auto_generated|clk[2]'
Slack : 3.850
TNS   : 0.000

Type  : Slow 1100mV 0C Model Minimum Pulse Width 'rc_pll_stratix_iii:i_rc_pll|altpll:altpll_component|altpll_k773:auto_generated|clk[0]'
Slack : 8.761
TNS   : 0.000

Type  : Slow 1100mV 0C Model Minimum Pulse Width 'rc_pll_stratix_iii:i_rc_pll|altpll:altpll_component|altpll_k773:auto_generated|clk[4]'
Slack : 9.166
TNS   : 0.000

Type  : Slow 1100mV 0C Model Minimum Pulse Width 'adc_fco'
Slack : 9.945
TNS   : 0.000

Type  : Slow 1100mV 0C Model Minimum Pulse Width 'inclk'
Slack : 19.732
TNS   : 0.000

Type  : Slow 1100mV 0C Model Minimum Pulse Width 'inclk6'
Slack : 19.735
TNS   : 0.000

Type  : Slow 1100mV 0C Model Minimum Pulse Width 'rc_pll_stratix_iii:i_rc_pll|altpll:altpll_component|altpll_k773:auto_generated|clk[3]'
Slack : 39.164
TNS   : 0.000

Type  : Fast 1100mV 0C Model Setup 'adc_pll_stratix_iii:i_adc_pll|altpll:altpll_component|adc_pll_stratix_iii_altpll:auto_generated|wire_pll1_clk[4]'
Slack : 2.981
TNS   : 0.000

Type  : Fast 1100mV 0C Model Setup 'adc_pll_stratix_iii:i_adc_pll|altpll:altpll_component|adc_pll_stratix_iii_altpll:auto_generated|wire_pll1_clk[3]'
Slack : 7.343
TNS   : 0.000

Type  : Fast 1100mV 0C Model Setup 'adc_pll_stratix_iii:i_adc_pll|altpll:altpll_component|adc_pll_stratix_iii_altpll:auto_generated|wire_pll1_clk[2]'
Slack : 7.397
TNS   : 0.000

Type  : Fast 1100mV 0C Model Setup 'rc_pll_stratix_iii:i_rc_pll|altpll:altpll_component|altpll_k773:auto_generated|clk[0]'
Slack : 8.487
TNS   : 0.000

Type  : Fast 1100mV 0C Model Setup 'rc_pll_stratix_iii:i_rc_pll|altpll:altpll_component|altpll_k773:auto_generated|clk[2]'
Slack : 8.651
TNS   : 0.000

Type  : Fast 1100mV 0C Model Setup 'rc_pll_stratix_iii:i_rc_pll|altpll:altpll_component|altpll_k773:auto_generated|clk[4]'
Slack : 14.936
TNS   : 0.000

Type  : Fast 1100mV 0C Model Setup 'rc_pll_stratix_iii:i_rc_pll|altpll:altpll_component|altpll_k773:auto_generated|clk[3]'
Slack : 17.378
TNS   : 0.000

Type  : Fast 1100mV 0C Model Hold 'rc_pll_stratix_iii:i_rc_pll|altpll:altpll_component|altpll_k773:auto_generated|clk[0]'
Slack : 0.127
TNS   : 0.000

Type  : Fast 1100mV 0C Model Hold 'rc_pll_stratix_iii:i_rc_pll|altpll:altpll_component|altpll_k773:auto_generated|clk[2]'
Slack : 0.129
TNS   : 0.000

Type  : Fast 1100mV 0C Model Hold 'rc_pll_stratix_iii:i_rc_pll|altpll:altpll_component|altpll_k773:auto_generated|clk[3]'
Slack : 0.172
TNS   : 0.000

Type  : Fast 1100mV 0C Model Hold 'adc_pll_stratix_iii:i_adc_pll|altpll:altpll_component|adc_pll_stratix_iii_altpll:auto_generated|wire_pll1_clk[2]'
Slack : 0.660
TNS   : 0.000

Type  : Fast 1100mV 0C Model Hold 'adc_pll_stratix_iii:i_adc_pll|altpll:altpll_component|adc_pll_stratix_iii_altpll:auto_generated|wire_pll1_clk[3]'
Slack : 0.687
TNS   : 0.000

Type  : Fast 1100mV 0C Model Hold 'rc_pll_stratix_iii:i_rc_pll|altpll:altpll_component|altpll_k773:auto_generated|clk[4]'
Slack : 2.900
TNS   : 0.000

Type  : Fast 1100mV 0C Model Hold 'adc_pll_stratix_iii:i_adc_pll|altpll:altpll_component|adc_pll_stratix_iii_altpll:auto_generated|wire_pll1_clk[4]'
Slack : 6.581
TNS   : 0.000

Type  : Fast 1100mV 0C Model Minimum Pulse Width 'adc_pll_stratix_iii:i_adc_pll|altpll:altpll_component|adc_pll_stratix_iii_altpll:auto_generated|wire_pll1_clk[0]'
Slack : 0.419
TNS   : 0.000

Type  : Fast 1100mV 0C Model Minimum Pulse Width 'adc_pll_stratix_iii:i_adc_pll|altpll:altpll_component|adc_pll_stratix_iii_altpll:auto_generated|wire_pll1_clk[2]'
Slack : 3.227
TNS   : 0.000

Type  : Fast 1100mV 0C Model Minimum Pulse Width 'adc_pll_stratix_iii:i_adc_pll|altpll:altpll_component|adc_pll_stratix_iii_altpll:auto_generated|wire_pll1_clk[3]'
Slack : 3.227
TNS   : 0.000

Type  : Fast 1100mV 0C Model Minimum Pulse Width 'adc_pll_stratix_iii:i_adc_pll|altpll:altpll_component|adc_pll_stratix_iii_altpll:auto_generated|wire_pll1_clk[4]'
Slack : 3.227
TNS   : 0.000

Type  : Fast 1100mV 0C Model Minimum Pulse Width 'rc_pll_stratix_iii:i_rc_pll|altpll:altpll_component|altpll_k773:auto_generated|clk[2]'
Slack : 4.164
TNS   : 0.000

Type  : Fast 1100mV 0C Model Minimum Pulse Width 'rc_pll_stratix_iii:i_rc_pll|altpll:altpll_component|altpll_k773:auto_generated|clk[0]'
Slack : 9.139
TNS   : 0.000

Type  : Fast 1100mV 0C Model Minimum Pulse Width 'rc_pll_stratix_iii:i_rc_pll|altpll:altpll_component|altpll_k773:auto_generated|clk[4]'
Slack : 9.635
TNS   : 0.000

Type  : Fast 1100mV 0C Model Minimum Pulse Width 'adc_fco'
Slack : 9.981
TNS   : 0.000

Type  : Fast 1100mV 0C Model Minimum Pulse Width 'inclk6'
Slack : 19.948
TNS   : 0.000

Type  : Fast 1100mV 0C Model Minimum Pulse Width 'inclk'
Slack : 19.950
TNS   : 0.000

Type  : Fast 1100mV 0C Model Minimum Pulse Width 'rc_pll_stratix_iii:i_rc_pll|altpll:altpll_component|altpll_k773:auto_generated|clk[3]'
Slack : 39.637
TNS   : 0.000

------------------------------------------------------------
