------------------------------------------------------------
TimeQuest Timing Analyzer Summary
------------------------------------------------------------

Type  : Slow 1100mV 85C Model Setup 'micron_ctrl_inst|micron_ctrl_controller_phy_inst|alt_mem_phy_inst|micron_ctrl_phy_ck_n_mem_clk_n[0]_tDQSS'
Slack : 1.089
TNS   : 0.000

Type  : Slow 1100mV 85C Model Setup 'micron_ctrl_inst|micron_ctrl_controller_phy_inst|alt_mem_phy_inst|micron_ctrl_phy_ck_p_mem_clk[0]_tDQSS'
Slack : 1.113
TNS   : 0.000

Type  : Slow 1100mV 85C Model Setup 'micron_ctrl_inst|micron_ctrl_controller_phy_inst|alt_mem_phy_inst|micron_ctrl_phy_ck_n_mem_clk_n[0]_tDSS'
Slack : 1.291
TNS   : 0.000

Type  : Slow 1100mV 85C Model Setup 'micron_ctrl_inst|micron_ctrl_controller_phy_inst|alt_mem_phy_inst|micron_ctrl_phy_ck_p_mem_clk[0]_tDSS'
Slack : 1.315
TNS   : 0.000

Type  : Slow 1100mV 85C Model Setup 'micron_ctrl_inst|micron_ctrl_controller_phy_inst|alt_mem_phy_inst|micron_ctrl_phy_alt_mem_phy_inst|dpio|ddr_clkdiv_gen.clk_div_master|clkout'
Slack : 1.830
TNS   : 0.000

Type  : Slow 1100mV 85C Model Setup 'micron_ctrl_inst|micron_ctrl_controller_phy_inst|alt_mem_phy_inst|micron_ctrl_phy_alt_mem_phy_inst|dpio|ddr_clkdiv_gen.grp_gen[0].slaves_gen[1].clk_div_slave|clkout'
Slack : 1.830
TNS   : 0.000

Type  : Slow 1100mV 85C Model Setup 'micron_ctrl_inst|micron_ctrl_controller_phy_inst|alt_mem_phy_inst|micron_ctrl_phy_alt_mem_phy_inst|dpio|ddr_clkdiv_gen.grp_gen[1].slaves_gen[0].clk_div_slave|clkout'
Slack : 1.830
TNS   : 0.000

Type  : Slow 1100mV 85C Model Setup 'micron_ctrl_inst|micron_ctrl_controller_phy_inst|alt_mem_phy_inst|micron_ctrl_phy_alt_mem_phy_inst|dpio|ddr_clkdiv_gen.grp_gen[1].slaves_gen[1].clk_div_slave|clkout'
Slack : 1.830
TNS   : 0.000

Type  : Slow 1100mV 85C Model Setup 'micron_ctrl_inst|micron_ctrl_controller_phy_inst|alt_mem_phy_inst|micron_ctrl_phy_ck_n_mem_clk_n[0]_ac_fall'
Slack : 1.854
TNS   : 0.000

Type  : Slow 1100mV 85C Model Setup 'micron_ctrl_inst|micron_ctrl_controller_phy_inst|alt_mem_phy_inst|micron_ctrl_phy_ck_p_mem_clk[0]_ac_fall'
Slack : 1.878
TNS   : 0.000

Type  : Slow 1100mV 85C Model Setup 'i_adc_pll|altpll_component|auto_generated|pll1|clk[4]'
Slack : 1.883
TNS   : 0.000

Type  : Slow 1100mV 85C Model Setup 'micron_ctrl_inst|micron_ctrl_controller_phy_inst|alt_mem_phy_inst|micron_ctrl_phy_ck_n_mem_clk_n[0]_ac_rise'
Slack : 1.902
TNS   : 0.000

Type  : Slow 1100mV 85C Model Setup 'micron_ctrl_inst|micron_ctrl_controller_phy_inst|alt_mem_phy_inst|micron_ctrl_phy_ck_p_mem_clk[0]_ac_rise'
Slack : 1.926
TNS   : 0.000

Type  : Slow 1100mV 85C Model Setup 'micron_ctrl_inst|micron_ctrl_controller_phy_inst|alt_mem_phy_inst|micron_ctrl_phy_ddr_dqsin_mem_dqs[0]'
Slack : 2.105
TNS   : 0.000

Type  : Slow 1100mV 85C Model Setup 'micron_ctrl_inst|micron_ctrl_controller_phy_inst|alt_mem_phy_inst|micron_ctrl_phy_ddr_dqsin_mem_dqs[1]'
Slack : 2.105
TNS   : 0.000

Type  : Slow 1100mV 85C Model Setup 'micron_ctrl_inst|micron_ctrl_controller_phy_inst|alt_mem_phy_inst|micron_ctrl_phy_alt_mem_phy_inst|clk|half_rate.pll|altpll_component|auto_generated|pll1|clk[3]'
Slack : 2.343
TNS   : 0.000

Type  : Slow 1100mV 85C Model Setup 'micron_ctrl_inst|micron_ctrl_controller_phy_inst|alt_mem_phy_inst|micron_ctrl_phy_alt_mem_phy_inst|clk|half_rate.pll|altpll_component|auto_generated|pll1|clk[4]'
Slack : 2.444
TNS   : 0.000

Type  : Slow 1100mV 85C Model Setup 'micron_ctrl_inst|micron_ctrl_controller_phy_inst|alt_mem_phy_inst|micron_ctrl_phy_alt_mem_phy_inst|clk|half_rate.pll|altpll_component|auto_generated|pll1|clk[0]'
Slack : 3.222
TNS   : 0.000

Type  : Slow 1100mV 85C Model Setup 'micron_ctrl_inst|micron_ctrl_controller_phy_inst|alt_mem_phy_inst|micron_ctrl_phy_alt_mem_phy_inst|clk|half_rate.pll|altpll_component|auto_generated|pll1|clk[1]'
Slack : 3.236
TNS   : 0.000

Type  : Slow 1100mV 85C Model Setup 'micron_ctrl_inst|micron_ctrl_controller_phy_inst|alt_mem_phy_inst|micron_ctrl_phy_alt_mem_phy_inst|clk|half_rate.pll|altpll_component|auto_generated|pll1|clk[6]'
Slack : 3.307
TNS   : 0.000

Type  : Slow 1100mV 85C Model Setup 'micron_ctrl_inst|micron_ctrl_controller_phy_inst|alt_mem_phy_inst|micron_ctrl_phy_alt_mem_phy_inst|clk|half_rate.pll|altpll_component|auto_generated|pll1|clk[5]'
Slack : 6.445
TNS   : 0.000

Type  : Slow 1100mV 85C Model Setup 'i_adc_pll|altpll_component|auto_generated|pll1|clk[2]'
Slack : 6.542
TNS   : 0.000

Type  : Slow 1100mV 85C Model Setup 'i_adc_pll|altpll_component|auto_generated|pll1|clk[3]'
Slack : 6.557
TNS   : 0.000

Type  : Slow 1100mV 85C Model Setup 'i_rc_pll|altpll_component|auto_generated|pll1|clk[0]'
Slack : 6.754
TNS   : 0.000

Type  : Slow 1100mV 85C Model Setup 'i_rc_pll|altpll_component|auto_generated|pll1|clk[2]'
Slack : 6.808
TNS   : 0.000

Type  : Slow 1100mV 85C Model Setup 'micron_ctrl_inst|micron_ctrl_controller_phy_inst|alt_mem_phy_inst|micron_ctrl_phy_alt_mem_phy_inst|clk|scan_clk|q_clock'
Slack : 9.583
TNS   : 0.000

Type  : Slow 1100mV 85C Model Setup 'i_rc_pll|altpll_component|auto_generated|pll1|clk[4]'
Slack : 12.892
TNS   : 0.000

Type  : Slow 1100mV 85C Model Setup 'i_rc_pll|altpll_component|auto_generated|pll1|clk[3]'
Slack : 17.896
TNS   : 0.000

Type  : Slow 1100mV 85C Model Hold 'i_rc_pll|altpll_component|auto_generated|pll1|clk[0]'
Slack : 0.316
TNS   : 0.000

Type  : Slow 1100mV 85C Model Hold 'micron_ctrl_inst|micron_ctrl_controller_phy_inst|alt_mem_phy_inst|micron_ctrl_phy_alt_mem_phy_inst|dpio|ddr_clkdiv_gen.clk_div_master|clkout'
Slack : 0.380
TNS   : 0.000

Type  : Slow 1100mV 85C Model Hold 'micron_ctrl_inst|micron_ctrl_controller_phy_inst|alt_mem_phy_inst|micron_ctrl_phy_alt_mem_phy_inst|dpio|ddr_clkdiv_gen.grp_gen[1].slaves_gen[0].clk_div_slave|clkout'
Slack : 0.383
TNS   : 0.000

Type  : Slow 1100mV 85C Model Hold 'micron_ctrl_inst|micron_ctrl_controller_phy_inst|alt_mem_phy_inst|micron_ctrl_phy_alt_mem_phy_inst|clk|half_rate.pll|altpll_component|auto_generated|pll1|clk[6]'
Slack : 0.412
TNS   : 0.000

Type  : Slow 1100mV 85C Model Hold 'micron_ctrl_inst|micron_ctrl_controller_phy_inst|alt_mem_phy_inst|micron_ctrl_phy_alt_mem_phy_inst|clk|half_rate.pll|altpll_component|auto_generated|pll1|clk[0]'
Slack : 0.437
TNS   : 0.000

Type  : Slow 1100mV 85C Model Hold 'micron_ctrl_inst|micron_ctrl_controller_phy_inst|alt_mem_phy_inst|micron_ctrl_phy_alt_mem_phy_inst|clk|half_rate.pll|altpll_component|auto_generated|pll1|clk[5]'
Slack : 0.469
TNS   : 0.000

Type  : Slow 1100mV 85C Model Hold 'i_adc_pll|altpll_component|auto_generated|pll1|clk[2]'
Slack : 0.495
TNS   : 0.000

Type  : Slow 1100mV 85C Model Hold 'i_rc_pll|altpll_component|auto_generated|pll1|clk[2]'
Slack : 0.514
TNS   : 0.000

Type  : Slow 1100mV 85C Model Hold 'i_rc_pll|altpll_component|auto_generated|pll1|clk[3]'
Slack : 0.514
TNS   : 0.000

Type  : Slow 1100mV 85C Model Hold 'micron_ctrl_inst|micron_ctrl_controller_phy_inst|alt_mem_phy_inst|micron_ctrl_phy_alt_mem_phy_inst|clk|scan_clk|q_clock'
Slack : 0.524
TNS   : 0.000

Type  : Slow 1100mV 85C Model Hold 'i_adc_pll|altpll_component|auto_generated|pll1|clk[3]'
Slack : 0.531
TNS   : 0.000

Type  : Slow 1100mV 85C Model Hold 'micron_ctrl_inst|micron_ctrl_controller_phy_inst|alt_mem_phy_inst|micron_ctrl_phy_ck_n_mem_clk_n[0]_tDQSS'
Slack : 0.870
TNS   : 0.000

Type  : Slow 1100mV 85C Model Hold 'micron_ctrl_inst|micron_ctrl_controller_phy_inst|alt_mem_phy_inst|micron_ctrl_phy_ck_p_mem_clk[0]_tDQSS'
Slack : 0.874
TNS   : 0.000

Type  : Slow 1100mV 85C Model Hold 'micron_ctrl_inst|micron_ctrl_controller_phy_inst|alt_mem_phy_inst|micron_ctrl_phy_alt_mem_phy_inst|clk|half_rate.pll|altpll_component|auto_generated|pll1|clk[1]'
Slack : 0.931
TNS   : 0.000

Type  : Slow 1100mV 85C Model Hold 'micron_ctrl_inst|micron_ctrl_controller_phy_inst|alt_mem_phy_inst|micron_ctrl_phy_ck_n_mem_clk_n[0]_tDSS'
Slack : 1.140
TNS   : 0.000

Type  : Slow 1100mV 85C Model Hold 'micron_ctrl_inst|micron_ctrl_controller_phy_inst|alt_mem_phy_inst|micron_ctrl_phy_ck_p_mem_clk[0]_tDSS'
Slack : 1.144
TNS   : 0.000

Type  : Slow 1100mV 85C Model Hold 'micron_ctrl_inst|micron_ctrl_controller_phy_inst|alt_mem_phy_inst|micron_ctrl_phy_ck_n_mem_clk_n[0]_ac_rise'
Slack : 1.801
TNS   : 0.000

Type  : Slow 1100mV 85C Model Hold 'micron_ctrl_inst|micron_ctrl_controller_phy_inst|alt_mem_phy_inst|micron_ctrl_phy_ck_p_mem_clk[0]_ac_rise'
Slack : 1.805
TNS   : 0.000

Type  : Slow 1100mV 85C Model Hold 'micron_ctrl_inst|micron_ctrl_controller_phy_inst|alt_mem_phy_inst|micron_ctrl_phy_ck_n_mem_clk_n[0]_ac_fall'
Slack : 1.823
TNS   : 0.000

Type  : Slow 1100mV 85C Model Hold 'micron_ctrl_inst|micron_ctrl_controller_phy_inst|alt_mem_phy_inst|micron_ctrl_phy_ck_p_mem_clk[0]_ac_fall'
Slack : 1.827
TNS   : 0.000

Type  : Slow 1100mV 85C Model Hold 'micron_ctrl_inst|micron_ctrl_controller_phy_inst|alt_mem_phy_inst|micron_ctrl_phy_alt_mem_phy_inst|clk|half_rate.pll|altpll_component|auto_generated|pll1|clk[3]'
Slack : 2.215
TNS   : 0.000

Type  : Slow 1100mV 85C Model Hold 'micron_ctrl_inst|micron_ctrl_controller_phy_inst|alt_mem_phy_inst|micron_ctrl_phy_alt_mem_phy_inst|clk|half_rate.pll|altpll_component|auto_generated|pll1|clk[4]'
Slack : 2.250
TNS   : 0.000

Type  : Slow 1100mV 85C Model Hold 'micron_ctrl_inst|micron_ctrl_controller_phy_inst|alt_mem_phy_inst|micron_ctrl_phy_ddr_dqsin_mem_dqs[0]'
Slack : 2.597
TNS   : 0.000

Type  : Slow 1100mV 85C Model Hold 'micron_ctrl_inst|micron_ctrl_controller_phy_inst|alt_mem_phy_inst|micron_ctrl_phy_ddr_dqsin_mem_dqs[1]'
Slack : 2.597
TNS   : 0.000

Type  : Slow 1100mV 85C Model Hold 'micron_ctrl_inst|micron_ctrl_controller_phy_inst|alt_mem_phy_inst|micron_ctrl_phy_alt_mem_phy_inst|dpio|ddr_clkdiv_gen.grp_gen[0].slaves_gen[1].clk_div_slave|clkout'
Slack : 2.834
TNS   : 0.000

Type  : Slow 1100mV 85C Model Hold 'micron_ctrl_inst|micron_ctrl_controller_phy_inst|alt_mem_phy_inst|micron_ctrl_phy_alt_mem_phy_inst|dpio|ddr_clkdiv_gen.grp_gen[1].slaves_gen[1].clk_div_slave|clkout'
Slack : 2.834
TNS   : 0.000

Type  : Slow 1100mV 85C Model Hold 'i_rc_pll|altpll_component|auto_generated|pll1|clk[4]'
Slack : 4.256
TNS   : 0.000

Type  : Slow 1100mV 85C Model Hold 'i_adc_pll|altpll_component|auto_generated|pll1|clk[4]'
Slack : 6.768
TNS   : 0.000

Type  : Slow 1100mV 85C Model Recovery 'micron_ctrl_inst|micron_ctrl_controller_phy_inst|alt_mem_phy_inst|micron_ctrl_phy_alt_mem_phy_inst|clk|half_rate.pll|altpll_component|auto_generated|pll1|clk[0]'
Slack : 1.768
TNS   : 0.000

Type  : Slow 1100mV 85C Model Recovery 'micron_ctrl_inst|micron_ctrl_controller_phy_inst|alt_mem_phy_inst|micron_ctrl_phy_alt_mem_phy_inst|clk|half_rate.pll|altpll_component|auto_generated|pll1|clk[6]'
Slack : 6.422
TNS   : 0.000

Type  : Slow 1100mV 85C Model Recovery 'micron_ctrl_inst|micron_ctrl_controller_phy_inst|alt_mem_phy_inst|micron_ctrl_phy_alt_mem_phy_inst|dpio|ddr_clkdiv_gen.clk_div_master|clkout'
Slack : 7.683
TNS   : 0.000

Type  : Slow 1100mV 85C Model Recovery 'micron_ctrl_inst|micron_ctrl_controller_phy_inst|alt_mem_phy_inst|micron_ctrl_phy_alt_mem_phy_inst|dpio|ddr_clkdiv_gen.grp_gen[1].slaves_gen[0].clk_div_slave|clkout'
Slack : 7.896
TNS   : 0.000

Type  : Slow 1100mV 85C Model Recovery 'micron_ctrl_inst|micron_ctrl_controller_phy_inst|alt_mem_phy_inst|micron_ctrl_phy_alt_mem_phy_inst|clk|half_rate.pll|altpll_component|auto_generated|pll1|clk[5]'
Slack : 8.355
TNS   : 0.000

Type  : Slow 1100mV 85C Model Recovery 'micron_ctrl_inst|micron_ctrl_controller_phy_inst|alt_mem_phy_inst|micron_ctrl_phy_alt_mem_phy_inst|clk|scan_clk|q_clock'
Slack : 17.253
TNS   : 0.000

Type  : Slow 1100mV 85C Model Recovery 'i_rc_pll|altpll_component|auto_generated|pll1|clk[0]'
Slack : 17.914
TNS   : 0.000

Type  : Slow 1100mV 85C Model Removal 'micron_ctrl_inst|micron_ctrl_controller_phy_inst|alt_mem_phy_inst|micron_ctrl_phy_alt_mem_phy_inst|dpio|ddr_clkdiv_gen.grp_gen[1].slaves_gen[0].clk_div_slave|clkout'
Slack : 0.726
TNS   : 0.000

Type  : Slow 1100mV 85C Model Removal 'micron_ctrl_inst|micron_ctrl_controller_phy_inst|alt_mem_phy_inst|micron_ctrl_phy_alt_mem_phy_inst|clk|half_rate.pll|altpll_component|auto_generated|pll1|clk[5]'
Slack : 0.990
TNS   : 0.000

Type  : Slow 1100mV 85C Model Removal 'micron_ctrl_inst|micron_ctrl_controller_phy_inst|alt_mem_phy_inst|micron_ctrl_phy_alt_mem_phy_inst|clk|half_rate.pll|altpll_component|auto_generated|pll1|clk[0]'
Slack : 0.999
TNS   : 0.000

Type  : Slow 1100mV 85C Model Removal 'micron_ctrl_inst|micron_ctrl_controller_phy_inst|alt_mem_phy_inst|micron_ctrl_phy_alt_mem_phy_inst|dpio|ddr_clkdiv_gen.clk_div_master|clkout'
Slack : 1.173
TNS   : 0.000

Type  : Slow 1100mV 85C Model Removal 'i_rc_pll|altpll_component|auto_generated|pll1|clk[0]'
Slack : 1.442
TNS   : 0.000

Type  : Slow 1100mV 85C Model Removal 'micron_ctrl_inst|micron_ctrl_controller_phy_inst|alt_mem_phy_inst|micron_ctrl_phy_alt_mem_phy_inst|clk|half_rate.pll|altpll_component|auto_generated|pll1|clk[6]'
Slack : 1.839
TNS   : 0.000

Type  : Slow 1100mV 85C Model Removal 'micron_ctrl_inst|micron_ctrl_controller_phy_inst|alt_mem_phy_inst|micron_ctrl_phy_alt_mem_phy_inst|clk|scan_clk|q_clock'
Slack : 1.947
TNS   : 0.000

Type  : Slow 1100mV 85C Model Minimum Pulse Width 'i_adc_pll|altpll_component|auto_generated|pll1|clk[0]'
Slack : 0.383
TNS   : 0.000

Type  : Slow 1100mV 85C Model Minimum Pulse Width 'micron_ctrl_inst|micron_ctrl_controller_phy_inst|alt_mem_phy_inst|micron_ctrl_phy_alt_mem_phy_inst|clk|half_rate.pll|altpll_component|auto_generated|pll1|clk[3]'
Slack : 1.655
TNS   : 0.000

Type  : Slow 1100mV 85C Model Minimum Pulse Width 'micron_ctrl_inst|micron_ctrl_controller_phy_inst|alt_mem_phy_inst|micron_ctrl_phy_alt_mem_phy_inst|clk|half_rate.pll|altpll_component|auto_generated|pll1|clk[1]'
Slack : 1.675
TNS   : 0.000

Type  : Slow 1100mV 85C Model Minimum Pulse Width 'micron_ctrl_inst|micron_ctrl_controller_phy_inst|alt_mem_phy_inst|micron_ctrl_phy_ddr_dqsin_mem_dqs[0]'
Slack : 1.726
TNS   : 0.000

Type  : Slow 1100mV 85C Model Minimum Pulse Width 'micron_ctrl_inst|micron_ctrl_controller_phy_inst|alt_mem_phy_inst|micron_ctrl_phy_ddr_dqsin_mem_dqs[1]'
Slack : 1.726
TNS   : 0.000

Type  : Slow 1100mV 85C Model Minimum Pulse Width 'micron_ctrl_inst|micron_ctrl_controller_phy_inst|alt_mem_phy_inst|micron_ctrl_phy_alt_mem_phy_inst|clk|half_rate.pll|altpll_component|auto_generated|pll1|clk[4]'
Slack : 1.727
TNS   : 0.000

Type  : Slow 1100mV 85C Model Minimum Pulse Width 'i_adc_pll|altpll_component|auto_generated|pll1|clk[4]'
Slack : 2.822
TNS   : 0.000

Type  : Slow 1100mV 85C Model Minimum Pulse Width 'i_adc_pll|altpll_component|auto_generated|pll1|clk[2]'
Slack : 2.825
TNS   : 0.000

Type  : Slow 1100mV 85C Model Minimum Pulse Width 'i_adc_pll|altpll_component|auto_generated|pll1|clk[3]'
Slack : 2.825
TNS   : 0.000

Type  : Slow 1100mV 85C Model Minimum Pulse Width 'micron_ctrl_inst|micron_ctrl_controller_phy_inst|alt_mem_phy_inst|micron_ctrl_phy_alt_mem_phy_inst|clk|half_rate.pll|altpll_component|auto_generated|pll1|clk[0]'
Slack : 3.896
TNS   : 0.000

Type  : Slow 1100mV 85C Model Minimum Pulse Width 'i_rc_pll|altpll_component|auto_generated|pll1|clk[2]'
Slack : 3.904
TNS   : 0.000

Type  : Slow 1100mV 85C Model Minimum Pulse Width 'micron_ctrl_inst|micron_ctrl_controller_phy_inst|alt_mem_phy_inst|micron_ctrl_phy_alt_mem_phy_inst|dpio|ddr_clkdiv_gen.grp_gen[1].slaves_gen[0].clk_div_slave|clkout'
Slack : 4.002
TNS   : 0.000

Type  : Slow 1100mV 85C Model Minimum Pulse Width 'micron_ctrl_inst|micron_ctrl_controller_phy_inst|alt_mem_phy_inst|micron_ctrl_phy_alt_mem_phy_inst|dpio|ddr_clkdiv_gen.clk_div_master|clkout'
Slack : 4.007
TNS   : 0.000

Type  : Slow 1100mV 85C Model Minimum Pulse Width 'micron_ctrl_inst|micron_ctrl_controller_phy_inst|alt_mem_phy_inst|micron_ctrl_phy_alt_mem_phy_inst|clk|half_rate.pll|altpll_component|auto_generated|pll1|clk[5]'
Slack : 4.170
TNS   : 0.000

Type  : Slow 1100mV 85C Model Minimum Pulse Width 'micron_ctrl_inst|micron_ctrl_controller_phy_inst|alt_mem_phy_inst|micron_ctrl_phy_alt_mem_phy_inst|clk|half_rate.pll|altpll_component|auto_generated|pll1|clk[6]'
Slack : 4.173
TNS   : 0.000

Type  : Slow 1100mV 85C Model Minimum Pulse Width 'micron_ctrl_inst|micron_ctrl_controller_phy_inst|alt_mem_phy_inst|micron_ctrl_phy_alt_mem_phy_inst|dpio|ddr_clkdiv_gen.grp_gen[0].slaves_gen[1].clk_div_slave|clkout'
Slack : 4.257
TNS   : 0.000

Type  : Slow 1100mV 85C Model Minimum Pulse Width 'micron_ctrl_inst|micron_ctrl_controller_phy_inst|alt_mem_phy_inst|micron_ctrl_phy_alt_mem_phy_inst|dpio|ddr_clkdiv_gen.grp_gen[1].slaves_gen[1].clk_div_slave|clkout'
Slack : 4.257
TNS   : 0.000

Type  : Slow 1100mV 85C Model Minimum Pulse Width 'i_rc_pll|altpll_component|auto_generated|pll1|clk[0]'
Slack : 8.754
TNS   : 0.000

Type  : Slow 1100mV 85C Model Minimum Pulse Width 'micron_ctrl_inst|micron_ctrl_controller_phy_inst|alt_mem_phy_inst|micron_ctrl_phy_alt_mem_phy_inst|clk|scan_clk|q_clock'
Slack : 8.880
TNS   : 0.000

Type  : Slow 1100mV 85C Model Minimum Pulse Width 'i_rc_pll|altpll_component|auto_generated|pll1|clk[4]'
Slack : 9.168
TNS   : 0.000

Type  : Slow 1100mV 85C Model Minimum Pulse Width 'adc_fco'
Slack : 9.945
TNS   : 0.000

Type  : Slow 1100mV 85C Model Minimum Pulse Width 'inclk'
Slack : 19.729
TNS   : 0.000

Type  : Slow 1100mV 85C Model Minimum Pulse Width 'inclk_ddr'
Slack : 19.745
TNS   : 0.000

Type  : Slow 1100mV 85C Model Minimum Pulse Width 'i_rc_pll|altpll_component|auto_generated|pll1|clk[3]'
Slack : 39.168
TNS   : 0.000

Type  : Slow 1100mV 0C Model Setup 'micron_ctrl_inst|micron_ctrl_controller_phy_inst|alt_mem_phy_inst|micron_ctrl_phy_ck_n_mem_clk_n[0]_tDQSS'
Slack : 1.113
TNS   : 0.000

Type  : Slow 1100mV 0C Model Setup 'micron_ctrl_inst|micron_ctrl_controller_phy_inst|alt_mem_phy_inst|micron_ctrl_phy_ck_p_mem_clk[0]_tDQSS'
Slack : 1.137
TNS   : 0.000

Type  : Slow 1100mV 0C Model Setup 'micron_ctrl_inst|micron_ctrl_controller_phy_inst|alt_mem_phy_inst|micron_ctrl_phy_ck_n_mem_clk_n[0]_tDSS'
Slack : 1.335
TNS   : 0.000

Type  : Slow 1100mV 0C Model Setup 'micron_ctrl_inst|micron_ctrl_controller_phy_inst|alt_mem_phy_inst|micron_ctrl_phy_ck_p_mem_clk[0]_tDSS'
Slack : 1.359
TNS   : 0.000

Type  : Slow 1100mV 0C Model Setup 'micron_ctrl_inst|micron_ctrl_controller_phy_inst|alt_mem_phy_inst|micron_ctrl_phy_alt_mem_phy_inst|dpio|ddr_clkdiv_gen.clk_div_master|clkout'
Slack : 1.864
TNS   : 0.000

Type  : Slow 1100mV 0C Model Setup 'micron_ctrl_inst|micron_ctrl_controller_phy_inst|alt_mem_phy_inst|micron_ctrl_phy_alt_mem_phy_inst|dpio|ddr_clkdiv_gen.grp_gen[0].slaves_gen[1].clk_div_slave|clkout'
Slack : 1.864
TNS   : 0.000

Type  : Slow 1100mV 0C Model Setup 'micron_ctrl_inst|micron_ctrl_controller_phy_inst|alt_mem_phy_inst|micron_ctrl_phy_alt_mem_phy_inst|dpio|ddr_clkdiv_gen.grp_gen[1].slaves_gen[0].clk_div_slave|clkout'
Slack : 1.864
TNS   : 0.000

Type  : Slow 1100mV 0C Model Setup 'micron_ctrl_inst|micron_ctrl_controller_phy_inst|alt_mem_phy_inst|micron_ctrl_phy_alt_mem_phy_inst|dpio|ddr_clkdiv_gen.grp_gen[1].slaves_gen[1].clk_div_slave|clkout'
Slack : 1.864
TNS   : 0.000

Type  : Slow 1100mV 0C Model Setup 'i_adc_pll|altpll_component|auto_generated|pll1|clk[4]'
Slack : 1.961
TNS   : 0.000

Type  : Slow 1100mV 0C Model Setup 'micron_ctrl_inst|micron_ctrl_controller_phy_inst|alt_mem_phy_inst|micron_ctrl_phy_ck_n_mem_clk_n[0]_ac_fall'
Slack : 1.975
TNS   : 0.000

Type  : Slow 1100mV 0C Model Setup 'micron_ctrl_inst|micron_ctrl_controller_phy_inst|alt_mem_phy_inst|micron_ctrl_phy_ck_p_mem_clk[0]_ac_fall'
Slack : 1.999
TNS   : 0.000

Type  : Slow 1100mV 0C Model Setup 'micron_ctrl_inst|micron_ctrl_controller_phy_inst|alt_mem_phy_inst|micron_ctrl_phy_ck_n_mem_clk_n[0]_ac_rise'
Slack : 2.003
TNS   : 0.000

Type  : Slow 1100mV 0C Model Setup 'micron_ctrl_inst|micron_ctrl_controller_phy_inst|alt_mem_phy_inst|micron_ctrl_phy_ck_p_mem_clk[0]_ac_rise'
Slack : 2.027
TNS   : 0.000

Type  : Slow 1100mV 0C Model Setup 'micron_ctrl_inst|micron_ctrl_controller_phy_inst|alt_mem_phy_inst|micron_ctrl_phy_ddr_dqsin_mem_dqs[0]'
Slack : 2.140
TNS   : 0.000

Type  : Slow 1100mV 0C Model Setup 'micron_ctrl_inst|micron_ctrl_controller_phy_inst|alt_mem_phy_inst|micron_ctrl_phy_ddr_dqsin_mem_dqs[1]'
Slack : 2.140
TNS   : 0.000

Type  : Slow 1100mV 0C Model Setup 'micron_ctrl_inst|micron_ctrl_controller_phy_inst|alt_mem_phy_inst|micron_ctrl_phy_alt_mem_phy_inst|clk|half_rate.pll|altpll_component|auto_generated|pll1|clk[3]'
Slack : 2.422
TNS   : 0.000

Type  : Slow 1100mV 0C Model Setup 'micron_ctrl_inst|micron_ctrl_controller_phy_inst|alt_mem_phy_inst|micron_ctrl_phy_alt_mem_phy_inst|clk|half_rate.pll|altpll_component|auto_generated|pll1|clk[4]'
Slack : 2.456
TNS   : 0.000

Type  : Slow 1100mV 0C Model Setup 'micron_ctrl_inst|micron_ctrl_controller_phy_inst|alt_mem_phy_inst|micron_ctrl_phy_alt_mem_phy_inst|clk|half_rate.pll|altpll_component|auto_generated|pll1|clk[0]'
Slack : 3.301
TNS   : 0.000

Type  : Slow 1100mV 0C Model Setup 'micron_ctrl_inst|micron_ctrl_controller_phy_inst|alt_mem_phy_inst|micron_ctrl_phy_alt_mem_phy_inst|clk|half_rate.pll|altpll_component|auto_generated|pll1|clk[1]'
Slack : 3.331
TNS   : 0.000

Type  : Slow 1100mV 0C Model Setup 'micron_ctrl_inst|micron_ctrl_controller_phy_inst|alt_mem_phy_inst|micron_ctrl_phy_alt_mem_phy_inst|clk|half_rate.pll|altpll_component|auto_generated|pll1|clk[6]'
Slack : 3.416
TNS   : 0.000

Type  : Slow 1100mV 0C Model Setup 'micron_ctrl_inst|micron_ctrl_controller_phy_inst|alt_mem_phy_inst|micron_ctrl_phy_alt_mem_phy_inst|clk|half_rate.pll|altpll_component|auto_generated|pll1|clk[5]'
Slack : 6.575
TNS   : 0.000

Type  : Slow 1100mV 0C Model Setup 'i_adc_pll|altpll_component|auto_generated|pll1|clk[2]'
Slack : 6.675
TNS   : 0.000

Type  : Slow 1100mV 0C Model Setup 'i_adc_pll|altpll_component|auto_generated|pll1|clk[3]'
Slack : 6.689
TNS   : 0.000

Type  : Slow 1100mV 0C Model Setup 'i_rc_pll|altpll_component|auto_generated|pll1|clk[2]'
Slack : 6.888
TNS   : 0.000

Type  : Slow 1100mV 0C Model Setup 'i_rc_pll|altpll_component|auto_generated|pll1|clk[0]'
Slack : 6.904
TNS   : 0.000

Type  : Slow 1100mV 0C Model Setup 'micron_ctrl_inst|micron_ctrl_controller_phy_inst|alt_mem_phy_inst|micron_ctrl_phy_alt_mem_phy_inst|clk|scan_clk|q_clock'
Slack : 9.544
TNS   : 0.000

Type  : Slow 1100mV 0C Model Setup 'i_rc_pll|altpll_component|auto_generated|pll1|clk[4]'
Slack : 13.248
TNS   : 0.000

Type  : Slow 1100mV 0C Model Setup 'i_rc_pll|altpll_component|auto_generated|pll1|clk[3]'
Slack : 17.980
TNS   : 0.000

Type  : Slow 1100mV 0C Model Hold 'i_rc_pll|altpll_component|auto_generated|pll1|clk[0]'
Slack : 0.304
TNS   : 0.000

Type  : Slow 1100mV 0C Model Hold 'micron_ctrl_inst|micron_ctrl_controller_phy_inst|alt_mem_phy_inst|micron_ctrl_phy_alt_mem_phy_inst|dpio|ddr_clkdiv_gen.clk_div_master|clkout'
Slack : 0.372
TNS   : 0.000

Type  : Slow 1100mV 0C Model Hold 'micron_ctrl_inst|micron_ctrl_controller_phy_inst|alt_mem_phy_inst|micron_ctrl_phy_alt_mem_phy_inst|clk|half_rate.pll|altpll_component|auto_generated|pll1|clk[6]'
Slack : 0.393
TNS   : 0.000

Type  : Slow 1100mV 0C Model Hold 'micron_ctrl_inst|micron_ctrl_controller_phy_inst|alt_mem_phy_inst|micron_ctrl_phy_alt_mem_phy_inst|dpio|ddr_clkdiv_gen.grp_gen[1].slaves_gen[0].clk_div_slave|clkout'
Slack : 0.410
TNS   : 0.000

Type  : Slow 1100mV 0C Model Hold 'micron_ctrl_inst|micron_ctrl_controller_phy_inst|alt_mem_phy_inst|micron_ctrl_phy_alt_mem_phy_inst|clk|half_rate.pll|altpll_component|auto_generated|pll1|clk[0]'
Slack : 0.412
TNS   : 0.000

Type  : Slow 1100mV 0C Model Hold 'micron_ctrl_inst|micron_ctrl_controller_phy_inst|alt_mem_phy_inst|micron_ctrl_phy_alt_mem_phy_inst|clk|half_rate.pll|altpll_component|auto_generated|pll1|clk[5]'
Slack : 0.438
TNS   : 0.000

Type  : Slow 1100mV 0C Model Hold 'i_adc_pll|altpll_component|auto_generated|pll1|clk[2]'
Slack : 0.478
TNS   : 0.000

Type  : Slow 1100mV 0C Model Hold 'i_rc_pll|altpll_component|auto_generated|pll1|clk[3]'
Slack : 0.487
TNS   : 0.000

Type  : Slow 1100mV 0C Model Hold 'i_rc_pll|altpll_component|auto_generated|pll1|clk[2]'
Slack : 0.489
TNS   : 0.000

Type  : Slow 1100mV 0C Model Hold 'micron_ctrl_inst|micron_ctrl_controller_phy_inst|alt_mem_phy_inst|micron_ctrl_phy_alt_mem_phy_inst|clk|scan_clk|q_clock'
Slack : 0.504
TNS   : 0.000

Type  : Slow 1100mV 0C Model Hold 'i_adc_pll|altpll_component|auto_generated|pll1|clk[3]'
Slack : 0.513
TNS   : 0.000

Type  : Slow 1100mV 0C Model Hold 'micron_ctrl_inst|micron_ctrl_controller_phy_inst|alt_mem_phy_inst|micron_ctrl_phy_ck_n_mem_clk_n[0]_tDQSS'
Slack : 0.908
TNS   : 0.000

Type  : Slow 1100mV 0C Model Hold 'micron_ctrl_inst|micron_ctrl_controller_phy_inst|alt_mem_phy_inst|micron_ctrl_phy_ck_p_mem_clk[0]_tDQSS'
Slack : 0.911
TNS   : 0.000

Type  : Slow 1100mV 0C Model Hold 'micron_ctrl_inst|micron_ctrl_controller_phy_inst|alt_mem_phy_inst|micron_ctrl_phy_alt_mem_phy_inst|clk|half_rate.pll|altpll_component|auto_generated|pll1|clk[1]'
Slack : 0.915
TNS   : 0.000

Type  : Slow 1100mV 0C Model Hold 'micron_ctrl_inst|micron_ctrl_controller_phy_inst|alt_mem_phy_inst|micron_ctrl_phy_ck_n_mem_clk_n[0]_tDSS'
Slack : 1.161
TNS   : 0.000

Type  : Slow 1100mV 0C Model Hold 'micron_ctrl_inst|micron_ctrl_controller_phy_inst|alt_mem_phy_inst|micron_ctrl_phy_ck_p_mem_clk[0]_tDSS'
Slack : 1.164
TNS   : 0.000

Type  : Slow 1100mV 0C Model Hold 'micron_ctrl_inst|micron_ctrl_controller_phy_inst|alt_mem_phy_inst|micron_ctrl_phy_ck_n_mem_clk_n[0]_ac_rise'
Slack : 1.773
TNS   : 0.000

Type  : Slow 1100mV 0C Model Hold 'micron_ctrl_inst|micron_ctrl_controller_phy_inst|alt_mem_phy_inst|micron_ctrl_phy_ck_p_mem_clk[0]_ac_rise'
Slack : 1.776
TNS   : 0.000

Type  : Slow 1100mV 0C Model Hold 'micron_ctrl_inst|micron_ctrl_controller_phy_inst|alt_mem_phy_inst|micron_ctrl_phy_ck_n_mem_clk_n[0]_ac_fall'
Slack : 1.782
TNS   : 0.000

Type  : Slow 1100mV 0C Model Hold 'micron_ctrl_inst|micron_ctrl_controller_phy_inst|alt_mem_phy_inst|micron_ctrl_phy_ck_p_mem_clk[0]_ac_fall'
Slack : 1.785
TNS   : 0.000

Type  : Slow 1100mV 0C Model Hold 'micron_ctrl_inst|micron_ctrl_controller_phy_inst|alt_mem_phy_inst|micron_ctrl_phy_alt_mem_phy_inst|clk|half_rate.pll|altpll_component|auto_generated|pll1|clk[3]'
Slack : 2.198
TNS   : 0.000

Type  : Slow 1100mV 0C Model Hold 'micron_ctrl_inst|micron_ctrl_controller_phy_inst|alt_mem_phy_inst|micron_ctrl_phy_alt_mem_phy_inst|clk|half_rate.pll|altpll_component|auto_generated|pll1|clk[4]'
Slack : 2.269
TNS   : 0.000

Type  : Slow 1100mV 0C Model Hold 'micron_ctrl_inst|micron_ctrl_controller_phy_inst|alt_mem_phy_inst|micron_ctrl_phy_ddr_dqsin_mem_dqs[0]'
Slack : 2.596
TNS   : 0.000

Type  : Slow 1100mV 0C Model Hold 'micron_ctrl_inst|micron_ctrl_controller_phy_inst|alt_mem_phy_inst|micron_ctrl_phy_ddr_dqsin_mem_dqs[1]'
Slack : 2.596
TNS   : 0.000

Type  : Slow 1100mV 0C Model Hold 'micron_ctrl_inst|micron_ctrl_controller_phy_inst|alt_mem_phy_inst|micron_ctrl_phy_alt_mem_phy_inst|dpio|ddr_clkdiv_gen.grp_gen[0].slaves_gen[1].clk_div_slave|clkout'
Slack : 2.819
TNS   : 0.000

Type  : Slow 1100mV 0C Model Hold 'micron_ctrl_inst|micron_ctrl_controller_phy_inst|alt_mem_phy_inst|micron_ctrl_phy_alt_mem_phy_inst|dpio|ddr_clkdiv_gen.grp_gen[1].slaves_gen[1].clk_div_slave|clkout'
Slack : 2.819
TNS   : 0.000

Type  : Slow 1100mV 0C Model Hold 'i_rc_pll|altpll_component|auto_generated|pll1|clk[4]'
Slack : 4.042
TNS   : 0.000

Type  : Slow 1100mV 0C Model Hold 'i_adc_pll|altpll_component|auto_generated|pll1|clk[4]'
Slack : 6.754
TNS   : 0.000

Type  : Slow 1100mV 0C Model Recovery 'micron_ctrl_inst|micron_ctrl_controller_phy_inst|alt_mem_phy_inst|micron_ctrl_phy_alt_mem_phy_inst|clk|half_rate.pll|altpll_component|auto_generated|pll1|clk[0]'
Slack : 1.822
TNS   : 0.000

Type  : Slow 1100mV 0C Model Recovery 'micron_ctrl_inst|micron_ctrl_controller_phy_inst|alt_mem_phy_inst|micron_ctrl_phy_alt_mem_phy_inst|clk|half_rate.pll|altpll_component|auto_generated|pll1|clk[6]'
Slack : 6.548
TNS   : 0.000

Type  : Slow 1100mV 0C Model Recovery 'micron_ctrl_inst|micron_ctrl_controller_phy_inst|alt_mem_phy_inst|micron_ctrl_phy_alt_mem_phy_inst|dpio|ddr_clkdiv_gen.clk_div_master|clkout'
Slack : 7.742
TNS   : 0.000

Type  : Slow 1100mV 0C Model Recovery 'micron_ctrl_inst|micron_ctrl_controller_phy_inst|alt_mem_phy_inst|micron_ctrl_phy_alt_mem_phy_inst|dpio|ddr_clkdiv_gen.grp_gen[1].slaves_gen[0].clk_div_slave|clkout'
Slack : 7.940
TNS   : 0.000

Type  : Slow 1100mV 0C Model Recovery 'micron_ctrl_inst|micron_ctrl_controller_phy_inst|alt_mem_phy_inst|micron_ctrl_phy_alt_mem_phy_inst|clk|half_rate.pll|altpll_component|auto_generated|pll1|clk[5]'
Slack : 8.400
TNS   : 0.000

Type  : Slow 1100mV 0C Model Recovery 'micron_ctrl_inst|micron_ctrl_controller_phy_inst|alt_mem_phy_inst|micron_ctrl_phy_alt_mem_phy_inst|clk|scan_clk|q_clock'
Slack : 17.325
TNS   : 0.000

Type  : Slow 1100mV 0C Model Recovery 'i_rc_pll|altpll_component|auto_generated|pll1|clk[0]'
Slack : 17.995
TNS   : 0.000

Type  : Slow 1100mV 0C Model Removal 'micron_ctrl_inst|micron_ctrl_controller_phy_inst|alt_mem_phy_inst|micron_ctrl_phy_alt_mem_phy_inst|dpio|ddr_clkdiv_gen.grp_gen[1].slaves_gen[0].clk_div_slave|clkout'
Slack : 0.690
TNS   : 0.000

Type  : Slow 1100mV 0C Model Removal 'micron_ctrl_inst|micron_ctrl_controller_phy_inst|alt_mem_phy_inst|micron_ctrl_phy_alt_mem_phy_inst|clk|half_rate.pll|altpll_component|auto_generated|pll1|clk[5]'
Slack : 0.952
TNS   : 0.000

Type  : Slow 1100mV 0C Model Removal 'micron_ctrl_inst|micron_ctrl_controller_phy_inst|alt_mem_phy_inst|micron_ctrl_phy_alt_mem_phy_inst|clk|half_rate.pll|altpll_component|auto_generated|pll1|clk[0]'
Slack : 0.954
TNS   : 0.000

Type  : Slow 1100mV 0C Model Removal 'micron_ctrl_inst|micron_ctrl_controller_phy_inst|alt_mem_phy_inst|micron_ctrl_phy_alt_mem_phy_inst|dpio|ddr_clkdiv_gen.clk_div_master|clkout'
Slack : 1.127
TNS   : 0.000

Type  : Slow 1100mV 0C Model Removal 'i_rc_pll|altpll_component|auto_generated|pll1|clk[0]'
Slack : 1.406
TNS   : 0.000

Type  : Slow 1100mV 0C Model Removal 'micron_ctrl_inst|micron_ctrl_controller_phy_inst|alt_mem_phy_inst|micron_ctrl_phy_alt_mem_phy_inst|clk|half_rate.pll|altpll_component|auto_generated|pll1|clk[6]'
Slack : 1.781
TNS   : 0.000

Type  : Slow 1100mV 0C Model Removal 'micron_ctrl_inst|micron_ctrl_controller_phy_inst|alt_mem_phy_inst|micron_ctrl_phy_alt_mem_phy_inst|clk|scan_clk|q_clock'
Slack : 1.887
TNS   : 0.000

Type  : Slow 1100mV 0C Model Minimum Pulse Width 'i_adc_pll|altpll_component|auto_generated|pll1|clk[0]'
Slack : 0.376
TNS   : 0.000

Type  : Slow 1100mV 0C Model Minimum Pulse Width 'micron_ctrl_inst|micron_ctrl_controller_phy_inst|alt_mem_phy_inst|micron_ctrl_phy_alt_mem_phy_inst|clk|half_rate.pll|altpll_component|auto_generated|pll1|clk[3]'
Slack : 1.680
TNS   : 0.000

Type  : Slow 1100mV 0C Model Minimum Pulse Width 'micron_ctrl_inst|micron_ctrl_controller_phy_inst|alt_mem_phy_inst|micron_ctrl_phy_alt_mem_phy_inst|clk|half_rate.pll|altpll_component|auto_generated|pll1|clk[1]'
Slack : 1.699
TNS   : 0.000

Type  : Slow 1100mV 0C Model Minimum Pulse Width 'micron_ctrl_inst|micron_ctrl_controller_phy_inst|alt_mem_phy_inst|micron_ctrl_phy_ddr_dqsin_mem_dqs[0]'
Slack : 1.731
TNS   : 0.000

Type  : Slow 1100mV 0C Model Minimum Pulse Width 'micron_ctrl_inst|micron_ctrl_controller_phy_inst|alt_mem_phy_inst|micron_ctrl_phy_ddr_dqsin_mem_dqs[1]'
Slack : 1.731
TNS   : 0.000

Type  : Slow 1100mV 0C Model Minimum Pulse Width 'micron_ctrl_inst|micron_ctrl_controller_phy_inst|alt_mem_phy_inst|micron_ctrl_phy_alt_mem_phy_inst|clk|half_rate.pll|altpll_component|auto_generated|pll1|clk[4]'
Slack : 1.754
TNS   : 0.000

Type  : Slow 1100mV 0C Model Minimum Pulse Width 'i_adc_pll|altpll_component|auto_generated|pll1|clk[2]'
Slack : 2.822
TNS   : 0.000

Type  : Slow 1100mV 0C Model Minimum Pulse Width 'i_adc_pll|altpll_component|auto_generated|pll1|clk[4]'
Slack : 2.822
TNS   : 0.000

Type  : Slow 1100mV 0C Model Minimum Pulse Width 'i_adc_pll|altpll_component|auto_generated|pll1|clk[3]'
Slack : 2.823
TNS   : 0.000

Type  : Slow 1100mV 0C Model Minimum Pulse Width 'micron_ctrl_inst|micron_ctrl_controller_phy_inst|alt_mem_phy_inst|micron_ctrl_phy_alt_mem_phy_inst|clk|half_rate.pll|altpll_component|auto_generated|pll1|clk[0]'
Slack : 3.840
TNS   : 0.000

Type  : Slow 1100mV 0C Model Minimum Pulse Width 'i_rc_pll|altpll_component|auto_generated|pll1|clk[2]'
Slack : 3.852
TNS   : 0.000

Type  : Slow 1100mV 0C Model Minimum Pulse Width 'micron_ctrl_inst|micron_ctrl_controller_phy_inst|alt_mem_phy_inst|micron_ctrl_phy_alt_mem_phy_inst|dpio|ddr_clkdiv_gen.clk_div_master|clkout'
Slack : 3.954
TNS   : 0.000

Type  : Slow 1100mV 0C Model Minimum Pulse Width 'micron_ctrl_inst|micron_ctrl_controller_phy_inst|alt_mem_phy_inst|micron_ctrl_phy_alt_mem_phy_inst|dpio|ddr_clkdiv_gen.grp_gen[1].slaves_gen[0].clk_div_slave|clkout'
Slack : 3.967
TNS   : 0.000

Type  : Slow 1100mV 0C Model Minimum Pulse Width 'micron_ctrl_inst|micron_ctrl_controller_phy_inst|alt_mem_phy_inst|micron_ctrl_phy_alt_mem_phy_inst|clk|half_rate.pll|altpll_component|auto_generated|pll1|clk[5]'
Slack : 4.161
TNS   : 0.000

Type  : Slow 1100mV 0C Model Minimum Pulse Width 'micron_ctrl_inst|micron_ctrl_controller_phy_inst|alt_mem_phy_inst|micron_ctrl_phy_alt_mem_phy_inst|clk|half_rate.pll|altpll_component|auto_generated|pll1|clk[6]'
Slack : 4.174
TNS   : 0.000

Type  : Slow 1100mV 0C Model Minimum Pulse Width 'micron_ctrl_inst|micron_ctrl_controller_phy_inst|alt_mem_phy_inst|micron_ctrl_phy_alt_mem_phy_inst|dpio|ddr_clkdiv_gen.grp_gen[0].slaves_gen[1].clk_div_slave|clkout'
Slack : 4.279
TNS   : 0.000

Type  : Slow 1100mV 0C Model Minimum Pulse Width 'micron_ctrl_inst|micron_ctrl_controller_phy_inst|alt_mem_phy_inst|micron_ctrl_phy_alt_mem_phy_inst|dpio|ddr_clkdiv_gen.grp_gen[1].slaves_gen[1].clk_div_slave|clkout'
Slack : 4.279
TNS   : 0.000

Type  : Slow 1100mV 0C Model Minimum Pulse Width 'i_rc_pll|altpll_component|auto_generated|pll1|clk[0]'
Slack : 8.755
TNS   : 0.000

Type  : Slow 1100mV 0C Model Minimum Pulse Width 'micron_ctrl_inst|micron_ctrl_controller_phy_inst|alt_mem_phy_inst|micron_ctrl_phy_alt_mem_phy_inst|clk|scan_clk|q_clock'
Slack : 8.842
TNS   : 0.000

Type  : Slow 1100mV 0C Model Minimum Pulse Width 'i_rc_pll|altpll_component|auto_generated|pll1|clk[4]'
Slack : 9.163
TNS   : 0.000

Type  : Slow 1100mV 0C Model Minimum Pulse Width 'adc_fco'
Slack : 9.945
TNS   : 0.000

Type  : Slow 1100mV 0C Model Minimum Pulse Width 'inclk'
Slack : 19.732
TNS   : 0.000

Type  : Slow 1100mV 0C Model Minimum Pulse Width 'inclk_ddr'
Slack : 19.733
TNS   : 0.000

Type  : Slow 1100mV 0C Model Minimum Pulse Width 'i_rc_pll|altpll_component|auto_generated|pll1|clk[3]'
Slack : 39.164
TNS   : 0.000

Type  : Fast 1100mV 0C Model Setup 'micron_ctrl_inst|micron_ctrl_controller_phy_inst|alt_mem_phy_inst|micron_ctrl_phy_ck_n_mem_clk_n[0]_tDQSS'
Slack : 1.142
TNS   : 0.000

Type  : Fast 1100mV 0C Model Setup 'micron_ctrl_inst|micron_ctrl_controller_phy_inst|alt_mem_phy_inst|micron_ctrl_phy_ck_p_mem_clk[0]_tDQSS'
Slack : 1.160
TNS   : 0.000

Type  : Fast 1100mV 0C Model Setup 'micron_ctrl_inst|micron_ctrl_controller_phy_inst|alt_mem_phy_inst|micron_ctrl_phy_ck_n_mem_clk_n[0]_tDSS'
Slack : 1.405
TNS   : 0.000

Type  : Fast 1100mV 0C Model Setup 'micron_ctrl_inst|micron_ctrl_controller_phy_inst|alt_mem_phy_inst|micron_ctrl_phy_ck_p_mem_clk[0]_tDSS'
Slack : 1.423
TNS   : 0.000

Type  : Fast 1100mV 0C Model Setup 'micron_ctrl_inst|micron_ctrl_controller_phy_inst|alt_mem_phy_inst|micron_ctrl_phy_alt_mem_phy_inst|dpio|ddr_clkdiv_gen.clk_div_master|clkout'
Slack : 2.102
TNS   : 0.000

Type  : Fast 1100mV 0C Model Setup 'micron_ctrl_inst|micron_ctrl_controller_phy_inst|alt_mem_phy_inst|micron_ctrl_phy_alt_mem_phy_inst|dpio|ddr_clkdiv_gen.grp_gen[0].slaves_gen[1].clk_div_slave|clkout'
Slack : 2.102
TNS   : 0.000

Type  : Fast 1100mV 0C Model Setup 'micron_ctrl_inst|micron_ctrl_controller_phy_inst|alt_mem_phy_inst|micron_ctrl_phy_alt_mem_phy_inst|dpio|ddr_clkdiv_gen.grp_gen[1].slaves_gen[0].clk_div_slave|clkout'
Slack : 2.102
TNS   : 0.000

Type  : Fast 1100mV 0C Model Setup 'micron_ctrl_inst|micron_ctrl_controller_phy_inst|alt_mem_phy_inst|micron_ctrl_phy_alt_mem_phy_inst|dpio|ddr_clkdiv_gen.grp_gen[1].slaves_gen[1].clk_div_slave|clkout'
Slack : 2.102
TNS   : 0.000

Type  : Fast 1100mV 0C Model Setup 'micron_ctrl_inst|micron_ctrl_controller_phy_inst|alt_mem_phy_inst|micron_ctrl_phy_ddr_dqsin_mem_dqs[0]'
Slack : 2.232
TNS   : 0.000

Type  : Fast 1100mV 0C Model Setup 'micron_ctrl_inst|micron_ctrl_controller_phy_inst|alt_mem_phy_inst|micron_ctrl_phy_ddr_dqsin_mem_dqs[1]'
Slack : 2.232
TNS   : 0.000

Type  : Fast 1100mV 0C Model Setup 'micron_ctrl_inst|micron_ctrl_controller_phy_inst|alt_mem_phy_inst|micron_ctrl_phy_ck_n_mem_clk_n[0]_ac_rise'
Slack : 2.388
TNS   : 0.000

Type  : Fast 1100mV 0C Model Setup 'micron_ctrl_inst|micron_ctrl_controller_phy_inst|alt_mem_phy_inst|micron_ctrl_phy_ck_n_mem_clk_n[0]_ac_fall'
Slack : 2.401
TNS   : 0.000

Type  : Fast 1100mV 0C Model Setup 'micron_ctrl_inst|micron_ctrl_controller_phy_inst|alt_mem_phy_inst|micron_ctrl_phy_ck_p_mem_clk[0]_ac_rise'
Slack : 2.406
TNS   : 0.000

Type  : Fast 1100mV 0C Model Setup 'micron_ctrl_inst|micron_ctrl_controller_phy_inst|alt_mem_phy_inst|micron_ctrl_phy_ck_p_mem_clk[0]_ac_fall'
Slack : 2.419
TNS   : 0.000

Type  : Fast 1100mV 0C Model Setup 'micron_ctrl_inst|micron_ctrl_controller_phy_inst|alt_mem_phy_inst|micron_ctrl_phy_alt_mem_phy_inst|clk|half_rate.pll|altpll_component|auto_generated|pll1|clk[4]'
Slack : 2.493
TNS   : 0.000

Type  : Fast 1100mV 0C Model Setup 'micron_ctrl_inst|micron_ctrl_controller_phy_inst|alt_mem_phy_inst|micron_ctrl_phy_alt_mem_phy_inst|clk|half_rate.pll|altpll_component|auto_generated|pll1|clk[3]'
Slack : 2.637
TNS   : 0.000

Type  : Fast 1100mV 0C Model Setup 'i_adc_pll|altpll_component|auto_generated|pll1|clk[4]'
Slack : 2.741
TNS   : 0.000

Type  : Fast 1100mV 0C Model Setup 'micron_ctrl_inst|micron_ctrl_controller_phy_inst|alt_mem_phy_inst|micron_ctrl_phy_alt_mem_phy_inst|clk|half_rate.pll|altpll_component|auto_generated|pll1|clk[1]'
Slack : 3.649
TNS   : 0.000

Type  : Fast 1100mV 0C Model Setup 'micron_ctrl_inst|micron_ctrl_controller_phy_inst|alt_mem_phy_inst|micron_ctrl_phy_alt_mem_phy_inst|clk|half_rate.pll|altpll_component|auto_generated|pll1|clk[0]'
Slack : 4.072
TNS   : 0.000

Type  : Fast 1100mV 0C Model Setup 'micron_ctrl_inst|micron_ctrl_controller_phy_inst|alt_mem_phy_inst|micron_ctrl_phy_alt_mem_phy_inst|clk|half_rate.pll|altpll_component|auto_generated|pll1|clk[6]'
Slack : 4.500
TNS   : 0.000

Type  : Fast 1100mV 0C Model Setup 'i_adc_pll|altpll_component|auto_generated|pll1|clk[2]'
Slack : 7.434
TNS   : 0.000

Type  : Fast 1100mV 0C Model Setup 'i_adc_pll|altpll_component|auto_generated|pll1|clk[3]'
Slack : 7.448
TNS   : 0.000

Type  : Fast 1100mV 0C Model Setup 'micron_ctrl_inst|micron_ctrl_controller_phy_inst|alt_mem_phy_inst|micron_ctrl_phy_alt_mem_phy_inst|clk|half_rate.pll|altpll_component|auto_generated|pll1|clk[5]'
Slack : 7.832
TNS   : 0.000

Type  : Fast 1100mV 0C Model Setup 'i_rc_pll|altpll_component|auto_generated|pll1|clk[0]'
Slack : 8.516
TNS   : 0.000

Type  : Fast 1100mV 0C Model Setup 'i_rc_pll|altpll_component|auto_generated|pll1|clk[2]'
Slack : 8.662
TNS   : 0.000

Type  : Fast 1100mV 0C Model Setup 'micron_ctrl_inst|micron_ctrl_controller_phy_inst|alt_mem_phy_inst|micron_ctrl_phy_alt_mem_phy_inst|clk|scan_clk|q_clock'
Slack : 9.289
TNS   : 0.000

Type  : Fast 1100mV 0C Model Setup 'i_rc_pll|altpll_component|auto_generated|pll1|clk[4]'
Slack : 15.424
TNS   : 0.000

Type  : Fast 1100mV 0C Model Setup 'i_rc_pll|altpll_component|auto_generated|pll1|clk[3]'
Slack : 18.924
TNS   : 0.000

Type  : Fast 1100mV 0C Model Hold 'i_rc_pll|altpll_component|auto_generated|pll1|clk[0]'
Slack : 0.109
TNS   : 0.000

Type  : Fast 1100mV 0C Model Hold 'micron_ctrl_inst|micron_ctrl_controller_phy_inst|alt_mem_phy_inst|micron_ctrl_phy_alt_mem_phy_inst|clk|half_rate.pll|altpll_component|auto_generated|pll1|clk[6]'
Slack : 0.172
TNS   : 0.000

Type  : Fast 1100mV 0C Model Hold 'micron_ctrl_inst|micron_ctrl_controller_phy_inst|alt_mem_phy_inst|micron_ctrl_phy_alt_mem_phy_inst|clk|half_rate.pll|altpll_component|auto_generated|pll1|clk[5]'
Slack : 0.185
TNS   : 0.000

Type  : Fast 1100mV 0C Model Hold 'i_rc_pll|altpll_component|auto_generated|pll1|clk[3]'
Slack : 0.186
TNS   : 0.000

Type  : Fast 1100mV 0C Model Hold 'micron_ctrl_inst|micron_ctrl_controller_phy_inst|alt_mem_phy_inst|micron_ctrl_phy_alt_mem_phy_inst|clk|half_rate.pll|altpll_component|auto_generated|pll1|clk[0]'
Slack : 0.192
TNS   : 0.000

Type  : Fast 1100mV 0C Model Hold 'i_rc_pll|altpll_component|auto_generated|pll1|clk[2]'
Slack : 0.194
TNS   : 0.000

Type  : Fast 1100mV 0C Model Hold 'micron_ctrl_inst|micron_ctrl_controller_phy_inst|alt_mem_phy_inst|micron_ctrl_phy_alt_mem_phy_inst|clk|scan_clk|q_clock'
Slack : 0.208
TNS   : 0.000

Type  : Fast 1100mV 0C Model Hold 'micron_ctrl_inst|micron_ctrl_controller_phy_inst|alt_mem_phy_inst|micron_ctrl_phy_alt_mem_phy_inst|dpio|ddr_clkdiv_gen.clk_div_master|clkout'
Slack : 0.257
TNS   : 0.000

Type  : Fast 1100mV 0C Model Hold 'micron_ctrl_inst|micron_ctrl_controller_phy_inst|alt_mem_phy_inst|micron_ctrl_phy_alt_mem_phy_inst|dpio|ddr_clkdiv_gen.grp_gen[1].slaves_gen[0].clk_div_slave|clkout'
Slack : 0.309
TNS   : 0.000

Type  : Fast 1100mV 0C Model Hold 'i_adc_pll|altpll_component|auto_generated|pll1|clk[2]'
Slack : 0.655
TNS   : 0.000

Type  : Fast 1100mV 0C Model Hold 'i_adc_pll|altpll_component|auto_generated|pll1|clk[3]'
Slack : 0.693
TNS   : 0.000

Type  : Fast 1100mV 0C Model Hold 'micron_ctrl_inst|micron_ctrl_controller_phy_inst|alt_mem_phy_inst|micron_ctrl_phy_alt_mem_phy_inst|clk|half_rate.pll|altpll_component|auto_generated|pll1|clk[1]'
Slack : 0.836
TNS   : 0.000

Type  : Fast 1100mV 0C Model Hold 'micron_ctrl_inst|micron_ctrl_controller_phy_inst|alt_mem_phy_inst|micron_ctrl_phy_ck_p_mem_clk[0]_tDQSS'
Slack : 0.981
TNS   : 0.000

Type  : Fast 1100mV 0C Model Hold 'micron_ctrl_inst|micron_ctrl_controller_phy_inst|alt_mem_phy_inst|micron_ctrl_phy_ck_n_mem_clk_n[0]_tDQSS'
Slack : 0.984
TNS   : 0.000

Type  : Fast 1100mV 0C Model Hold 'micron_ctrl_inst|micron_ctrl_controller_phy_inst|alt_mem_phy_inst|micron_ctrl_phy_ck_p_mem_clk[0]_tDSS'
Slack : 1.203
TNS   : 0.000

Type  : Fast 1100mV 0C Model Hold 'micron_ctrl_inst|micron_ctrl_controller_phy_inst|alt_mem_phy_inst|micron_ctrl_phy_ck_n_mem_clk_n[0]_tDSS'
Slack : 1.206
TNS   : 0.000

Type  : Fast 1100mV 0C Model Hold 'micron_ctrl_inst|micron_ctrl_controller_phy_inst|alt_mem_phy_inst|micron_ctrl_phy_ck_p_mem_clk[0]_ac_fall'
Slack : 1.467
TNS   : 0.000

Type  : Fast 1100mV 0C Model Hold 'micron_ctrl_inst|micron_ctrl_controller_phy_inst|alt_mem_phy_inst|micron_ctrl_phy_ck_n_mem_clk_n[0]_ac_fall'
Slack : 1.470
TNS   : 0.000

Type  : Fast 1100mV 0C Model Hold 'micron_ctrl_inst|micron_ctrl_controller_phy_inst|alt_mem_phy_inst|micron_ctrl_phy_ck_p_mem_clk[0]_ac_rise'
Slack : 1.493
TNS   : 0.000

Type  : Fast 1100mV 0C Model Hold 'micron_ctrl_inst|micron_ctrl_controller_phy_inst|alt_mem_phy_inst|micron_ctrl_phy_ck_n_mem_clk_n[0]_ac_rise'
Slack : 1.496
TNS   : 0.000

Type  : Fast 1100mV 0C Model Hold 'micron_ctrl_inst|micron_ctrl_controller_phy_inst|alt_mem_phy_inst|micron_ctrl_phy_alt_mem_phy_inst|clk|half_rate.pll|altpll_component|auto_generated|pll1|clk[3]'
Slack : 2.119
TNS   : 0.000

Type  : Fast 1100mV 0C Model Hold 'micron_ctrl_inst|micron_ctrl_controller_phy_inst|alt_mem_phy_inst|micron_ctrl_phy_alt_mem_phy_inst|clk|half_rate.pll|altpll_component|auto_generated|pll1|clk[4]'
Slack : 2.287
TNS   : 0.000

Type  : Fast 1100mV 0C Model Hold 'micron_ctrl_inst|micron_ctrl_controller_phy_inst|alt_mem_phy_inst|micron_ctrl_phy_ddr_dqsin_mem_dqs[0]'
Slack : 2.602
TNS   : 0.000

Type  : Fast 1100mV 0C Model Hold 'micron_ctrl_inst|micron_ctrl_controller_phy_inst|alt_mem_phy_inst|micron_ctrl_phy_ddr_dqsin_mem_dqs[1]'
Slack : 2.602
TNS   : 0.000

Type  : Fast 1100mV 0C Model Hold 'micron_ctrl_inst|micron_ctrl_controller_phy_inst|alt_mem_phy_inst|micron_ctrl_phy_alt_mem_phy_inst|dpio|ddr_clkdiv_gen.grp_gen[0].slaves_gen[1].clk_div_slave|clkout'
Slack : 2.646
TNS   : 0.000

Type  : Fast 1100mV 0C Model Hold 'micron_ctrl_inst|micron_ctrl_controller_phy_inst|alt_mem_phy_inst|micron_ctrl_phy_alt_mem_phy_inst|dpio|ddr_clkdiv_gen.grp_gen[1].slaves_gen[1].clk_div_slave|clkout'
Slack : 2.646
TNS   : 0.000

Type  : Fast 1100mV 0C Model Hold 'i_rc_pll|altpll_component|auto_generated|pll1|clk[4]'
Slack : 2.895
TNS   : 0.000

Type  : Fast 1100mV 0C Model Hold 'i_adc_pll|altpll_component|auto_generated|pll1|clk[4]'
Slack : 6.559
TNS   : 0.000

Type  : Fast 1100mV 0C Model Recovery 'micron_ctrl_inst|micron_ctrl_controller_phy_inst|alt_mem_phy_inst|micron_ctrl_phy_alt_mem_phy_inst|clk|half_rate.pll|altpll_component|auto_generated|pll1|clk[0]'
Slack : 3.134
TNS   : 0.000

Type  : Fast 1100mV 0C Model Recovery 'micron_ctrl_inst|micron_ctrl_controller_phy_inst|alt_mem_phy_inst|micron_ctrl_phy_alt_mem_phy_inst|clk|half_rate.pll|altpll_component|auto_generated|pll1|clk[6]'
Slack : 8.109
TNS   : 0.000

Type  : Fast 1100mV 0C Model Recovery 'micron_ctrl_inst|micron_ctrl_controller_phy_inst|alt_mem_phy_inst|micron_ctrl_phy_alt_mem_phy_inst|dpio|ddr_clkdiv_gen.clk_div_master|clkout'
Slack : 8.977
TNS   : 0.000

Type  : Fast 1100mV 0C Model Recovery 'micron_ctrl_inst|micron_ctrl_controller_phy_inst|alt_mem_phy_inst|micron_ctrl_phy_alt_mem_phy_inst|dpio|ddr_clkdiv_gen.grp_gen[1].slaves_gen[0].clk_div_slave|clkout'
Slack : 8.999
TNS   : 0.000

Type  : Fast 1100mV 0C Model Recovery 'micron_ctrl_inst|micron_ctrl_controller_phy_inst|alt_mem_phy_inst|micron_ctrl_phy_alt_mem_phy_inst|clk|half_rate.pll|altpll_component|auto_generated|pll1|clk[5]'
Slack : 9.341
TNS   : 0.000

Type  : Fast 1100mV 0C Model Recovery 'micron_ctrl_inst|micron_ctrl_controller_phy_inst|alt_mem_phy_inst|micron_ctrl_phy_alt_mem_phy_inst|clk|scan_clk|q_clock'
Slack : 18.634
TNS   : 0.000

Type  : Fast 1100mV 0C Model Recovery 'i_rc_pll|altpll_component|auto_generated|pll1|clk[0]'
Slack : 19.053
TNS   : 0.000

Type  : Fast 1100mV 0C Model Removal 'micron_ctrl_inst|micron_ctrl_controller_phy_inst|alt_mem_phy_inst|micron_ctrl_phy_alt_mem_phy_inst|dpio|ddr_clkdiv_gen.grp_gen[1].slaves_gen[0].clk_div_slave|clkout'
Slack : 0.206
TNS   : 0.000

Type  : Fast 1100mV 0C Model Removal 'micron_ctrl_inst|micron_ctrl_controller_phy_inst|alt_mem_phy_inst|micron_ctrl_phy_alt_mem_phy_inst|clk|half_rate.pll|altpll_component|auto_generated|pll1|clk[5]'
Slack : 0.389
TNS   : 0.000

Type  : Fast 1100mV 0C Model Removal 'micron_ctrl_inst|micron_ctrl_controller_phy_inst|alt_mem_phy_inst|micron_ctrl_phy_alt_mem_phy_inst|clk|half_rate.pll|altpll_component|auto_generated|pll1|clk[0]'
Slack : 0.404
TNS   : 0.000

Type  : Fast 1100mV 0C Model Removal 'micron_ctrl_inst|micron_ctrl_controller_phy_inst|alt_mem_phy_inst|micron_ctrl_phy_alt_mem_phy_inst|dpio|ddr_clkdiv_gen.clk_div_master|clkout'
Slack : 0.486
TNS   : 0.000

Type  : Fast 1100mV 0C Model Removal 'i_rc_pll|altpll_component|auto_generated|pll1|clk[0]'
Slack : 0.646
TNS   : 0.000

Type  : Fast 1100mV 0C Model Removal 'micron_ctrl_inst|micron_ctrl_controller_phy_inst|alt_mem_phy_inst|micron_ctrl_phy_alt_mem_phy_inst|clk|half_rate.pll|altpll_component|auto_generated|pll1|clk[6]'
Slack : 0.932
TNS   : 0.000

Type  : Fast 1100mV 0C Model Removal 'micron_ctrl_inst|micron_ctrl_controller_phy_inst|alt_mem_phy_inst|micron_ctrl_phy_alt_mem_phy_inst|clk|scan_clk|q_clock'
Slack : 1.078
TNS   : 0.000

Type  : Fast 1100mV 0C Model Minimum Pulse Width 'i_adc_pll|altpll_component|auto_generated|pll1|clk[0]'
Slack : 0.419
TNS   : 0.000

Type  : Fast 1100mV 0C Model Minimum Pulse Width 'micron_ctrl_inst|micron_ctrl_controller_phy_inst|alt_mem_phy_inst|micron_ctrl_phy_alt_mem_phy_inst|clk|half_rate.pll|altpll_component|auto_generated|pll1|clk[4]'
Slack : 1.773
TNS   : 0.000

Type  : Fast 1100mV 0C Model Minimum Pulse Width 'micron_ctrl_inst|micron_ctrl_controller_phy_inst|alt_mem_phy_inst|micron_ctrl_phy_ddr_dqsin_mem_dqs[0]'
Slack : 1.942
TNS   : 0.000

Type  : Fast 1100mV 0C Model Minimum Pulse Width 'micron_ctrl_inst|micron_ctrl_controller_phy_inst|alt_mem_phy_inst|micron_ctrl_phy_ddr_dqsin_mem_dqs[1]'
Slack : 1.942
TNS   : 0.000

Type  : Fast 1100mV 0C Model Minimum Pulse Width 'micron_ctrl_inst|micron_ctrl_controller_phy_inst|alt_mem_phy_inst|micron_ctrl_phy_alt_mem_phy_inst|clk|half_rate.pll|altpll_component|auto_generated|pll1|clk[1]'
Slack : 1.983
TNS   : 0.000

Type  : Fast 1100mV 0C Model Minimum Pulse Width 'micron_ctrl_inst|micron_ctrl_controller_phy_inst|alt_mem_phy_inst|micron_ctrl_phy_alt_mem_phy_inst|clk|half_rate.pll|altpll_component|auto_generated|pll1|clk[3]'
Slack : 2.126
TNS   : 0.000

Type  : Fast 1100mV 0C Model Minimum Pulse Width 'i_adc_pll|altpll_component|auto_generated|pll1|clk[2]'
Slack : 3.230
TNS   : 0.000

Type  : Fast 1100mV 0C Model Minimum Pulse Width 'i_adc_pll|altpll_component|auto_generated|pll1|clk[3]'
Slack : 3.230
TNS   : 0.000

Type  : Fast 1100mV 0C Model Minimum Pulse Width 'i_adc_pll|altpll_component|auto_generated|pll1|clk[4]'
Slack : 3.231
TNS   : 0.000

Type  : Fast 1100mV 0C Model Minimum Pulse Width 'micron_ctrl_inst|micron_ctrl_controller_phy_inst|alt_mem_phy_inst|micron_ctrl_phy_alt_mem_phy_inst|clk|half_rate.pll|altpll_component|auto_generated|pll1|clk[0]'
Slack : 4.151
TNS   : 0.000

Type  : Fast 1100mV 0C Model Minimum Pulse Width 'i_rc_pll|altpll_component|auto_generated|pll1|clk[2]'
Slack : 4.164
TNS   : 0.000

Type  : Fast 1100mV 0C Model Minimum Pulse Width 'micron_ctrl_inst|micron_ctrl_controller_phy_inst|alt_mem_phy_inst|micron_ctrl_phy_alt_mem_phy_inst|dpio|ddr_clkdiv_gen.clk_div_master|clkout'
Slack : 4.197
TNS   : 0.000

Type  : Fast 1100mV 0C Model Minimum Pulse Width 'micron_ctrl_inst|micron_ctrl_controller_phy_inst|alt_mem_phy_inst|micron_ctrl_phy_alt_mem_phy_inst|dpio|ddr_clkdiv_gen.grp_gen[1].slaves_gen[0].clk_div_slave|clkout'
Slack : 4.203
TNS   : 0.000

Type  : Fast 1100mV 0C Model Minimum Pulse Width 'micron_ctrl_inst|micron_ctrl_controller_phy_inst|alt_mem_phy_inst|micron_ctrl_phy_alt_mem_phy_inst|dpio|ddr_clkdiv_gen.grp_gen[0].slaves_gen[1].clk_div_slave|clkout'
Slack : 4.234
TNS   : 0.000

Type  : Fast 1100mV 0C Model Minimum Pulse Width 'micron_ctrl_inst|micron_ctrl_controller_phy_inst|alt_mem_phy_inst|micron_ctrl_phy_alt_mem_phy_inst|dpio|ddr_clkdiv_gen.grp_gen[1].slaves_gen[1].clk_div_slave|clkout'
Slack : 4.234
TNS   : 0.000

Type  : Fast 1100mV 0C Model Minimum Pulse Width 'micron_ctrl_inst|micron_ctrl_controller_phy_inst|alt_mem_phy_inst|micron_ctrl_phy_alt_mem_phy_inst|clk|half_rate.pll|altpll_component|auto_generated|pll1|clk[6]'
Slack : 4.632
TNS   : 0.000

Type  : Fast 1100mV 0C Model Minimum Pulse Width 'micron_ctrl_inst|micron_ctrl_controller_phy_inst|alt_mem_phy_inst|micron_ctrl_phy_alt_mem_phy_inst|clk|half_rate.pll|altpll_component|auto_generated|pll1|clk[5]'
Slack : 4.636
TNS   : 0.000

Type  : Fast 1100mV 0C Model Minimum Pulse Width 'micron_ctrl_inst|micron_ctrl_controller_phy_inst|alt_mem_phy_inst|micron_ctrl_phy_alt_mem_phy_inst|clk|scan_clk|q_clock'
Slack : 8.909
TNS   : 0.000

Type  : Fast 1100mV 0C Model Minimum Pulse Width 'i_rc_pll|altpll_component|auto_generated|pll1|clk[0]'
Slack : 9.140
TNS   : 0.000

Type  : Fast 1100mV 0C Model Minimum Pulse Width 'i_rc_pll|altpll_component|auto_generated|pll1|clk[4]'
Slack : 9.634
TNS   : 0.000

Type  : Fast 1100mV 0C Model Minimum Pulse Width 'adc_fco'
Slack : 9.981
TNS   : 0.000

Type  : Fast 1100mV 0C Model Minimum Pulse Width 'inclk'
Slack : 19.950
TNS   : 0.000

Type  : Fast 1100mV 0C Model Minimum Pulse Width 'inclk_ddr'
Slack : 19.952
TNS   : 0.000

Type  : Fast 1100mV 0C Model Minimum Pulse Width 'i_rc_pll|altpll_component|auto_generated|pll1|clk[3]'
Slack : 39.635
TNS   : 0.000

------------------------------------------------------------
